<html>
<body>
<pre>
<h1>µVision Build Log</h1>
<h2>Tool Versions:</h2>
IDE-Version: ¦ÌVision V5.41.0.0
Copyright (C) 2024 ARM Ltd and ARM Germany GmbH. All rights reserved.
License Information: 1 2993482892@qq.com, 1, LIC=YA39H-W488B-457T5-GY6WN-GN90G-XXA7E
 
Tool Versions:
Toolchain:       MDK-ARM Plus  Version: 5.41.0.0
Toolchain Path:  D:\ProgrammingTool\C32\Core\ARM\ARMCLANG\Bin
C Compiler:      ArmClang.exe V6.22
Assembler:       Armasm.exe V6.22
Linker/Locator:  ArmLink.exe V6.22
Library Manager: ArmAr.exe V6.22
Hex Converter:   FromElf.exe V6.22
CPU DLL:         SARMCM3.DLL V5.41.0.0
Dialog DLL:      DARMCM1.DLL V1.19.6.0
Target DLL:      Segger\JL2CM3.dll V2.97.0.0
Dialog DLL:      TARMCM1.DLL V1.14.6.0
 
<h2>Project:</h2>
D:\desktop\TI\Template\keil\empty_LP_MSPM0G3507_nortos_keil.uvprojx
Project File Date:  07/21/2025

<h2>Output:</h2>
*** Using Compiler 'V6.22', folder: 'D:\ProgrammingTool\C32\Core\ARM\ARMCLANG\Bin'
Build target 'empty_LP_MSPM0G3507_nortos_keil'
uart.c(62): warning: passing 'unsigned char[100]' to parameter of type 'const char *' converts between pointers to integer types where one is of the unique plain 'char' type and the other is not [-Wpointer-sign]
   62 |                 unsigned char len = strlen(Rx);
      |                                            ^~
D:\ProgrammingTool\C32\Core\ARM\ARMCLANG\bin\..\include\string.h(335): note: passing argument to parameter here
  335 | extern _ARMABI size_t strlen(const char * /*s*/) __attribute__((__nonnull__(1)));
      |                                                ^
1 warning generated.
compiling uart.c...
compiling key.c...
compiling empty.c...
compiling adc.c...
compiling ti_msp_dl_config.c...
compiling tim.c...
compiling led.c...
compiling IMU.c...
linking...
Program Size: Code=9276 RO-data=960 RW-data=8 ZI-data=1384  
FromELF: creating hex file...
".\Objects\empty_LP_MSPM0G3507_nortos_keil.axf" - 0 Error(s), 1 Warning(s).

<h2>Software Packages used:</h2>

Package Vendor: TexasInstruments
                https://software-dl.ti.com/msp430/esd/MSPM0-CMSIS/MSPM0G1X0X_G3X0X/latest/exports/TexasInstruments.MSPM0G1X0X_G3X0X_DFP.1.3.1.pack
                TexasInstruments::MSPM0G1X0X_G3X0X_DFP@1.3.1
                Device Family Pack for Texas Instruments MSPM0G1X0X_G3X0X Series

<h2>Collection of Component include folders:</h2>

<h2>Collection of Component Files used:</h2>
Build Time Elapsed:  00:00:02
</pre>
</body>
</html>
