Component: Arm Compiler for Embedded 6.22 Tool: armlink [5ee90200]

==============================================================================

Section Cross References

    empty.o(.text.main) refers to ti_msp_dl_config.o(.text.SYSCFG_DL_init) for SYSCFG_DL_init
    empty.o(.text.main) refers to tim.o(.text.TIM_Init) for TIM_Init
    empty.o(.text.main) refers to adc.o(.text.ADC_Init) for ADC_Init
    empty.o(.text.main) refers to imu.o(.text.IMU_Init) for IMU_Init
    empty.o(.text.main) refers to uart.o(.text.UART_Init) for UART_Init
    empty.o(.text.main) refers to key.o(.text.key_proc) for key_proc
    empty.o(.ARM.exidx.text.main) refers to empty.o(.text.main) for [Anonymous Symbol]
    empty.o(.text.SysTick_Handler) refers to empty.o(.bss.delay_times) for delay_times
    empty.o(.ARM.exidx.text.SysTick_Handler) refers to empty.o(.text.SysTick_Handler) for [Anonymous Symbol]
    empty.o(.text.TIMA0_IRQHandler) refers to uart.o(.text.uart_proc) for uart_proc
    empty.o(.text.TIMA0_IRQHandler) refers to imu.o(.text.imu_proc) for imu_proc
    empty.o(.text.TIMA0_IRQHandler) refers to empty.o(.bss.uartTick) for uartTick
    empty.o(.text.TIMA0_IRQHandler) refers to empty.o(.bss.imuTick) for imuTick
    empty.o(.ARM.exidx.text.TIMA0_IRQHandler) refers to empty.o(.text.TIMA0_IRQHandler) for [Anonymous Symbol]
    empty.o(.ARM.exidx.text.TIMG0_IRQHandler) refers to empty.o(.text.TIMG0_IRQHandler) for [Anonymous Symbol]
    empty.o(.text.delay_ms) refers to empty.o(.bss.delay_times) for delay_times
    empty.o(.ARM.exidx.text.delay_ms) refers to empty.o(.text.delay_ms) for [Anonymous Symbol]
    startup_mspm0g350x_uvision.o(RESET) refers to startup_mspm0g350x_uvision.o(STACK) for __initial_sp
    startup_mspm0g350x_uvision.o(RESET) refers to startup_mspm0g350x_uvision.o(.text) for Reset_Handler
    startup_mspm0g350x_uvision.o(RESET) refers to empty.o(.text.SysTick_Handler) for SysTick_Handler
    startup_mspm0g350x_uvision.o(RESET) refers to adc.o(.text.ADC0_IRQHandler) for ADC0_IRQHandler
    startup_mspm0g350x_uvision.o(RESET) refers to uart.o(.text.UART1_IRQHandler) for UART1_IRQHandler
    startup_mspm0g350x_uvision.o(RESET) refers to uart.o(.text.UART0_IRQHandler) for UART0_IRQHandler
    startup_mspm0g350x_uvision.o(RESET) refers to empty.o(.text.TIMG0_IRQHandler) for TIMG0_IRQHandler
    startup_mspm0g350x_uvision.o(RESET) refers to empty.o(.text.TIMA0_IRQHandler) for TIMA0_IRQHandler
    startup_mspm0g350x_uvision.o(.text) refers to entry.o(.ARM.Collect$$$$00000000) for __main
    ti_msp_dl_config.o(.text.SYSCFG_DL_init) refers to ti_msp_dl_config.o(.text.SYSCFG_DL_initPower) for SYSCFG_DL_initPower
    ti_msp_dl_config.o(.text.SYSCFG_DL_init) refers to ti_msp_dl_config.o(.text.SYSCFG_DL_GPIO_init) for SYSCFG_DL_GPIO_init
    ti_msp_dl_config.o(.text.SYSCFG_DL_init) refers to ti_msp_dl_config.o(.text.SYSCFG_DL_SYSCTL_init) for SYSCFG_DL_SYSCTL_init
    ti_msp_dl_config.o(.text.SYSCFG_DL_init) refers to ti_msp_dl_config.o(.text.SYSCFG_DL_PWM_0_init) for SYSCFG_DL_PWM_0_init
    ti_msp_dl_config.o(.text.SYSCFG_DL_init) refers to ti_msp_dl_config.o(.text.SYSCFG_DL_TIMER_1ms_init) for SYSCFG_DL_TIMER_1ms_init
    ti_msp_dl_config.o(.text.SYSCFG_DL_init) refers to ti_msp_dl_config.o(.text.SYSCFG_DL_TIMER_1s_init) for SYSCFG_DL_TIMER_1s_init
    ti_msp_dl_config.o(.text.SYSCFG_DL_init) refers to ti_msp_dl_config.o(.text.SYSCFG_DL_UART_0_init) for SYSCFG_DL_UART_0_init
    ti_msp_dl_config.o(.text.SYSCFG_DL_init) refers to ti_msp_dl_config.o(.text.SYSCFG_DL_UART_1_init) for SYSCFG_DL_UART_1_init
    ti_msp_dl_config.o(.text.SYSCFG_DL_init) refers to ti_msp_dl_config.o(.text.SYSCFG_DL_ADC12_0_init) for SYSCFG_DL_ADC12_0_init
    ti_msp_dl_config.o(.text.SYSCFG_DL_init) refers to ti_msp_dl_config.o(.text.SYSCFG_DL_SYSTICK_init) for SYSCFG_DL_SYSTICK_init
    ti_msp_dl_config.o(.text.SYSCFG_DL_init) refers to ti_msp_dl_config.o(.bss.gTIMER_1msBackup) for gTIMER_1msBackup
    ti_msp_dl_config.o(.text.SYSCFG_DL_init) refers to ti_msp_dl_config.o(.bss.gPWM_0Backup) for gPWM_0Backup
    ti_msp_dl_config.o(.ARM.exidx.text.SYSCFG_DL_init) refers to ti_msp_dl_config.o(.text.SYSCFG_DL_init) for [Anonymous Symbol]
    ti_msp_dl_config.o(.text.SYSCFG_DL_initPower) refers to dl_common.o(.text.DL_Common_delayCycles) for DL_Common_delayCycles
    ti_msp_dl_config.o(.ARM.exidx.text.SYSCFG_DL_initPower) refers to ti_msp_dl_config.o(.text.SYSCFG_DL_initPower) for [Anonymous Symbol]
    ti_msp_dl_config.o(.ARM.exidx.text.SYSCFG_DL_GPIO_init) refers to ti_msp_dl_config.o(.text.SYSCFG_DL_GPIO_init) for [Anonymous Symbol]
    ti_msp_dl_config.o(.text.SYSCFG_DL_SYSCTL_init) refers to dl_sysctl_mspm0g1x0x_g3x0x.o(.text.DL_SYSCTL_configSYSPLL) for DL_SYSCTL_configSYSPLL
    ti_msp_dl_config.o(.text.SYSCFG_DL_SYSCTL_init) refers to dl_sysctl_mspm0g1x0x_g3x0x.o(.text.DL_SYSCTL_switchMCLKfromSYSOSCtoHSCLK) for DL_SYSCTL_switchMCLKfromSYSOSCtoHSCLK
[...]
    Removing dl_timer.o(.ARM.exidx.text.DL_Timer_getCaptureCompareOutCtl), (8 bytes).
    Removing dl_timer.o(.text.DL_Timer_setCaptureCompareAction), (36 bytes).
    Removing dl_timer.o(.ARM.exidx.text.DL_Timer_setCaptureCompareAction), (8 bytes).
    Removing dl_timer.o(.text.DL_Timer_getCaptureCompareAction), (24 bytes).
    Removing dl_timer.o(.ARM.exidx.text.DL_Timer_getCaptureCompareAction), (8 bytes).
    Removing dl_timer.o(.text.DL_Timer_overrideCCPOut), (32 bytes).
    Removing dl_timer.o(.ARM.exidx.text.DL_Timer_overrideCCPOut), (8 bytes).
    Removing dl_timer.o(.text.DL_Timer_getCaptureCompareInput), (16 bytes).
    Removing dl_timer.o(.ARM.exidx.text.DL_Timer_getCaptureCompareInput), (8 bytes).
    Removing dl_timer.o(.text.DL_Timer_setCaptureCompareInputFilter), (28 bytes).
    Removing dl_timer.o(.ARM.exidx.text.DL_Timer_setCaptureCompareInputFilter), (8 bytes).
    Removing dl_timer.o(.text.DL_Timer_getCaptureCompareInputFilter), (18 bytes).
    Removing dl_timer.o(.ARM.exidx.text.DL_Timer_getCaptureCompareInputFilter), (8 bytes).
    Removing dl_timer.o(.text.DL_Timer_enableCaptureCompareInputFilter), (20 bytes).
    Removing dl_timer.o(.ARM.exidx.text.DL_Timer_enableCaptureCompareInputFilter), (8 bytes).
    Removing dl_timer.o(.text.DL_Timer_disableCaptureCompareInputFilter), (20 bytes).
    Removing dl_timer.o(.ARM.exidx.text.DL_Timer_disableCaptureCompareInputFilter), (8 bytes).
    Removing dl_timer.o(.text.DL_Timer_isCaptureCompareInputFilterEnabled), (20 bytes).
    Removing dl_timer.o(.ARM.exidx.text.DL_Timer_isCaptureCompareInputFilterEnabled), (8 bytes).
    Removing dl_timer.o(.text.DL_Timer_saveConfiguration), (236 bytes).
    Removing dl_timer.o(.ARM.exidx.text.DL_Timer_saveConfiguration), (8 bytes).
    Removing dl_timer.o(.text.DL_Timer_restoreConfiguration), (244 bytes).
    Removing dl_timer.o(.ARM.exidx.text.DL_Timer_restoreConfiguration), (8 bytes).
    Removing dl_timer.o(.ARM.exidx.text.DL_Timer_initFourCCPWMMode), (8 bytes).
    Removing dl_timer.o(.text.DL_Timer_setFaultSourceConfig), (44 bytes).
    Removing dl_timer.o(.ARM.exidx.text.DL_Timer_setFaultSourceConfig), (8 bytes).
    Removing dl_timer.o(.text.DL_Timer_getFaultSourceConfig), (32 bytes).
    Removing dl_timer.o(.ARM.exidx.text.DL_Timer_getFaultSourceConfig), (8 bytes).
    Removing dl_timer.o(.text.DL_TimerA_saveConfiguration), (264 bytes).
    Removing dl_timer.o(.ARM.exidx.text.DL_TimerA_saveConfiguration), (8 bytes).
    Removing dl_timer.o(.text.DL_TimerA_restoreConfiguration), (276 bytes).
    Removing dl_timer.o(.ARM.exidx.text.DL_TimerA_restoreConfiguration), (8 bytes).
    Removing dl_timer.o(.text.DL_Timer_configQEIHallInputMode), (36 bytes).
    Removing dl_timer.o(.ARM.exidx.text.DL_Timer_configQEIHallInputMode), (8 bytes).
    Removing dl_timer.o(.rodata..Lswitch.table.DL_Timer_initCompareMode), (12 bytes).
    Removing dl_uart.o(.text), (0 bytes).
    Removing dl_uart.o(.ARM.exidx.text.DL_UART_init), (8 bytes).
    Removing dl_uart.o(.ARM.exidx.text.DL_UART_setClockConfig), (8 bytes).
    Removing dl_uart.o(.text.DL_UART_getClockConfig), (16 bytes).
    Removing dl_uart.o(.ARM.exidx.text.DL_UART_getClockConfig), (8 bytes).
    Removing dl_uart.o(.text.DL_UART_configBaudRate), (140 bytes).
    Removing dl_uart.o(.ARM.exidx.text.DL_UART_configBaudRate), (8 bytes).
    Removing dl_uart.o(.text.DL_UART_configIrDAMode), (60 bytes).
    Removing dl_uart.o(.ARM.exidx.text.DL_UART_configIrDAMode), (8 bytes).
    Removing dl_uart.o(.text.DL_UART_setIrDAPulseLength), (42 bytes).
    Removing dl_uart.o(.ARM.exidx.text.DL_UART_setIrDAPulseLength), (8 bytes).
    Removing dl_uart.o(.text.DL_UART_receiveDataBlocking), (20 bytes).
    Removing dl_uart.o(.ARM.exidx.text.DL_UART_receiveDataBlocking), (8 bytes).
    Removing dl_uart.o(.ARM.exidx.text.DL_UART_transmitDataBlocking), (8 bytes).
    Removing dl_uart.o(.text.DL_UART_receiveDataCheck), (28 bytes).
    Removing dl_uart.o(.ARM.exidx.text.DL_UART_receiveDataCheck), (8 bytes).
    Removing dl_uart.o(.text.DL_UART_transmitDataCheck), (24 bytes).
    Removing dl_uart.o(.ARM.exidx.text.DL_UART_transmitDataCheck), (8 bytes).
    Removing dl_uart.o(.text.DL_UART_drainRXFIFO), (40 bytes).
    Removing dl_uart.o(.ARM.exidx.text.DL_UART_drainRXFIFO), (8 bytes).
    Removing dl_uart.o(.text.DL_UART_fillTXFIFO), (40 bytes).
    Removing dl_uart.o(.ARM.exidx.text.DL_UART_fillTXFIFO), (8 bytes).
    Removing dl_uart.o(.text.DL_UART_Main_saveConfiguration), (88 bytes).
    Removing dl_uart.o(.ARM.exidx.text.DL_UART_Main_saveConfiguration), (8 bytes).
    Removing dl_uart.o(.text.DL_UART_Main_restoreConfiguration), (120 bytes).
    Removing dl_uart.o(.ARM.exidx.text.DL_UART_Main_restoreConfiguration), (8 bytes).
    Removing dl_uart.o(.text.DL_UART_Extend_saveConfiguration), (104 bytes).
    Removing dl_uart.o(.ARM.exidx.text.DL_UART_Extend_saveConfiguration), (8 bytes).
    Removing dl_uart.o(.text.DL_UART_Extend_restoreConfiguration), (132 bytes).
    Removing dl_uart.o(.ARM.exidx.text.DL_UART_Extend_restoreConfiguration), (8 bytes).
    Removing dl_sysctl_mspm0g1x0x_g3x0x.o(.text), (0 bytes).
    Removing dl_sysctl_mspm0g1x0x_g3x0x.o(.ARM.exidx.text.DL_SYSCTL_configSYSPLL), (8 bytes).
    Removing dl_sysctl_mspm0g1x0x_g3x0x.o(.text.DL_SYSCTL_setLFCLKSourceLFXT), (80 bytes).
    Removing dl_sysctl_mspm0g1x0x_g3x0x.o(.ARM.exidx.text.DL_SYSCTL_setLFCLKSourceLFXT), (8 bytes).
    Removing dl_sysctl_mspm0g1x0x_g3x0x.o(.text.DL_SYSCTL_switchMCLKfromSYSOSCtoLFCLK), (60 bytes).
    Removing dl_sysctl_mspm0g1x0x_g3x0x.o(.ARM.exidx.text.DL_SYSCTL_switchMCLKfromSYSOSCtoLFCLK), (8 bytes).
    Removing dl_sysctl_mspm0g1x0x_g3x0x.o(.text.DL_SYSCTL_switchMCLKfromLFCLKtoSYSOSC), (40 bytes).
    Removing dl_sysctl_mspm0g1x0x_g3x0x.o(.ARM.exidx.text.DL_SYSCTL_switchMCLKfromLFCLKtoSYSOSC), (8 bytes).
    Removing dl_sysctl_mspm0g1x0x_g3x0x.o(.ARM.exidx.text.DL_SYSCTL_switchMCLKfromSYSOSCtoHSCLK), (8 bytes).
    Removing dl_sysctl_mspm0g1x0x_g3x0x.o(.text.DL_SYSCTL_switchMCLKfromHSCLKtoSYSOSC), (32 bytes).
    Removing dl_sysctl_mspm0g1x0x_g3x0x.o(.ARM.exidx.text.DL_SYSCTL_switchMCLKfromHSCLKtoSYSOSC), (8 bytes).
    Removing dl_sysctl_mspm0g1x0x_g3x0x.o(.text.DL_SYSCTL_setHFCLKSourceHFXT), (76 bytes).
    Removing dl_sysctl_mspm0g1x0x_g3x0x.o(.ARM.exidx.text.DL_SYSCTL_setHFCLKSourceHFXT), (8 bytes).
    Removing dl_sysctl_mspm0g1x0x_g3x0x.o(.text.DL_SYSCTL_setHFCLKSourceHFXTParams), (84 bytes).
    Removing dl_sysctl_mspm0g1x0x_g3x0x.o(.ARM.exidx.text.DL_SYSCTL_setHFCLKSourceHFXTParams), (8 bytes).
    Removing dl_sysctl_mspm0g1x0x_g3x0x.o(.text.DL_SYSCTL_configFCC), (28 bytes).
    Removing dl_sysctl_mspm0g1x0x_g3x0x.o(.ARM.exidx.text.DL_SYSCTL_configFCC), (8 bytes).
    Removing dl_sysctl_mspm0g1x0x_g3x0x.o(.text.DL_SYSCTL_getPowerPolicyRUNSLEEP), (48 bytes).
    Removing dl_sysctl_mspm0g1x0x_g3x0x.o(.ARM.exidx.text.DL_SYSCTL_getPowerPolicyRUNSLEEP), (8 bytes).
    Removing dl_sysctl_mspm0g1x0x_g3x0x.o(.text.DL_SYSCTL_getPowerPolicySTOP), (52 bytes).
    Removing dl_sysctl_mspm0g1x0x_g3x0x.o(.ARM.exidx.text.DL_SYSCTL_getPowerPolicySTOP), (8 bytes).
    Removing dl_sysctl_mspm0g1x0x_g3x0x.o(.text.DL_SYSCTL_getPowerPolicySTANDBY), (40 bytes).
    Removing dl_sysctl_mspm0g1x0x_g3x0x.o(.ARM.exidx.text.DL_SYSCTL_getPowerPolicySTANDBY), (8 bytes).
    Removing dfltui.o(.text), (28 bytes).
    Removing d2f.o(.text), (56 bytes).

245 unused section(s) (total 6901 bytes) removed from the image.

==============================================================================

Image Symbol Table

    Local Symbols

    Symbol Name                              Value     Ov Type        Size  Object(Section)

    ../clib/division.s                       0x00000000   Number         0  aeabi_sdivfast.o ABSOLUTE
    ../clib/division.s                       0x00000000   Number         0  aeabi_sdivfast_div0.o ABSOLUTE
    ../clib/microlib/division.c              0x00000000   Number         0  uidiv.o ABSOLUTE
    ../clib/microlib/division.c              0x00000000   Number         0  uidiv_div0.o ABSOLUTE
    ../clib/microlib/division.c              0x00000000   Number         0  idiv_div0.o ABSOLUTE
    ../clib/microlib/division.c              0x00000000   Number         0  idiv0.o ABSOLUTE
    ../clib/microlib/division.c              0x00000000   Number         0  uldiv.o ABSOLUTE
    ../clib/microlib/init/entry.s            0x00000000   Number         0  entry.o ABSOLUTE
    ../clib/microlib/init/entry.s            0x00000000   Number         0  entry2.o ABSOLUTE
    ../clib/microlib/init/entry.s            0x00000000   Number         0  entry5.o ABSOLUTE
    ../clib/microlib/init/entry.s            0x00000000   Number         0  entry7a.o ABSOLUTE
    ../clib/microlib/init/entry.s            0x00000000   Number         0  entry7b.o ABSOLUTE
    ../clib/microlib/init/entry.s            0x00000000   Number         0  entry8a.o ABSOLUTE
    ../clib/microlib/init/entry.s            0x00000000   Number         0  entry8b.o ABSOLUTE
    ../clib/microlib/init/entry.s            0x00000000   Number         0  entry9a.o ABSOLUTE
    ../clib/microlib/init/entry.s            0x00000000   Number         0  entry9b.o ABSOLUTE
    ../clib/microlib/init/entry.s            0x00000000   Number         0  entry10a.o ABSOLUTE
    ../clib/microlib/init/entry.s            0x00000000   Number         0  entry10b.o ABSOLUTE
    ../clib/microlib/init/entry.s            0x00000000   Number         0  entry11a.o ABSOLUTE
    ../clib/microlib/init/entry.s            0x00000000   Number         0  entry11b.o ABSOLUTE
    ../clib/microlib/longlong.c              0x00000000   Number         0  llshl.o ABSOLUTE
    ../clib/microlib/longlong.c              0x00000000   Number         0  llushr.o ABSOLUTE
    ../clib/microlib/longlong.c              0x00000000   Number         0  llsshr.o ABSOLUTE
    ../clib/microlib/printf/printf.c         0x00000000   Number         0  printfb.o ABSOLUTE
    ../clib/microlib/printf/printf.c         0x00000000   Number         0  printf0.o ABSOLUTE
    ../clib/microlib/printf/printf.c         0x00000000   Number         0  printf1.o ABSOLUTE
    ../clib/microlib/printf/printf.c         0x00000000   Number         0  printf2.o ABSOLUTE
    ../clib/microlib/printf/printf.c         0x00000000   Number         0  printf3.o ABSOLUTE
    ../clib/microlib/printf/printf.c         0x00000000   Number         0  printf4.o ABSOLUTE
    ../clib/microlib/printf/printf.c         0x00000000   Number         0  printf5.o ABSOLUTE
    ../clib/microlib/printf/printf.c         0x00000000   Number         0  printf6.o ABSOLUTE
    ../clib/microlib/printf/printf.c         0x00000000   Number         0  printf7.o ABSOLUTE
    ../clib/microlib/printf/printf.c         0x00000000   Number         0  printf8.o ABSOLUTE
    ../clib/microlib/printf/printf.c         0x00000000   Number         0  printfa.o ABSOLUTE
    ../clib/microlib/printf/stubs.s          0x00000000   Number         0  printfstubs.o ABSOLUTE
    ../clib/microlib/stdio/streams.c         0x00000000   Number         0  stdout.o ABSOLUTE
    ../clib/microlib/string/memcpy.c         0x00000000   Number         0  memcpya.o ABSOLUTE
    ../clib/microlib/string/memcpy.c         0x00000000   Number         0  memcpyb.o ABSOLUTE
    ../clib/microlib/string/memset.c         0x00000000   Number         0  memseta.o ABSOLUTE
    ../clib/microlib/string/strlen.c         0x00000000   Number         0  strlen.o ABSOLUTE
    ../clib/microlib/stubs.s                 0x00000000   Number         0  iusefp.o ABSOLUTE
    ../fplib/microlib/d2f.c                  0x00000000   Number         0  d2f.o ABSOLUTE
    ../fplib/microlib/f2d.c                  0x00000000   Number         0  f2d.o ABSOLUTE
    ../fplib/microlib/fpadd.c                0x00000000   Number         0  dadd.o ABSOLUTE
    ../fplib/microlib/fpdiv.c                0x00000000   Number         0  ddiv.o ABSOLUTE
    ../fplib/microlib/fpepilogue.c           0x00000000   Number         0  fepilogue.o ABSOLUTE
    ../fplib/microlib/fpepilogue.c           0x00000000   Number         0  depilogue.o ABSOLUTE
    ../fplib/microlib/fpfix.c                0x00000000   Number         0  dfixul.o ABSOLUTE
    ../fplib/microlib/fpflt.c                0x00000000   Number         0  fflti.o ABSOLUTE
    ../fplib/microlib/fpflt.c                0x00000000   Number         0  dfltui.o ABSOLUTE
    ../fplib/microlib/fpmul.c                0x00000000   Number         0  fmul.o ABSOLUTE
    ../fplib/microlib/fpmul.c                0x00000000   Number         0  dmul.o ABSOLUTE
    IMU.c                                    0x00000000   Number         0  imu.o ABSOLUTE
    adc.c                                    0x00000000   Number         0  adc.o ABSOLUTE
    cdrcmple.s                               0x00000000   Number         0  cdrcmple.o ABSOLUTE
    dc.s                                     0x00000000   Number         0  dc.o ABSOLUTE
    dl_adc12.c                               0x00000000   Number         0  dl_adc12.o ABSOLUTE
    dl_common.c                              0x00000000   Number         0  dl_common.o ABSOLUTE
    dl_sysctl_mspm0g1x0x_g3x0x.c             0x00000000   Number         0  dl_sysctl_mspm0g1x0x_g3x0x.o ABSOLUTE
    dl_timer.c                               0x00000000   Number         0  dl_timer.o ABSOLUTE
    dl_uart.c                                0x00000000   Number         0  dl_uart.o ABSOLUTE
    empty.c                                  0x00000000   Number         0  empty.o ABSOLUTE
    handlers.s                               0x00000000   Number         0  handlers.o ABSOLUTE
    init.s                                   0x00000000   Number         0  init.o ABSOLUTE
    key.c                                    0x00000000   Number         0  key.o ABSOLUTE
    led.c                                    0x00000000   Number         0  led.o ABSOLUTE
    startup_mspm0g350x_uvision.s             0x00000000   Number         0  startup_mspm0g350x_uvision.o ABSOLUTE
    ti_msp_dl_config.c                       0x00000000   Number         0  ti_msp_dl_config.o ABSOLUTE
    tim.c                                    0x00000000   Number         0  tim.o ABSOLUTE
    uart.c                                   0x00000000   Number         0  uart.o ABSOLUTE
    wit_c_sdk.c                              0x00000000   Number         0  wit_c_sdk.o ABSOLUTE
    RESET                                    0x00000000   Section      192  startup_mspm0g350x_uvision.o(RESET)
    .ARM.Collect$$$$00000000                 0x000000c0   Section        0  entry.o(.ARM.Collect$$$$00000000)
    .ARM.Collect$$$$00000001                 0x000000c0   Section        4  entry2.o(.ARM.Collect$$$$00000001)
    .ARM.Collect$$$$00000004                 0x000000c4   Section        4  entry5.o(.ARM.Collect$$$$00000004)
    .ARM.Collect$$$$00000008                 0x000000c8   Section        0  entry7b.o(.ARM.Collect$$$$00000008)
    .ARM.Collect$$$$0000000A                 0x000000c8   Section        0  entry8b.o(.ARM.Collect$$$$0000000A)
    .ARM.Collect$$$$0000000B                 0x000000c8   Section        8  entry9a.o(.ARM.Collect$$$$0000000B)
    __lit__00000000                          0x000000d0   Data           4  entry2.o(.ARM.Collect$$$$00002712)
    .ARM.Collect$$$$0000000D                 0x000000d0   Section        0  entry10a.o(.ARM.Collect$$$$0000000D)
    .ARM.Collect$$$$0000000F                 0x000000d0   Section        0  entry11a.o(.ARM.Collect$$$$0000000F)
    .ARM.Collect$$$$00002712                 0x000000d0   Section        4  entry2.o(.ARM.Collect$$$$00002712)
    .text                                    0x000000d4   Section       20  startup_mspm0g350x_uvision.o(.text)
    .text                                    0x000000e8   Section        0  memcpya.o(.text)
    .text                                    0x0000010c   Section        0  memseta.o(.text)
    .text                                    0x00000130   Section        0  strlen.o(.text)
    .text                                    0x0000013e   Section        0  fmul.o(.text)
    .text                                    0x000001b8   Section        0  dmul.o(.text)
    .text                                    0x00000288   Section        0  ddiv.o(.text)
    .text                                    0x00000378   Section        0  fflti.o(.text)
    .text                                    0x0000038e   Section        0  f2d.o(.text)
    .text                                    0x000003b6   Section        0  uidiv_div0.o(.text)
    .text                                    0x000003f4   Section        0  uldiv.o(.text)
    .text                                    0x00000454   Section        0  iusefp.o(.text)
    .text                                    0x00000454   Section        0  fepilogue.o(.text)
    .text                                    0x000004d6   Section        0  depilogue.o(.text)
    .text                                    0x00000594   Section        0  dadd.o(.text)
    .text                                    0x000006f8   Section        0  dfixul.o(.text)
    .text                                    0x00000738   Section       40  cdrcmple.o(.text)
    .text                                    0x00000760   Section       48  init.o(.text)
    .text                                    0x00000790   Section        0  llshl.o(.text)
    .text                                    0x000007b0   Section        0  llushr.o(.text)
    .text                                    0x000007d2   Section        0  llsshr.o(.text)
    [Anonymous Symbol]                       0x000007f8   Section        0  adc.o(.text.ADC0_IRQHandler)
    __arm_cp.1_0                             0x0000080c   Number         4  adc.o(.text.ADC0_IRQHandler)
    __arm_cp.1_1                             0x00000810   Number         4  adc.o(.text.ADC0_IRQHandler)
    [Anonymous Symbol]                       0x00000814   Section        0  adc.o(.text.ADC_Init)
    __arm_cp.0_0                             0x00000828   Number         4  adc.o(.text.ADC_Init)
    __arm_cp.0_1                             0x0000082c   Number         4  adc.o(.text.ADC_Init)
    CopeWitData                              0x00000831   Thumb Code   168  wit_c_sdk.o(.text.CopeWitData)
    [Anonymous Symbol]                       0x00000830   Section        0  wit_c_sdk.o(.text.CopeWitData)
    __arm_cp.2_0                             0x000008d8   Number         4  wit_c_sdk.o(.text.CopeWitData)
    __arm_cp.2_1                             0x000008dc   Number         4  wit_c_sdk.o(.text.CopeWitData)
    __arm_cp.2_2                             0x000008e0   Number         4  wit_c_sdk.o(.text.CopeWitData)
    [Anonymous Symbol]                       0x000008e4   Section        0  dl_adc12.o(.text.DL_ADC12_setClockConfig)
    __arm_cp.0_0                             0x0000091c   Number         4  dl_adc12.o(.text.DL_ADC12_setClockConfig)
    __arm_cp.0_1                             0x00000920   Number         4  dl_adc12.o(.text.DL_ADC12_setClockConfig)
    [Anonymous Symbol]                       0x00000924   Section        0  dl_common.o(.text.DL_Common_delayCycles)
    [Anonymous Symbol]                       0x00000930   Section        0  dl_sysctl_mspm0g1x0x_g3x0x.o(.text.DL_SYSCTL_configSYSPLL)
    __arm_cp.0_0                             0x000009e4   Number         4  dl_sysctl_mspm0g1x0x_g3x0x.o(.text.DL_SYSCTL_configSYSPLL)
    __arm_cp.0_2                             0x000009e8   Number         4  dl_sysctl_mspm0g1x0x_g3x0x.o(.text.DL_SYSCTL_configSYSPLL)
    __arm_cp.0_3                             0x000009ec   Number         4  dl_sysctl_mspm0g1x0x_g3x0x.o(.text.DL_SYSCTL_configSYSPLL)
    __arm_cp.0_4                             0x000009f0   Number         4  dl_sysctl_mspm0g1x0x_g3x0x.o(.text.DL_SYSCTL_configSYSPLL)
    [Anonymous Symbol]                       0x000009f4   Section        0  dl_sysctl_mspm0g1x0x_g3x0x.o(.text.DL_SYSCTL_switchMCLKfromSYSOSCtoHSCLK)
    __arm_cp.4_0                             0x00000a14   Number         4  dl_sysctl_mspm0g1x0x_g3x0x.o(.text.DL_SYSCTL_switchMCLKfromSYSOSCtoHSCLK)
    __arm_cp.4_1                             0x00000a18   Number         4  dl_sysctl_mspm0g1x0x_g3x0x.o(.text.DL_SYSCTL_switchMCLKfromSYSOSCtoHSCLK)
    [Anonymous Symbol]                       0x00000a1c   Section        0  dl_timer.o(.text.DL_Timer_initFourCCPWMMode)
    __arm_cp.40_1                            0x00000b10   Number         4  dl_timer.o(.text.DL_Timer_initFourCCPWMMode)
    __arm_cp.40_2                            0x00000b14   Number         4  dl_timer.o(.text.DL_Timer_initFourCCPWMMode)
    __arm_cp.40_4                            0x00000b18   Number         4  dl_timer.o(.text.DL_Timer_initFourCCPWMMode)
    __arm_cp.40_5                            0x00000b1c   Number         4  dl_timer.o(.text.DL_Timer_initFourCCPWMMode)
    __arm_cp.40_6                            0x00000b20   Number         4  dl_timer.o(.text.DL_Timer_initFourCCPWMMode)
    [Anonymous Symbol]                       0x00000b24   Section        0  dl_timer.o(.text.DL_Timer_initTimerMode)
    __arm_cp.2_0                             0x00000c04   Number         4  dl_timer.o(.text.DL_Timer_initTimerMode)
    __arm_cp.2_1                             0x00000c08   Number         4  dl_timer.o(.text.DL_Timer_initTimerMode)
    __arm_cp.2_2                             0x00000c0c   Number         4  dl_timer.o(.text.DL_Timer_initTimerMode)
    __arm_cp.2_3                             0x00000c10   Number         4  dl_timer.o(.text.DL_Timer_initTimerMode)
    [Anonymous Symbol]                       0x00000c14   Section        0  dl_timer.o(.text.DL_Timer_setCaptCompUpdateMethod)
    __arm_cp.23_0                            0x00000c2c   Number         4  dl_timer.o(.text.DL_Timer_setCaptCompUpdateMethod)
    [Anonymous Symbol]                       0x00000c30   Section        0  dl_timer.o(.text.DL_Timer_setCaptureCompareOutCtl)
    __arm_cp.27_0                            0x00000c44   Number         4  dl_timer.o(.text.DL_Timer_setCaptureCompareOutCtl)
    [Anonymous Symbol]                       0x00000c48   Section        0  dl_timer.o(.text.DL_Timer_setCaptureCompareValue)
    __arm_cp.3_0                             0x00000c54   Number         4  dl_timer.o(.text.DL_Timer_setCaptureCompareValue)
    [Anonymous Symbol]                       0x00000c58   Section        0  dl_timer.o(.text.DL_Timer_setClockConfig)
    __arm_cp.0_0                             0x00000c70   Number         4  dl_timer.o(.text.DL_Timer_setClockConfig)
    [Anonymous Symbol]                       0x00000c74   Section        0  dl_uart.o(.text.DL_UART_init)
    __arm_cp.0_0                             0x00000cb4   Number         4  dl_uart.o(.text.DL_UART_init)
    __arm_cp.0_1                             0x00000cb8   Number         4  dl_uart.o(.text.DL_UART_init)
    [Anonymous Symbol]                       0x00000cbc   Section        0  dl_uart.o(.text.DL_UART_setClockConfig)
    [Anonymous Symbol]                       0x00000cd0   Section        0  dl_uart.o(.text.DL_UART_transmitDataBlocking)
    __arm_cp.7_0                             0x00000ce0   Number         4  dl_uart.o(.text.DL_UART_transmitDataBlocking)
    Delayms                                  0x00000ce5   Thumb Code     8  imu.o(.text.Delayms)
    [Anonymous Symbol]                       0x00000ce4   Section        0  imu.o(.text.Delayms)
    [Anonymous Symbol]                       0x00000cec   Section        0  imu.o(.text.IMU_Init)
    __arm_cp.0_0                             0x00000d0c   Number         4  imu.o(.text.IMU_Init)
    __arm_cp.0_1                             0x00000d10   Number         4  imu.o(.text.IMU_Init)
    __arm_cp.0_2                             0x00000d14   Number         4  imu.o(.text.IMU_Init)
    [Anonymous Symbol]                       0x00000d18   Section        0  ti_msp_dl_config.o(.text.SYSCFG_DL_ADC12_0_init)
    __arm_cp.9_0                             0x00000d68   Number         4  ti_msp_dl_config.o(.text.SYSCFG_DL_ADC12_0_init)
    __arm_cp.9_1                             0x00000d6c   Number         4  ti_msp_dl_config.o(.text.SYSCFG_DL_ADC12_0_init)
    __arm_cp.9_2                             0x00000d70   Number         4  ti_msp_dl_config.o(.text.SYSCFG_DL_ADC12_0_init)
    __arm_cp.9_3                             0x00000d74   Number         4  ti_msp_dl_config.o(.text.SYSCFG_DL_ADC12_0_init)
    __arm_cp.9_4                             0x00000d78   Number         4  ti_msp_dl_config.o(.text.SYSCFG_DL_ADC12_0_init)
    __arm_cp.9_5                             0x00000d7c   Number         4  ti_msp_dl_config.o(.text.SYSCFG_DL_ADC12_0_init)
    [Anonymous Symbol]                       0x00000d80   Section        0  ti_msp_dl_config.o(.text.SYSCFG_DL_GPIO_init)
    __arm_cp.2_0                             0x00000db8   Number         4  ti_msp_dl_config.o(.text.SYSCFG_DL_GPIO_init)
    __arm_cp.2_1                             0x00000dbc   Number         4  ti_msp_dl_config.o(.text.SYSCFG_DL_GPIO_init)
    __arm_cp.2_2                             0x00000dc0   Number         4  ti_msp_dl_config.o(.text.SYSCFG_DL_GPIO_init)
    __arm_cp.2_3                             0x00000dc4   Number         4  ti_msp_dl_config.o(.text.SYSCFG_DL_GPIO_init)
    __arm_cp.2_4                             0x00000dc8   Number         4  ti_msp_dl_config.o(.text.SYSCFG_DL_GPIO_init)
    __arm_cp.2_5                             0x00000dcc   Number         4  ti_msp_dl_config.o(.text.SYSCFG_DL_GPIO_init)
    __arm_cp.2_6                             0x00000dd0   Number         4  ti_msp_dl_config.o(.text.SYSCFG_DL_GPIO_init)
    [Anonymous Symbol]                       0x00000dd4   Section        0  ti_msp_dl_config.o(.text.SYSCFG_DL_PWM_0_init)
    __arm_cp.4_0                             0x00000e4c   Number         4  ti_msp_dl_config.o(.text.SYSCFG_DL_PWM_0_init)
    __arm_cp.4_1                             0x00000e50   Number         4  ti_msp_dl_config.o(.text.SYSCFG_DL_PWM_0_init)
    __arm_cp.4_2                             0x00000e54   Number         4  ti_msp_dl_config.o(.text.SYSCFG_DL_PWM_0_init)
    __arm_cp.4_3                             0x00000e58   Number         4  ti_msp_dl_config.o(.text.SYSCFG_DL_PWM_0_init)
    __arm_cp.4_4                             0x00000e5c   Number         4  ti_msp_dl_config.o(.text.SYSCFG_DL_PWM_0_init)
    __arm_cp.4_5                             0x00000e60   Number         4  ti_msp_dl_config.o(.text.SYSCFG_DL_PWM_0_init)
    [Anonymous Symbol]                       0x00000e64   Section        0  ti_msp_dl_config.o(.text.SYSCFG_DL_SYSCTL_init)
    __arm_cp.3_0                             0x00000eb4   Number         4  ti_msp_dl_config.o(.text.SYSCFG_DL_SYSCTL_init)
    __arm_cp.3_1                             0x00000eb8   Number         4  ti_msp_dl_config.o(.text.SYSCFG_DL_SYSCTL_init)
    __arm_cp.3_2                             0x00000ebc   Number         4  ti_msp_dl_config.o(.text.SYSCFG_DL_SYSCTL_init)
    [Anonymous Symbol]                       0x00000ec0   Section        0  ti_msp_dl_config.o(.text.SYSCFG_DL_SYSTICK_init)
    __arm_cp.10_0                            0x00000ee4   Number         4  ti_msp_dl_config.o(.text.SYSCFG_DL_SYSTICK_init)
    __arm_cp.10_1                            0x00000ee8   Number         4  ti_msp_dl_config.o(.text.SYSCFG_DL_SYSTICK_init)
    __arm_cp.10_2                            0x00000eec   Number         4  ti_msp_dl_config.o(.text.SYSCFG_DL_SYSTICK_init)
    [Anonymous Symbol]                       0x00000ef0   Section        0  ti_msp_dl_config.o(.text.SYSCFG_DL_TIMER_1ms_init)
    __arm_cp.5_0                             0x00000f14   Number         4  ti_msp_dl_config.o(.text.SYSCFG_DL_TIMER_1ms_init)
    __arm_cp.5_1                             0x00000f18   Number         4  ti_msp_dl_config.o(.text.SYSCFG_DL_TIMER_1ms_init)
    __arm_cp.5_2                             0x00000f1c   Number         4  ti_msp_dl_config.o(.text.SYSCFG_DL_TIMER_1ms_init)
    __arm_cp.5_3                             0x00000f20   Number         4  ti_msp_dl_config.o(.text.SYSCFG_DL_TIMER_1ms_init)
    __arm_cp.5_4                             0x00000f24   Number         4  ti_msp_dl_config.o(.text.SYSCFG_DL_TIMER_1ms_init)
    [Anonymous Symbol]                       0x00000f28   Section        0  ti_msp_dl_config.o(.text.SYSCFG_DL_TIMER_1s_init)
    __arm_cp.6_0                             0x00000f4c   Number         4  ti_msp_dl_config.o(.text.SYSCFG_DL_TIMER_1s_init)
    __arm_cp.6_1                             0x00000f50   Number         4  ti_msp_dl_config.o(.text.SYSCFG_DL_TIMER_1s_init)
    __arm_cp.6_2                             0x00000f54   Number         4  ti_msp_dl_config.o(.text.SYSCFG_DL_TIMER_1s_init)
    __arm_cp.6_3                             0x00000f58   Number         4  ti_msp_dl_config.o(.text.SYSCFG_DL_TIMER_1s_init)
    __arm_cp.6_4                             0x00000f5c   Number         4  ti_msp_dl_config.o(.text.SYSCFG_DL_TIMER_1s_init)
    [Anonymous Symbol]                       0x00000f60   Section        0  ti_msp_dl_config.o(.text.SYSCFG_DL_UART_0_init)
    __arm_cp.7_0                             0x00000fbc   Number         4  ti_msp_dl_config.o(.text.SYSCFG_DL_UART_0_init)
    __arm_cp.7_1                             0x00000fc0   Number         4  ti_msp_dl_config.o(.text.SYSCFG_DL_UART_0_init)
    __arm_cp.7_2                             0x00000fc4   Number         4  ti_msp_dl_config.o(.text.SYSCFG_DL_UART_0_init)
    __arm_cp.7_3                             0x00000fc8   Number         4  ti_msp_dl_config.o(.text.SYSCFG_DL_UART_0_init)
    __arm_cp.7_5                             0x00000fcc   Number         4  ti_msp_dl_config.o(.text.SYSCFG_DL_UART_0_init)
    [Anonymous Symbol]                       0x00000fd0   Section        0  ti_msp_dl_config.o(.text.SYSCFG_DL_UART_1_init)
    __arm_cp.8_0                             0x0000102c   Number         4  ti_msp_dl_config.o(.text.SYSCFG_DL_UART_1_init)
    __arm_cp.8_1                             0x00001030   Number         4  ti_msp_dl_config.o(.text.SYSCFG_DL_UART_1_init)
    __arm_cp.8_2                             0x00001034   Number         4  ti_msp_dl_config.o(.text.SYSCFG_DL_UART_1_init)
    __arm_cp.8_3                             0x00001038   Number         4  ti_msp_dl_config.o(.text.SYSCFG_DL_UART_1_init)
    __arm_cp.8_4                             0x0000103c   Number         4  ti_msp_dl_config.o(.text.SYSCFG_DL_UART_1_init)
    __arm_cp.8_5                             0x00001040   Number         4  ti_msp_dl_config.o(.text.SYSCFG_DL_UART_1_init)
    [Anonymous Symbol]                       0x00001044   Section        0  ti_msp_dl_config.o(.text.SYSCFG_DL_init)
    __arm_cp.0_0                             0x0000107c   Number         4  ti_msp_dl_config.o(.text.SYSCFG_DL_init)
    __arm_cp.0_1                             0x00001080   Number         4  ti_msp_dl_config.o(.text.SYSCFG_DL_init)
    [Anonymous Symbol]                       0x00001084   Section        0  ti_msp_dl_config.o(.text.SYSCFG_DL_initPower)
    __arm_cp.1_0                             0x000010cc   Number         4  ti_msp_dl_config.o(.text.SYSCFG_DL_initPower)
    __arm_cp.1_1                             0x000010d0   Number         4  ti_msp_dl_config.o(.text.SYSCFG_DL_initPower)
    __arm_cp.1_2                             0x000010d4   Number         4  ti_msp_dl_config.o(.text.SYSCFG_DL_initPower)
    __arm_cp.1_3                             0x000010d8   Number         4  ti_msp_dl_config.o(.text.SYSCFG_DL_initPower)
    __arm_cp.1_4                             0x000010dc   Number         4  ti_msp_dl_config.o(.text.SYSCFG_DL_initPower)
    __arm_cp.1_5                             0x000010e0   Number         4  ti_msp_dl_config.o(.text.SYSCFG_DL_initPower)
    __arm_cp.1_6                             0x000010e4   Number         4  ti_msp_dl_config.o(.text.SYSCFG_DL_initPower)
    __arm_cp.1_7                             0x000010e8   Number         4  ti_msp_dl_config.o(.text.SYSCFG_DL_initPower)
    __arm_cp.1_8                             0x000010ec   Number         4  ti_msp_dl_config.o(.text.SYSCFG_DL_initPower)
    __arm_cp.1_9                             0x000010f0   Number         4  ti_msp_dl_config.o(.text.SYSCFG_DL_initPower)
    SensorDataUpdata                         0x000010f5   Thumb Code   208  imu.o(.text.SensorDataUpdata)
    [Anonymous Symbol]                       0x000010f4   Section        0  imu.o(.text.SensorDataUpdata)
    __arm_cp.2_0                             0x000011c4   Number         4  imu.o(.text.SensorDataUpdata)
    __arm_cp.2_1                             0x000011c8   Number         4  imu.o(.text.SensorDataUpdata)
    SensorUartSend                           0x000011cd   Thumb Code    80  imu.o(.text.SensorUartSend)
    [Anonymous Symbol]                       0x000011cc   Section        0  imu.o(.text.SensorUartSend)
    __arm_cp.1_0                             0x0000121c   Number         4  imu.o(.text.SensorUartSend)
    [Anonymous Symbol]                       0x00001220   Section        0  empty.o(.text.SysTick_Handler)
    __arm_cp.1_0                             0x00001230   Number         4  empty.o(.text.SysTick_Handler)
    [Anonymous Symbol]                       0x00001234   Section        0  empty.o(.text.TIMA0_IRQHandler)
    __arm_cp.2_0                             0x00001268   Number         4  empty.o(.text.TIMA0_IRQHandler)
    __arm_cp.2_1                             0x0000126c   Number         4  empty.o(.text.TIMA0_IRQHandler)
    [Anonymous Symbol]                       0x00001270   Section        0  empty.o(.text.TIMG0_IRQHandler)
    [Anonymous Symbol]                       0x00001274   Section        0  tim.o(.text.TIM_Init)
    __arm_cp.0_1                             0x0000128c   Number         4  tim.o(.text.TIM_Init)
    [Anonymous Symbol]                       0x00001290   Section        0  uart.o(.text.UART0_IRQHandler)
    __arm_cp.1_0                             0x000012b0   Number         4  uart.o(.text.UART0_IRQHandler)
    __arm_cp.1_1                             0x000012b4   Number         4  uart.o(.text.UART0_IRQHandler)
    __arm_cp.1_2                             0x000012b8   Number         4  uart.o(.text.UART0_IRQHandler)
    __arm_cp.1_3                             0x000012bc   Number         4  uart.o(.text.UART0_IRQHandler)
    [Anonymous Symbol]                       0x000012c0   Section        0  uart.o(.text.UART1_IRQHandler)
    __arm_cp.2_0                             0x000012d4   Number         4  uart.o(.text.UART1_IRQHandler)
    __arm_cp.2_1                             0x000012d8   Number         4  uart.o(.text.UART1_IRQHandler)
    [Anonymous Symbol]                       0x000012dc   Section        0  uart.o(.text.UART_Init)
    __arm_cp.0_0                             0x000012f0   Number         4  uart.o(.text.UART_Init)
    __arm_cp.0_1                             0x000012f4   Number         4  uart.o(.text.UART_Init)
    [Anonymous Symbol]                       0x000012f8   Section        0  wit_c_sdk.o(.text.WitDelayMsRegister)
    [Anonymous Symbol]                       0x0000130c   Section        0  wit_c_sdk.o(.text.WitInit)
    __arm_cp.10_0                            0x00001328   Number         4  wit_c_sdk.o(.text.WitInit)
    [Anonymous Symbol]                       0x0000132c   Section        0  wit_c_sdk.o(.text.WitRegisterCallBack)
    [Anonymous Symbol]                       0x00001340   Section        0  wit_c_sdk.o(.text.WitSerialDataIn)
    __arm_cp.1_0                             0x000014f4   Number         4  wit_c_sdk.o(.text.WitSerialDataIn)
    __arm_cp.1_1                             0x000014f8   Number         4  wit_c_sdk.o(.text.WitSerialDataIn)
    __arm_cp.1_2                             0x000014fc   Number         4  wit_c_sdk.o(.text.WitSerialDataIn)
    __arm_cp.1_4                             0x00001500   Number         4  wit_c_sdk.o(.text.WitSerialDataIn)
    __arm_cp.1_5                             0x00001504   Number         4  wit_c_sdk.o(.text.WitSerialDataIn)
    [Anonymous Symbol]                       0x00001508   Section        0  wit_c_sdk.o(.text.WitSerialWriteRegister)
    [Anonymous Symbol]                       0x0000151c   Section        0  wit_c_sdk.o(.text.WitSetBandwidth)
    [Anonymous Symbol]                       0x00001568   Section        0  wit_c_sdk.o(.text.WitSetContent)
    __arm_cp.22_0                            0x000015bc   Number         4  wit_c_sdk.o(.text.WitSetContent)
    __arm_cp.22_1                            0x000015c0   Number         4  wit_c_sdk.o(.text.WitSetContent)
    [Anonymous Symbol]                       0x000015c4   Section        0  wit_c_sdk.o(.text.WitSetOutputRate)
    __arm_cp.21_0                            0x00001618   Number         4  wit_c_sdk.o(.text.WitSetOutputRate)
    [Anonymous Symbol]                       0x0000161c   Section        0  wit_c_sdk.o(.text.WitStartAccCali)
    [Anonymous Symbol]                       0x0000165c   Section        0  wit_c_sdk.o(.text.WitStartMagCali)
    __arm_cp.16_1                            0x0000169c   Number         4  wit_c_sdk.o(.text.WitStartMagCali)
    __arm_cp.16_2                            0x000016a0   Number         4  wit_c_sdk.o(.text.WitStartMagCali)
    [Anonymous Symbol]                       0x000016a4   Section        0  wit_c_sdk.o(.text.WitStopMagCali)
    __arm_cp.17_0                            0x000016e4   Number         4  wit_c_sdk.o(.text.WitStopMagCali)
    __arm_cp.17_1                            0x000016e8   Number         4  wit_c_sdk.o(.text.WitStopMagCali)
    __arm_cp.17_2                            0x000016ec   Number         4  wit_c_sdk.o(.text.WitStopMagCali)
    [Anonymous Symbol]                       0x000016f0   Section        0  wit_c_sdk.o(.text.WitWriteReg)
    __arm_cp.8_0                             0x000017e8   Number         4  wit_c_sdk.o(.text.WitWriteReg)
    __arm_cp.8_1                             0x000017ec   Number         4  wit_c_sdk.o(.text.WitWriteReg)
    __arm_cp.8_2                             0x000017f0   Number         4  wit_c_sdk.o(.text.WitWriteReg)
    __arm_cp.8_3                             0x000017f4   Number         4  wit_c_sdk.o(.text.WitWriteReg)
    __arm_cp.8_4                             0x000017f8   Number         4  wit_c_sdk.o(.text.WitWriteReg)
    __arm_cp.8_5                             0x000017fc   Number         4  wit_c_sdk.o(.text.WitWriteReg)
    __CRC16                                  0x00001801   Thumb Code   116  wit_c_sdk.o(.text.__CRC16)
    [Anonymous Symbol]                       0x00001800   Section        0  wit_c_sdk.o(.text.__CRC16)
    __arm_cp.3_0                             0x00001874   Number         4  wit_c_sdk.o(.text.__CRC16)
    __arm_cp.3_1                             0x00001878   Number         4  wit_c_sdk.o(.text.__CRC16)
    [Anonymous Symbol]                       0x0000187c   Section        0  empty.o(.text.delay_ms)
    __arm_cp.4_0                             0x00001888   Number         4  empty.o(.text.delay_ms)
    [Anonymous Symbol]                       0x0000188c   Section        0  uart.o(.text.fputc)
    [Anonymous Symbol]                       0x0000189c   Section        0  imu.o(.text.imu_proc)
    __arm_cp.4_0                             0x00001a94   Number         4  imu.o(.text.imu_proc)
    __arm_cp.4_1                             0x00001a98   Number         4  imu.o(.text.imu_proc)
    __arm_cp.4_2                             0x00001a9c   Number         4  imu.o(.text.imu_proc)
    __arm_cp.4_3                             0x00001aa0   Number         4  imu.o(.text.imu_proc)
    __arm_cp.4_4                             0x00001aa4   Number         4  imu.o(.text.imu_proc)
    __arm_cp.4_6                             0x00001ac0   Number         4  imu.o(.text.imu_proc)
    __arm_cp.4_7                             0x00001ac4   Number         4  imu.o(.text.imu_proc)
    __arm_cp.4_8                             0x00001ac8   Number         4  imu.o(.text.imu_proc)
    __arm_cp.4_9                             0x00001acc   Number         4  imu.o(.text.imu_proc)
    __arm_cp.4_10                            0x00001ad0   Number         4  imu.o(.text.imu_proc)
    __arm_cp.4_11                            0x00001ad4   Number         4  imu.o(.text.imu_proc)
    __arm_cp.4_12                            0x00001ad8   Number         4  imu.o(.text.imu_proc)
    __arm_cp.4_13                            0x00001adc   Number         4  imu.o(.text.imu_proc)
    __arm_cp.4_14                            0x00001ae0   Number         4  imu.o(.text.imu_proc)
    [Anonymous Symbol]                       0x00001b00   Section        0  key.o(.text.key_proc)
    __arm_cp.0_0                             0x00001b28   Number         4  key.o(.text.key_proc)
    __arm_cp.0_1                             0x00001b2c   Number         4  key.o(.text.key_proc)
    __arm_cp.0_2                             0x00001b30   Number         4  key.o(.text.key_proc)
    __arm_cp.0_3                             0x00001b34   Number         4  key.o(.text.key_proc)
    [Anonymous Symbol]                       0x00001b38   Section        0  empty.o(.text.main)
    [Anonymous Symbol]                       0x00001b54   Section        0  uart.o(.text.puts)
    __arm_cp.5_0                             0x00001b84   Number         4  uart.o(.text.puts)
    [Anonymous Symbol]                       0x00001b88   Section        0  uart.o(.text.uart_proc)
    __arm_cp.6_0                             0x00001bbc   Number         4  uart.o(.text.uart_proc)
    __arm_cp.6_1                             0x00001bc0   Number         4  uart.o(.text.uart_proc)
    __arm_cp.6_2                             0x00001bc4   Number         4  uart.o(.text.uart_proc)
    i.__0printf                              0x00001bd4   Section        0  printfa.o(i.__0printf)
    i.__ARM_clz                              0x00001bf4   Section        0  depilogue.o(i.__ARM_clz)
    i.__scatterload_copy                     0x00001c28   Section       14  handlers.o(i.__scatterload_copy)
    i.__scatterload_null                     0x00001c38   Section        2  handlers.o(i.__scatterload_null)
    i.__scatterload_zeroinit                 0x00001c40   Section       14  handlers.o(i.__scatterload_zeroinit)
    _fp_digits                               0x00001c51   Thumb Code   344  printfa.o(i._fp_digits)
    i._fp_digits                             0x00001c50   Section        0  printfa.o(i._fp_digits)
    _printf_core                             0x00001dc5   Thumb Code  1754  printfa.o(i._printf_core)
    i._printf_core                           0x00001dc4   Section        0  printfa.o(i._printf_core)
    _printf_post_padding                     0x000024b1   Thumb Code    32  printfa.o(i._printf_post_padding)
    i._printf_post_padding                   0x000024b0   Section        0  printfa.o(i._printf_post_padding)
    _printf_pre_padding                      0x000024d1   Thumb Code    44  printfa.o(i._printf_pre_padding)
    i._printf_pre_padding                    0x000024d0   Section        0  printfa.o(i._printf_pre_padding)
    [Anonymous Symbol]                       0x000024fc   Section        0  imu.o(.rodata..Lswitch.table.SensorDataUpdata)
    __auchCRCHi                              0x00002506   Data         256  wit_c_sdk.o(.rodata.__auchCRCHi)
    [Anonymous Symbol]                       0x00002506   Section        0  wit_c_sdk.o(.rodata.__auchCRCHi)
    __auchCRCLo                              0x00002606   Data         256  wit_c_sdk.o(.rodata.__auchCRCLo)
    [Anonymous Symbol]                       0x00002606   Section        0  wit_c_sdk.o(.rodata.__auchCRCLo)
    gADC12_0ClockConfig                      0x00002708   Data           8  ti_msp_dl_config.o(.rodata.gADC12_0ClockConfig)
    [Anonymous Symbol]                       0x00002708   Section        0  ti_msp_dl_config.o(.rodata.gADC12_0ClockConfig)
    gPWM_0ClockConfig                        0x00002710   Data           3  ti_msp_dl_config.o(.rodata.gPWM_0ClockConfig)
    [Anonymous Symbol]                       0x00002710   Section        0  ti_msp_dl_config.o(.rodata.gPWM_0ClockConfig)
    gPWM_0Config                             0x00002714   Data           8  ti_msp_dl_config.o(.rodata.gPWM_0Config)
    [Anonymous Symbol]                       0x00002714   Section        0  ti_msp_dl_config.o(.rodata.gPWM_0Config)
    gSYSPLLConfig                            0x0000271c   Data          40  ti_msp_dl_config.o(.rodata.gSYSPLLConfig)
    [Anonymous Symbol]                       0x0000271c   Section        0  ti_msp_dl_config.o(.rodata.gSYSPLLConfig)
    gTIMER_1msClockConfig                    0x00002744   Data           3  ti_msp_dl_config.o(.rodata.gTIMER_1msClockConfig)
    [Anonymous Symbol]                       0x00002744   Section        0  ti_msp_dl_config.o(.rodata.gTIMER_1msClockConfig)
    gTIMER_1msTimerConfig                    0x00002748   Data          20  ti_msp_dl_config.o(.rodata.gTIMER_1msTimerConfig)
    [Anonymous Symbol]                       0x00002748   Section        0  ti_msp_dl_config.o(.rodata.gTIMER_1msTimerConfig)
    gTIMER_1sClockConfig                     0x0000275c   Data           3  ti_msp_dl_config.o(.rodata.gTIMER_1sClockConfig)
    [Anonymous Symbol]                       0x0000275c   Section        0  ti_msp_dl_config.o(.rodata.gTIMER_1sClockConfig)
    gTIMER_1sTimerConfig                     0x00002760   Data          20  ti_msp_dl_config.o(.rodata.gTIMER_1sTimerConfig)
    [Anonymous Symbol]                       0x00002760   Section        0  ti_msp_dl_config.o(.rodata.gTIMER_1sTimerConfig)
    gUART_0ClockConfig                       0x00002774   Data           2  ti_msp_dl_config.o(.rodata.gUART_0ClockConfig)
    [Anonymous Symbol]                       0x00002774   Section        0  ti_msp_dl_config.o(.rodata.gUART_0ClockConfig)
    gUART_0Config                            0x00002776   Data          10  ti_msp_dl_config.o(.rodata.gUART_0Config)
    [Anonymous Symbol]                       0x00002776   Section        0  ti_msp_dl_config.o(.rodata.gUART_0Config)
    gUART_1ClockConfig                       0x00002780   Data           2  ti_msp_dl_config.o(.rodata.gUART_1ClockConfig)
    [Anonymous Symbol]                       0x00002780   Section        0  ti_msp_dl_config.o(.rodata.gUART_1ClockConfig)
    gUART_1Config                            0x00002782   Data          10  ti_msp_dl_config.o(.rodata.gUART_1Config)
    [Anonymous Symbol]                       0x00002782   Section        0  ti_msp_dl_config.o(.rodata.gUART_1Config)
    [Anonymous Symbol]                       0x0000278c   Section        0  imu.o(.rodata.str1.1)
    .data                                    0x20200000   Section        4  stdout.o(.data)
    s_cCmd                                   0x20200004   Data           1  imu.o(.data.s_cCmd)
    [Anonymous Symbol]                       0x20200004   Section        0  imu.o(.data.s_cCmd)
    s_ucAddr                                 0x20200005   Data           1  wit_c_sdk.o(.data.s_ucAddr)
    [Anonymous Symbol]                       0x20200005   Section        0  wit_c_sdk.o(.data.s_ucAddr)
    p_WitCanWriteFunc                        0x20200220   Data           4  wit_c_sdk.o(.bss.p_WitCanWriteFunc)
    [Anonymous Symbol]                       0x20200220   Section        0  wit_c_sdk.o(.bss.p_WitCanWriteFunc)
    p_WitDelaymsFunc                         0x20200224   Data           4  wit_c_sdk.o(.bss.p_WitDelaymsFunc)
    [Anonymous Symbol]                       0x20200224   Section        0  wit_c_sdk.o(.bss.p_WitDelaymsFunc)
    p_WitI2cWriteFunc                        0x20200228   Data           4  wit_c_sdk.o(.bss.p_WitI2cWriteFunc)
    [Anonymous Symbol]                       0x20200228   Section        0  wit_c_sdk.o(.bss.p_WitI2cWriteFunc)
    p_WitRegUpdateCbFunc                     0x2020022c   Data           4  wit_c_sdk.o(.bss.p_WitRegUpdateCbFunc)
    [Anonymous Symbol]                       0x2020022c   Section        0  wit_c_sdk.o(.bss.p_WitRegUpdateCbFunc)
    p_WitSerialWriteFunc                     0x20200230   Data           4  wit_c_sdk.o(.bss.p_WitSerialWriteFunc)
    [Anonymous Symbol]                       0x20200230   Section        0  wit_c_sdk.o(.bss.p_WitSerialWriteFunc)
    s_cDataUpdate                            0x20200356   Data           1  imu.o(.bss.s_cDataUpdate)
    [Anonymous Symbol]                       0x20200356   Section        0  imu.o(.bss.s_cDataUpdate)
    s_ucWitDataBuff                          0x20200358   Data         256  wit_c_sdk.o(.bss.s_ucWitDataBuff)
    [Anonymous Symbol]                       0x20200358   Section        0  wit_c_sdk.o(.bss.s_ucWitDataBuff)
    s_uiProtoclo                             0x20200458   Data           4  wit_c_sdk.o(.bss.s_uiProtoclo)
    [Anonymous Symbol]                       0x20200458   Section        0  wit_c_sdk.o(.bss.s_uiProtoclo)
    s_uiReadRegIndex                         0x2020045c   Data           4  wit_c_sdk.o(.bss.s_uiReadRegIndex)
    [Anonymous Symbol]                       0x2020045c   Section        0  wit_c_sdk.o(.bss.s_uiReadRegIndex)
    s_uiWitDataCnt                           0x20200460   Data           4  wit_c_sdk.o(.bss.s_uiWitDataCnt)
    [Anonymous Symbol]                       0x20200460   Section        0  wit_c_sdk.o(.bss.s_uiWitDataCnt)
    STACK                                    0x20200470   Section      256  startup_mspm0g350x_uvision.o(STACK)

    Global Symbols

    Symbol Name                              Value     Ov Type        Size  Object(Section)

    BuildAttributes$$THM_ISAv3M$S$PE$A:L22$X:L11$S22$IEEE1$IW$~IW$USESV6$~STKCKD$USESV7$~SHL$OTIME$ROPI$EBA8$MICROLIB$REQ8$PRES8$EABIv2 0x00000000   Number         0  anon$$obj.o ABSOLUTE
    __Vectors                                0x00000000   Data           4  startup_mspm0g350x_uvision.o(RESET)
    _printf_a                                0x00000000   Number         0  printfstubs.o ABSOLUTE
    _printf_c                                0x00000000   Number         0  printfstubs.o ABSOLUTE
    _printf_charcount                        0x00000000   Number         0  printfstubs.o ABSOLUTE
    _printf_d                                0x00000000   Number         0  printfstubs.o ABSOLUTE
    _printf_e                                0x00000000   Number         0  printfstubs.o ABSOLUTE
    _printf_f                                0x00000000   Number         0  printfstubs.o ABSOLUTE
    _printf_flags                            0x00000000   Number         0  printfstubs.o ABSOLUTE
    _printf_fp_dec                           0x00000000   Number         0  printfstubs.o ABSOLUTE
    _printf_fp_hex                           0x00000000   Number         0  printfstubs.o ABSOLUTE
    _printf_g                                0x00000000   Number         0  printfstubs.o ABSOLUTE
    _printf_i                                0x00000000   Number         0  printfstubs.o ABSOLUTE
    _printf_int_dec                          0x00000000   Number         0  printfstubs.o ABSOLUTE
    _printf_l                                0x00000000   Number         0  printfstubs.o ABSOLUTE
    _printf_lc                               0x00000000   Number         0  printfstubs.o ABSOLUTE
    _printf_ll                               0x00000000   Number         0  printfstubs.o ABSOLUTE
    _printf_lld                              0x00000000   Number         0  printfstubs.o ABSOLUTE
    _printf_lli                              0x00000000   Number         0  printfstubs.o ABSOLUTE
    _printf_llo                              0x00000000   Number         0  printfstubs.o ABSOLUTE
    _printf_llu                              0x00000000   Number         0  printfstubs.o ABSOLUTE
    _printf_llx                              0x00000000   Number         0  printfstubs.o ABSOLUTE
    _printf_longlong_dec                     0x00000000   Number         0  printfstubs.o ABSOLUTE
    _printf_longlong_hex                     0x00000000   Number         0  printfstubs.o ABSOLUTE
    _printf_longlong_oct                     0x00000000   Number         0  printfstubs.o ABSOLUTE
    _printf_ls                               0x00000000   Number         0  printfstubs.o ABSOLUTE
    _printf_mbtowc                           0x00000000   Number         0  printfstubs.o ABSOLUTE
    _printf_n                                0x00000000   Number         0  printfstubs.o ABSOLUTE
    _printf_o                                0x00000000   Number         0  printfstubs.o ABSOLUTE
    _printf_p                                0x00000000   Number         0  printfstubs.o ABSOLUTE
    _printf_percent                          0x00000000   Number         0  printfstubs.o ABSOLUTE
    _printf_pre_padding                      0x00000000   Number         0  printfstubs.o ABSOLUTE
    _printf_return_value                     0x00000000   Number         0  printfstubs.o ABSOLUTE
    _printf_s                                0x00000000   Number         0  printfstubs.o ABSOLUTE
    _printf_sizespec                         0x00000000   Number         0  printfstubs.o ABSOLUTE
    _printf_str                              0x00000000   Number         0  printfstubs.o ABSOLUTE
    _printf_truncate_signed                  0x00000000   Number         0  printfstubs.o ABSOLUTE
    _printf_truncate_unsigned                0x00000000   Number         0  printfstubs.o ABSOLUTE
    _printf_u                                0x00000000   Number         0  printfstubs.o ABSOLUTE
    _printf_wc                               0x00000000   Number         0  printfstubs.o ABSOLUTE
    _printf_wctomb                           0x00000000   Number         0  printfstubs.o ABSOLUTE
    _printf_widthprec                        0x00000000   Number         0  printfstubs.o ABSOLUTE
    _printf_x                                0x00000000   Number         0  printfstubs.o ABSOLUTE
    __cpp_initialize__aeabi_                  - Undefined Weak Reference
    __cxa_finalize                            - Undefined Weak Reference
    __decompress                              - Undefined Weak Reference
    _clock_init                               - Undefined Weak Reference
    _microlib_exit                            - Undefined Weak Reference
    __Vectors_End                            0x000000c0   Data           0  startup_mspm0g350x_uvision.o(RESET)
    __Vectors_Size                           0x000000c0   Number         0  startup_mspm0g350x_uvision.o ABSOLUTE
    __main                                   0x000000c1   Thumb Code     0  entry.o(.ARM.Collect$$$$00000000)
    _main_stk                                0x000000c1   Thumb Code     0  entry2.o(.ARM.Collect$$$$00000001)
    _main_scatterload                        0x000000c5   Thumb Code     0  entry5.o(.ARM.Collect$$$$00000004)
    __main_after_scatterload                 0x000000c9   Thumb Code     0  entry5.o(.ARM.Collect$$$$00000004)
    _main_clock                              0x000000c9   Thumb Code     0  entry7b.o(.ARM.Collect$$$$00000008)
    _main_cpp_init                           0x000000c9   Thumb Code     0  entry8b.o(.ARM.Collect$$$$0000000A)
    _main_init                               0x000000c9   Thumb Code     0  entry9a.o(.ARM.Collect$$$$0000000B)
    __rt_final_cpp                           0x000000d1   Thumb Code     0  entry10a.o(.ARM.Collect$$$$0000000D)
    __rt_final_exit                          0x000000d1   Thumb Code     0  entry11a.o(.ARM.Collect$$$$0000000F)
    Reset_Handler                            0x000000d5   Thumb Code     4  startup_mspm0g350x_uvision.o(.text)
    NMI_Handler                              0x000000d9   Thumb Code     2  startup_mspm0g350x_uvision.o(.text)
    HardFault_Handler                        0x000000db   Thumb Code     2  startup_mspm0g350x_uvision.o(.text)
    SVC_Handler                              0x000000dd   Thumb Code     2  startup_mspm0g350x_uvision.o(.text)
    PendSV_Handler                           0x000000df   Thumb Code     2  startup_mspm0g350x_uvision.o(.text)
    ADC1_IRQHandler                          0x000000e3   Thumb Code     0  startup_mspm0g350x_uvision.o(.text)
    AES_IRQHandler                           0x000000e3   Thumb Code     0  startup_mspm0g350x_uvision.o(.text)
    CANFD0_IRQHandler                        0x000000e3   Thumb Code     0  startup_mspm0g350x_uvision.o(.text)
    DAC0_IRQHandler                          0x000000e3   Thumb Code     0  startup_mspm0g350x_uvision.o(.text)
    DMA_IRQHandler                           0x000000e3   Thumb Code     0  startup_mspm0g350x_uvision.o(.text)
    Default_Handler                          0x000000e3   Thumb Code     2  startup_mspm0g350x_uvision.o(.text)
    GROUP0_IRQHandler                        0x000000e3   Thumb Code     0  startup_mspm0g350x_uvision.o(.text)
    GROUP1_IRQHandler                        0x000000e3   Thumb Code     0  startup_mspm0g350x_uvision.o(.text)
    I2C0_IRQHandler                          0x000000e3   Thumb Code     0  startup_mspm0g350x_uvision.o(.text)
    I2C1_IRQHandler                          0x000000e3   Thumb Code     0  startup_mspm0g350x_uvision.o(.text)
    RTC_IRQHandler                           0x000000e3   Thumb Code     0  startup_mspm0g350x_uvision.o(.text)
    SPI0_IRQHandler                          0x000000e3   Thumb Code     0  startup_mspm0g350x_uvision.o(.text)
    SPI1_IRQHandler                          0x000000e3   Thumb Code     0  startup_mspm0g350x_uvision.o(.text)
    TIMA1_IRQHandler                         0x000000e3   Thumb Code     0  startup_mspm0g350x_uvision.o(.text)
    TIMG12_IRQHandler                        0x000000e3   Thumb Code     0  startup_mspm0g350x_uvision.o(.text)
    TIMG6_IRQHandler                         0x000000e3   Thumb Code     0  startup_mspm0g350x_uvision.o(.text)
    TIMG7_IRQHandler                         0x000000e3   Thumb Code     0  startup_mspm0g350x_uvision.o(.text)
    TIMG8_IRQHandler                         0x000000e3   Thumb Code     0  startup_mspm0g350x_uvision.o(.text)
    UART2_IRQHandler                         0x000000e3   Thumb Code     0  startup_mspm0g350x_uvision.o(.text)
    UART3_IRQHandler                         0x000000e3   Thumb Code     0  startup_mspm0g350x_uvision.o(.text)
    __aeabi_memcpy                           0x000000e9   Thumb Code    36  memcpya.o(.text)
    __aeabi_memcpy4                          0x000000e9   Thumb Code     0  memcpya.o(.text)
    __aeabi_memcpy8                          0x000000e9   Thumb Code     0  memcpya.o(.text)
    __aeabi_memset                           0x0000010d   Thumb Code    14  memseta.o(.text)
    __aeabi_memset4                          0x0000010d   Thumb Code     0  memseta.o(.text)
    __aeabi_memset8                          0x0000010d   Thumb Code     0  memseta.o(.text)
    __aeabi_memclr                           0x0000011b   Thumb Code     4  memseta.o(.text)
    __aeabi_memclr4                          0x0000011b   Thumb Code     0  memseta.o(.text)
    __aeabi_memclr8                          0x0000011b   Thumb Code     0  memseta.o(.text)
    _memset$wrapper                          0x0000011f   Thumb Code    18  memseta.o(.text)
    strlen                                   0x00000131   Thumb Code    14  strlen.o(.text)
    __aeabi_fmul                             0x0000013f   Thumb Code   122  fmul.o(.text)
    __aeabi_dmul                             0x000001b9   Thumb Code   202  dmul.o(.text)
    __aeabi_ddiv                             0x00000289   Thumb Code   234  ddiv.o(.text)
    __aeabi_i2f                              0x00000379   Thumb Code    22  fflti.o(.text)
    __aeabi_f2d                              0x0000038f   Thumb Code    40  f2d.o(.text)
    __aeabi_uidiv                            0x000003b7   Thumb Code     0  uidiv_div0.o(.text)
    __aeabi_uidivmod                         0x000003b7   Thumb Code    62  uidiv_div0.o(.text)
    __aeabi_uldivmod                         0x000003f5   Thumb Code    96  uldiv.o(.text)
    __I$use$fp                               0x00000455   Thumb Code     0  iusefp.o(.text)
    _float_round                             0x00000455   Thumb Code    16  fepilogue.o(.text)
    _float_epilogue                          0x00000465   Thumb Code   114  fepilogue.o(.text)
    _double_round                            0x000004d7   Thumb Code    26  depilogue.o(.text)
    _double_epilogue                         0x000004f1   Thumb Code   164  depilogue.o(.text)
    __aeabi_dadd                             0x00000595   Thumb Code   328  dadd.o(.text)
    __aeabi_dsub                             0x000006dd   Thumb Code    12  dadd.o(.text)
    __aeabi_drsub                            0x000006e9   Thumb Code    12  dadd.o(.text)
    __aeabi_d2ulz                            0x000006f9   Thumb Code    54  dfixul.o(.text)
    __aeabi_cdrcmple                         0x00000739   Thumb Code    38  cdrcmple.o(.text)
    __scatterload                            0x00000761   Thumb Code    38  init.o(.text)
    __scatterload_rt2                        0x00000761   Thumb Code     0  init.o(.text)
    __aeabi_llsl                             0x00000791   Thumb Code    32  llshl.o(.text)
    _ll_shift_l                              0x00000791   Thumb Code     0  llshl.o(.text)
    __aeabi_llsr                             0x000007b1   Thumb Code    34  llushr.o(.text)
    _ll_ushift_r                             0x000007b1   Thumb Code     0  llushr.o(.text)
    __aeabi_lasr                             0x000007d3   Thumb Code    38  llsshr.o(.text)
    _ll_sshift_r                             0x000007d3   Thumb Code     0  llsshr.o(.text)
    ADC0_IRQHandler                          0x000007f9   Thumb Code    20  adc.o(.text.ADC0_IRQHandler)
    ADC_Init                                 0x00000815   Thumb Code    20  adc.o(.text.ADC_Init)
    DL_ADC12_setClockConfig                  0x000008e5   Thumb Code    64  dl_adc12.o(.text.DL_ADC12_setClockConfig)
    DL_Common_delayCycles                    0x00000925   Thumb Code    10  dl_common.o(.text.DL_Common_delayCycles)
    DL_SYSCTL_configSYSPLL                   0x00000931   Thumb Code   196  dl_sysctl_mspm0g1x0x_g3x0x.o(.text.DL_SYSCTL_configSYSPLL)
    DL_SYSCTL_switchMCLKfromSYSOSCtoHSCLK    0x000009f5   Thumb Code    40  dl_sysctl_mspm0g1x0x_g3x0x.o(.text.DL_SYSCTL_switchMCLKfromSYSOSCtoHSCLK)
    DL_Timer_initFourCCPWMMode               0x00000a1d   Thumb Code   264  dl_timer.o(.text.DL_Timer_initFourCCPWMMode)
    DL_Timer_initTimerMode                   0x00000b25   Thumb Code   240  dl_timer.o(.text.DL_Timer_initTimerMode)
    DL_Timer_setCaptCompUpdateMethod         0x00000c15   Thumb Code    28  dl_timer.o(.text.DL_Timer_setCaptCompUpdateMethod)
    DL_Timer_setCaptureCompareOutCtl         0x00000c31   Thumb Code    24  dl_timer.o(.text.DL_Timer_setCaptureCompareOutCtl)
    DL_Timer_setCaptureCompareValue          0x00000c49   Thumb Code    16  dl_timer.o(.text.DL_Timer_setCaptureCompareValue)
    DL_Timer_setClockConfig                  0x00000c59   Thumb Code    28  dl_timer.o(.text.DL_Timer_setClockConfig)
    DL_UART_init                             0x00000c75   Thumb Code    72  dl_uart.o(.text.DL_UART_init)
    DL_UART_setClockConfig                   0x00000cbd   Thumb Code    18  dl_uart.o(.text.DL_UART_setClockConfig)
    DL_UART_transmitDataBlocking             0x00000cd1   Thumb Code    20  dl_uart.o(.text.DL_UART_transmitDataBlocking)
    IMU_Init                                 0x00000ced   Thumb Code    32  imu.o(.text.IMU_Init)
    SYSCFG_DL_ADC12_0_init                   0x00000d19   Thumb Code    80  ti_msp_dl_config.o(.text.SYSCFG_DL_ADC12_0_init)
    SYSCFG_DL_GPIO_init                      0x00000d81   Thumb Code    56  ti_msp_dl_config.o(.text.SYSCFG_DL_GPIO_init)
    SYSCFG_DL_PWM_0_init                     0x00000dd5   Thumb Code   120  ti_msp_dl_config.o(.text.SYSCFG_DL_PWM_0_init)
    SYSCFG_DL_SYSCTL_init                    0x00000e65   Thumb Code    80  ti_msp_dl_config.o(.text.SYSCFG_DL_SYSCTL_init)
    SYSCFG_DL_SYSTICK_init                   0x00000ec1   Thumb Code    36  ti_msp_dl_config.o(.text.SYSCFG_DL_SYSTICK_init)
    SYSCFG_DL_TIMER_1ms_init                 0x00000ef1   Thumb Code    36  ti_msp_dl_config.o(.text.SYSCFG_DL_TIMER_1ms_init)
    SYSCFG_DL_TIMER_1s_init                  0x00000f29   Thumb Code    36  ti_msp_dl_config.o(.text.SYSCFG_DL_TIMER_1s_init)
    SYSCFG_DL_UART_0_init                    0x00000f61   Thumb Code    92  ti_msp_dl_config.o(.text.SYSCFG_DL_UART_0_init)
    SYSCFG_DL_UART_1_init                    0x00000fd1   Thumb Code    92  ti_msp_dl_config.o(.text.SYSCFG_DL_UART_1_init)
    SYSCFG_DL_init                           0x00001045   Thumb Code    56  ti_msp_dl_config.o(.text.SYSCFG_DL_init)
    SYSCFG_DL_initPower                      0x00001085   Thumb Code    72  ti_msp_dl_config.o(.text.SYSCFG_DL_initPower)
    SysTick_Handler                          0x00001221   Thumb Code    16  empty.o(.text.SysTick_Handler)
    TIMA0_IRQHandler                         0x00001235   Thumb Code    52  empty.o(.text.TIMA0_IRQHandler)
    TIMG0_IRQHandler                         0x00001271   Thumb Code     2  empty.o(.text.TIMG0_IRQHandler)
    TIM_Init                                 0x00001275   Thumb Code    24  tim.o(.text.TIM_Init)
    UART0_IRQHandler                         0x00001291   Thumb Code    32  uart.o(.text.UART0_IRQHandler)
    UART1_IRQHandler                         0x000012c1   Thumb Code    20  uart.o(.text.UART1_IRQHandler)
    UART_Init                                0x000012dd   Thumb Code    20  uart.o(.text.UART_Init)
    WitDelayMsRegister                       0x000012f9   Thumb Code    20  wit_c_sdk.o(.text.WitDelayMsRegister)
    WitInit                                  0x0000130d   Thumb Code    28  wit_c_sdk.o(.text.WitInit)
    WitRegisterCallBack                      0x0000132d   Thumb Code    20  wit_c_sdk.o(.text.WitRegisterCallBack)
    WitSerialDataIn                          0x00001341   Thumb Code   436  wit_c_sdk.o(.text.WitSerialDataIn)
    WitSerialWriteRegister                   0x00001509   Thumb Code    20  wit_c_sdk.o(.text.WitSerialWriteRegister)
    WitSetBandwidth                          0x0000151d   Thumb Code    76  wit_c_sdk.o(.text.WitSetBandwidth)
    WitSetContent                            0x00001569   Thumb Code    84  wit_c_sdk.o(.text.WitSetContent)
    WitSetOutputRate                         0x000015c5   Thumb Code    84  wit_c_sdk.o(.text.WitSetOutputRate)
    WitStartAccCali                          0x0000161d   Thumb Code    64  wit_c_sdk.o(.text.WitStartAccCali)
    WitStartMagCali                          0x0000165d   Thumb Code    64  wit_c_sdk.o(.text.WitStartMagCali)
    WitStopMagCali                           0x000016a5   Thumb Code    64  wit_c_sdk.o(.text.WitStopMagCali)
    WitWriteReg                              0x000016f1   Thumb Code   248  wit_c_sdk.o(.text.WitWriteReg)
    delay_ms                                 0x0000187d   Thumb Code    12  empty.o(.text.delay_ms)
    fputc                                    0x0000188d   Thumb Code    16  uart.o(.text.fputc)
    imu_proc                                 0x0000189d   Thumb Code   504  imu.o(.text.imu_proc)
    key_proc                                 0x00001b01   Thumb Code    40  key.o(.text.key_proc)
    main                                     0x00001b39   Thumb Code    26  empty.o(.text.main)
    puts                                     0x00001b55   Thumb Code    48  uart.o(.text.puts)
    uart_proc                                0x00001b89   Thumb Code    52  uart.o(.text.uart_proc)
    __0printf                                0x00001bd5   Thumb Code    24  printfa.o(i.__0printf)
    __1printf                                0x00001bd5   Thumb Code     0  printfa.o(i.__0printf)
    __2printf                                0x00001bd5   Thumb Code     0  printfa.o(i.__0printf)
    __c89printf                              0x00001bd5   Thumb Code     0  printfa.o(i.__0printf)
    printf                                   0x00001bd5   Thumb Code     0  printfa.o(i.__0printf)
    __ARM_clz                                0x00001bf5   Thumb Code    46  depilogue.o(i.__ARM_clz)
    __scatterload_copy                       0x00001c29   Thumb Code    14  handlers.o(i.__scatterload_copy)
    __scatterload_null                       0x00001c39   Thumb Code     2  handlers.o(i.__scatterload_null)
    __scatterload_zeroinit                   0x00001c41   Thumb Code    14  handlers.o(i.__scatterload_zeroinit)
    Region$$Table$$Base                      0x000027dc   Number         0  anon$$obj.o(Region$$Table)
    Region$$Table$$Limit                     0x000027fc   Number         0  anon$$obj.o(Region$$Table)
    __stdout                                 0x20200000   Data           4  stdout.o(.data)
    Rx                                       0x20200008   Data         100  uart.o(.bss.Rx)
    RxData                                   0x2020006c   Data           1  uart.o(.bss.RxData)
    checkADC                                 0x2020006d   Data           1  adc.o(.bss.checkADC)
    delay_times                              0x20200070   Data           4  empty.o(.bss.delay_times)
    fAcc                                     0x20200074   Data          12  imu.o(.bss.fAcc)
    fAngle                                   0x20200080   Data          12  imu.o(.bss.fAngle)
    fAngle_tmp                               0x2020008c   Data           4  imu.o(.bss.fAngle_tmp)
    fGyro                                    0x20200090   Data          12  imu.o(.bss.fGyro)
    gPWM_0Backup                             0x2020009c   Data         188  ti_msp_dl_config.o(.bss.gPWM_0Backup)
    gTIMER_1msBackup                         0x20200158   Data         188  ti_msp_dl_config.o(.bss.gTIMER_1msBackup)
    i                                        0x20200214   Data           4  imu.o(.bss.i)
    imuTick                                  0x20200218   Data           4  empty.o(.bss.imuTick)
    k1                                       0x2020021c   Data           1  key.o(.bss.k1)
    k1_last                                  0x2020021d   Data           1  key.o(.bss.k1_last)
    rxpoint                                  0x20200234   Data           1  uart.o(.bss.rxpoint)
    sReg                                     0x20200236   Data         288  wit_c_sdk.o(.bss.sReg)
    uartTick                                 0x20200464   Data           4  empty.o(.bss.uartTick)
    uart_flag                                0x20200468   Data           1  uart.o(.bss.uart_flag)
    __initial_sp                             0x20200570   Data           0  startup_mspm0g350x_uvision.o(STACK)



==============================================================================

Memory Map of the image

  Image Entry point : 0x000000c1

  Load Region LR_IROM1 (Base: 0x00000000, Size: 0x00002808, Max: 0x00020000, ABSOLUTE)

    Execution Region ER_IROM1 (Exec base: 0x00000000, Load base: 0x00000000, Size: 0x000027fc, Max: 0x00020000, ABSOLUTE)

    Exec Addr    Load Addr    Size         Type   Attr      Idx    E Section Name        Object

    0x00000000   0x00000000   0x000000c0   Data   RO           24    RESET               startup_mspm0g350x_uvision.o
    0x000000c0   0x000000c0   0x00000000   Code   RO          449  * .ARM.Collect$$$$00000000  mc_p.l(entry.o)
    0x000000c0   0x000000c0   0x00000004   Code   RO          741    .ARM.Collect$$$$00000001  mc_p.l(entry2.o)
    0x000000c4   0x000000c4   0x00000004   Code   RO          744    .ARM.Collect$$$$00000004  mc_p.l(entry5.o)
    0x000000c8   0x000000c8   0x00000000   Code   RO          746    .ARM.Collect$$$$00000008  mc_p.l(entry7b.o)
    0x000000c8   0x000000c8   0x00000000   Code   RO          748    .ARM.Collect$$$$0000000A  mc_p.l(entry8b.o)
    0x000000c8   0x000000c8   0x00000008   Code   RO          749    .ARM.Collect$$$$0000000B  mc_p.l(entry9a.o)
    0x000000d0   0x000000d0   0x00000000   Code   RO          751    .ARM.Collect$$$$0000000D  mc_p.l(entry10a.o)
    0x000000d0   0x000000d0   0x00000000   Code   RO          753    .ARM.Collect$$$$0000000F  mc_p.l(entry11a.o)
    0x000000d0   0x000000d0   0x00000004   Code   RO          742    .ARM.Collect$$$$00002712  mc_p.l(entry2.o)
    0x000000d4   0x000000d4   0x00000014   Code   RO           25    .text               startup_mspm0g350x_uvision.o
    0x000000e8   0x000000e8   0x00000024   Code   RO          458    .text               mc_p.l(memcpya.o)
    0x0000010c   0x0000010c   0x00000024   Code   RO          460    .text               mc_p.l(memseta.o)
    0x00000130   0x00000130   0x0000000e   Code   RO          462    .text               mc_p.l(strlen.o)
    0x0000013e   0x0000013e   0x0000007a   Code   RO          727    .text               mf_p.l(fmul.o)
    0x000001b8   0x000001b8   0x000000d0   Code   RO          729    .text               mf_p.l(dmul.o)
    0x00000288   0x00000288   0x000000f0   Code   RO          731    .text               mf_p.l(ddiv.o)
    0x00000378   0x00000378   0x00000016   Code   RO          733    .text               mf_p.l(fflti.o)
    0x0000038e   0x0000038e   0x00000028   Code   RO          737    .text               mf_p.l(f2d.o)
    0x000003b6   0x000003b6   0x0000003e   Code   RO          760    .text               mc_p.l(uidiv_div0.o)
    0x000003f4   0x000003f4   0x00000060   Code   RO          766    .text               mc_p.l(uldiv.o)
    0x00000454   0x00000454   0x00000000   Code   RO          768    .text               mc_p.l(iusefp.o)
    0x00000454   0x00000454   0x00000082   Code   RO          769    .text               mf_p.l(fepilogue.o)
    0x000004d6   0x000004d6   0x000000be   Code   RO          771    .text               mf_p.l(depilogue.o)
    0x00000594   0x00000594   0x00000164   Code   RO          775    .text               mf_p.l(dadd.o)
    0x000006f8   0x000006f8   0x00000040   Code   RO          777    .text               mf_p.l(dfixul.o)
    0x00000738   0x00000738   0x00000028   Code   RO          779    .text               mf_p.l(cdrcmple.o)
    0x00000760   0x00000760   0x00000030   Code   RO          781    .text               mc_p.l(init.o)
    0x00000790   0x00000790   0x00000020   Code   RO          783    .text               mc_p.l(llshl.o)
    0x000007b0   0x000007b0   0x00000022   Code   RO          785    .text               mc_p.l(llushr.o)
    0x000007d2   0x000007d2   0x00000026   Code   RO          787    .text               mc_p.l(llsshr.o)
    0x000007f8   0x000007f8   0x0000001c   Code   RO          145    .text.ADC0_IRQHandler  adc.o
    0x00000814   0x00000814   0x0000001c   Code   RO          143    .text.ADC_Init      adc.o
    0x00000830   0x00000830   0x000000b4   Code   RO          165    .text.CopeWitData   wit_c_sdk.o
    0x000008e4   0x000008e4   0x00000040   Code   RO          256    .text.DL_ADC12_setClockConfig  driverlib.a(dl_adc12.o)
    0x00000924   0x00000924   0x0000000a   Code   RO          268    .text.DL_Common_delayCycles  driverlib.a(dl_common.o)
    0x0000092e   0x0000092e   0x00000002   PAD
    0x00000930   0x00000930   0x000000c4   Code   RO          418    .text.DL_SYSCTL_configSYSPLL  driverlib.a(dl_sysctl_mspm0g1x0x_g3x0x.o)
    0x000009f4   0x000009f4   0x00000028   Code   RO          426    .text.DL_SYSCTL_switchMCLKfromSYSOSCtoHSCLK  driverlib.a(dl_sysctl_mspm0g1x0x_g3x0x.o)
    0x00000a1c   0x00000a1c   0x00000108   Code   RO          357    .text.DL_Timer_initFourCCPWMMode  driverlib.a(dl_timer.o)
    0x00000b24   0x00000b24   0x000000f0   Code   RO          281    .text.DL_Timer_initTimerMode  driverlib.a(dl_timer.o)
    0x00000c14   0x00000c14   0x0000001c   Code   RO          323    .text.DL_Timer_setCaptCompUpdateMethod  driverlib.a(dl_timer.o)
    0x00000c30   0x00000c30   0x00000018   Code   RO          331    .text.DL_Timer_setCaptureCompareOutCtl  driverlib.a(dl_timer.o)
    0x00000c48   0x00000c48   0x00000010   Code   RO          283    .text.DL_Timer_setCaptureCompareValue  driverlib.a(dl_timer.o)
    0x00000c58   0x00000c58   0x0000001c   Code   RO          277    .text.DL_Timer_setClockConfig  driverlib.a(dl_timer.o)
    0x00000c74   0x00000c74   0x00000048   Code   RO          378    .text.DL_UART_init  driverlib.a(dl_uart.o)
    0x00000cbc   0x00000cbc   0x00000012   Code   RO          380    .text.DL_UART_setClockConfig  driverlib.a(dl_uart.o)
    0x00000cce   0x00000cce   0x00000002   PAD
    0x00000cd0   0x00000cd0   0x00000014   Code   RO          392    .text.DL_UART_transmitDataBlocking  driverlib.a(dl_uart.o)
    0x00000ce4   0x00000ce4   0x00000008   Code   RO          235    .text.Delayms       imu.o
    0x00000cec   0x00000cec   0x0000002c   Code   RO          229    .text.IMU_Init      imu.o
    0x00000d18   0x00000d18   0x00000068   Code   RO           50    .text.SYSCFG_DL_ADC12_0_init  ti_msp_dl_config.o
    0x00000d80   0x00000d80   0x00000054   Code   RO           36    .text.SYSCFG_DL_GPIO_init  ti_msp_dl_config.o
    0x00000dd4   0x00000dd4   0x00000090   Code   RO           40    .text.SYSCFG_DL_PWM_0_init  ti_msp_dl_config.o
    0x00000e64   0x00000e64   0x0000005c   Code   RO           38    .text.SYSCFG_DL_SYSCTL_init  ti_msp_dl_config.o
    0x00000ec0   0x00000ec0   0x00000030   Code   RO           52    .text.SYSCFG_DL_SYSTICK_init  ti_msp_dl_config.o
    0x00000ef0   0x00000ef0   0x00000038   Code   RO           42    .text.SYSCFG_DL_TIMER_1ms_init  ti_msp_dl_config.o
    0x00000f28   0x00000f28   0x00000038   Code   RO           44    .text.SYSCFG_DL_TIMER_1s_init  ti_msp_dl_config.o
    0x00000f60   0x00000f60   0x00000070   Code   RO           46    .text.SYSCFG_DL_UART_0_init  ti_msp_dl_config.o
    0x00000fd0   0x00000fd0   0x00000074   Code   RO           48    .text.SYSCFG_DL_UART_1_init  ti_msp_dl_config.o
    0x00001044   0x00001044   0x00000040   Code   RO           32    .text.SYSCFG_DL_init  ti_msp_dl_config.o
    0x00001084   0x00001084   0x00000070   Code   RO           34    .text.SYSCFG_DL_initPower  ti_msp_dl_config.o
    0x000010f4   0x000010f4   0x000000d8   Code   RO          233    .text.SensorDataUpdata  imu.o
    0x000011cc   0x000011cc   0x00000054   Code   RO          231    .text.SensorUartSend  imu.o
    0x00001220   0x00001220   0x00000014   Code   RO            4    .text.SysTick_Handler  empty.o
    0x00001234   0x00001234   0x0000003c   Code   RO            6    .text.TIMA0_IRQHandler  empty.o
    0x00001270   0x00001270   0x00000002   Code   RO            8    .text.TIMG0_IRQHandler  empty.o
    0x00001272   0x00001272   0x00000002   PAD
    0x00001274   0x00001274   0x0000001c   Code   RO          104    .text.TIM_Init      tim.o
    0x00001290   0x00001290   0x00000030   Code   RO          119    .text.UART0_IRQHandler  uart.o
    0x000012c0   0x000012c0   0x0000001c   Code   RO          121    .text.UART1_IRQHandler  uart.o
    0x000012dc   0x000012dc   0x0000001c   Code   RO          117    .text.UART_Init     uart.o
    0x000012f8   0x000012f8   0x00000014   Code   RO          185    .text.WitDelayMsRegister  wit_c_sdk.o
    0x0000130c   0x0000130c   0x00000020   Code   RO          181    .text.WitInit       wit_c_sdk.o
    0x0000132c   0x0000132c   0x00000014   Code   RO          175    .text.WitRegisterCallBack  wit_c_sdk.o
    0x00001340   0x00001340   0x000001c8   Code   RO          163    .text.WitSerialDataIn  wit_c_sdk.o
    0x00001508   0x00001508   0x00000014   Code   RO          161    .text.WitSerialWriteRegister  wit_c_sdk.o
    0x0000151c   0x0000151c   0x0000004c   Code   RO          201    .text.WitSetBandwidth  wit_c_sdk.o
    0x00001568   0x00001568   0x0000005c   Code   RO          205    .text.WitSetContent  wit_c_sdk.o
    0x000015c4   0x000015c4   0x00000058   Code   RO          203    .text.WitSetOutputRate  wit_c_sdk.o
    0x0000161c   0x0000161c   0x00000040   Code   RO          189    .text.WitStartAccCali  wit_c_sdk.o
    0x0000165c   0x0000165c   0x00000048   Code   RO          193    .text.WitStartMagCali  wit_c_sdk.o
    0x000016a4   0x000016a4   0x0000004c   Code   RO          195    .text.WitStopMagCali  wit_c_sdk.o
    0x000016f0   0x000016f0   0x00000110   Code   RO          177    .text.WitWriteReg   wit_c_sdk.o
    0x00001800   0x00001800   0x0000007c   Code   RO          167    .text.__CRC16       wit_c_sdk.o
    0x0000187c   0x0000187c   0x00000010   Code   RO           10    .text.delay_ms      empty.o
    0x0000188c   0x0000188c   0x00000010   Code   RO          123    .text.fputc         uart.o
    0x0000189c   0x0000189c   0x00000264   Code   RO          237    .text.imu_proc      imu.o
    0x00001b00   0x00001b00   0x00000038   Code   RO           94    .text.key_proc      key.o
    0x00001b38   0x00001b38   0x0000001a   Code   RO            2    .text.main          empty.o
    0x00001b52   0x00001b52   0x00000002   PAD
    0x00001b54   0x00001b54   0x00000034   Code   RO          127    .text.puts          uart.o
    0x00001b88   0x00001b88   0x0000004c   Code   RO          129    .text.uart_proc     uart.o
    0x00001bd4   0x00001bd4   0x00000020   Code   RO          699    i.__0printf         mc_p.l(printfa.o)
    0x00001bf4   0x00001bf4   0x0000002e   Code   RO          773    i.__ARM_clz         mf_p.l(depilogue.o)
    0x00001c22   0x00001c22   0x00000006   PAD
    0x00001c28   0x00001c28   0x0000000e   Code   RO          791    i.__scatterload_copy  mc_p.l(handlers.o)
    0x00001c36   0x00001c36   0x00000002   PAD
    0x00001c38   0x00001c38   0x00000002   Code   RO          792    i.__scatterload_null  mc_p.l(handlers.o)
    0x00001c3a   0x00001c3a   0x00000006   PAD
    0x00001c40   0x00001c40   0x0000000e   Code   RO          793    i.__scatterload_zeroinit  mc_p.l(handlers.o)
    0x00001c4e   0x00001c4e   0x00000002   PAD
    0x00001c50   0x00001c50   0x00000174   Code   RO          706    i._fp_digits        mc_p.l(printfa.o)
    0x00001dc4   0x00001dc4   0x000006ec   Code   RO          707    i._printf_core      mc_p.l(printfa.o)
    0x000024b0   0x000024b0   0x00000020   Code   RO          708    i._printf_post_padding  mc_p.l(printfa.o)
    0x000024d0   0x000024d0   0x0000002c   Code   RO          709    i._printf_pre_padding  mc_p.l(printfa.o)
    0x000024fc   0x000024fc   0x0000000a   Data   RO          247    .rodata..Lswitch.table.SensorDataUpdata  imu.o
    0x00002506   0x00002506   0x00000100   Data   RO          219    .rodata.__auchCRCHi  wit_c_sdk.o
    0x00002606   0x00002606   0x00000100   Data   RO          220    .rodata.__auchCRCLo  wit_c_sdk.o
    0x00002706   0x00002706   0x00000002   PAD
    0x00002708   0x00002708   0x00000008   Data   RO           71    .rodata.gADC12_0ClockConfig  ti_msp_dl_config.o
    0x00002710   0x00002710   0x00000003   Data   RO           61    .rodata.gPWM_0ClockConfig  ti_msp_dl_config.o
    0x00002713   0x00002713   0x00000001   PAD
    0x00002714   0x00002714   0x00000008   Data   RO           62    .rodata.gPWM_0Config  ti_msp_dl_config.o
    0x0000271c   0x0000271c   0x00000028   Data   RO           60    .rodata.gSYSPLLConfig  ti_msp_dl_config.o
    0x00002744   0x00002744   0x00000003   Data   RO           63    .rodata.gTIMER_1msClockConfig  ti_msp_dl_config.o
    0x00002747   0x00002747   0x00000001   PAD
    0x00002748   0x00002748   0x00000014   Data   RO           64    .rodata.gTIMER_1msTimerConfig  ti_msp_dl_config.o
    0x0000275c   0x0000275c   0x00000003   Data   RO           65    .rodata.gTIMER_1sClockConfig  ti_msp_dl_config.o
    0x0000275f   0x0000275f   0x00000001   PAD
    0x00002760   0x00002760   0x00000014   Data   RO           66    .rodata.gTIMER_1sTimerConfig  ti_msp_dl_config.o
    0x00002774   0x00002774   0x00000002   Data   RO           67    .rodata.gUART_0ClockConfig  ti_msp_dl_config.o
    0x00002776   0x00002776   0x0000000a   Data   RO           68    .rodata.gUART_0Config  ti_msp_dl_config.o
    0x00002780   0x00002780   0x00000002   Data   RO           69    .rodata.gUART_1ClockConfig  ti_msp_dl_config.o
    0x00002782   0x00002782   0x0000000a   Data   RO           70    .rodata.gUART_1Config  ti_msp_dl_config.o
    0x0000278c   0x0000278c   0x0000004f   Data   RO          246    .rodata.str1.1      imu.o
    0x000027db   0x000027db   0x00000001   PAD
    0x000027dc   0x000027dc   0x00000020   Data   RO          790    Region$$Table       anon$$obj.o


    Execution Region RW_IRAM2 (Exec base: 0x20200000, Load base: 0x00002800, Size: 0x00000570, Max: 0x00008000, ABSOLUTE)

    Exec Addr    Load Addr    Size         Type   Attr      Idx    E Section Name        Object

    0x20200000   0x00002800   0x00000004   Data   RW          755    .data               mc_p.l(stdout.o)
    0x20200004   0x00002804   0x00000001   Data   RW          245    .data.s_cCmd        imu.o
    0x20200005   0x00002805   0x00000001   Data   RW          217    .data.s_ucAddr      wit_c_sdk.o
    0x20200006   0x00002806   0x00000002   PAD
    0x20200008        -       0x00000064   Zero   RW          132    .bss.Rx             uart.o
    0x2020006c        -       0x00000001   Zero   RW          131    .bss.RxData         uart.o
    0x2020006d        -       0x00000001   Zero   RW          149    .bss.checkADC       adc.o
    0x2020006e   0x00002806   0x00000002   PAD
    0x20200070        -       0x00000004   Zero   RW           12    .bss.delay_times    empty.o
    0x20200074        -       0x0000000c   Zero   RW          242    .bss.fAcc           imu.o
    0x20200080        -       0x0000000c   Zero   RW          244    .bss.fAngle         imu.o
    0x2020008c        -       0x00000004   Zero   RW          239    .bss.fAngle_tmp     imu.o
    0x20200090        -       0x0000000c   Zero   RW          243    .bss.fGyro          imu.o
    0x2020009c        -       0x000000bc   Zero   RW           58    .bss.gPWM_0Backup   ti_msp_dl_config.o
    0x20200158        -       0x000000bc   Zero   RW           59    .bss.gTIMER_1msBackup  ti_msp_dl_config.o
    0x20200214        -       0x00000004   Zero   RW          241    .bss.i              imu.o
    0x20200218        -       0x00000004   Zero   RW           14    .bss.imuTick        empty.o
    0x2020021c        -       0x00000001   Zero   RW           96    .bss.k1             key.o
    0x2020021d        -       0x00000001   Zero   RW           97    .bss.k1_last        key.o
    0x2020021e   0x00002806   0x00000002   PAD
    0x20200220        -       0x00000004   Zero   RW          216    .bss.p_WitCanWriteFunc  wit_c_sdk.o
    0x20200224        -       0x00000004   Zero   RW          218    .bss.p_WitDelaymsFunc  wit_c_sdk.o
    0x20200228        -       0x00000004   Zero   RW          214    .bss.p_WitI2cWriteFunc  wit_c_sdk.o
    0x2020022c        -       0x00000004   Zero   RW          208    .bss.p_WitRegUpdateCbFunc  wit_c_sdk.o
    0x20200230        -       0x00000004   Zero   RW          207    .bss.p_WitSerialWriteFunc  wit_c_sdk.o
    0x20200234        -       0x00000001   Zero   RW          133    .bss.rxpoint        uart.o
    0x20200235   0x00002806   0x00000001   PAD
    0x20200236        -       0x00000120   Zero   RW          212    .bss.sReg           wit_c_sdk.o
    0x20200356        -       0x00000001   Zero   RW          240    .bss.s_cDataUpdate  imu.o
    0x20200357   0x00002806   0x00000001   PAD
    0x20200358        -       0x00000100   Zero   RW          209    .bss.s_ucWitDataBuff  wit_c_sdk.o
    0x20200458        -       0x00000004   Zero   RW          211    .bss.s_uiProtoclo   wit_c_sdk.o
    0x2020045c        -       0x00000004   Zero   RW          213    .bss.s_uiReadRegIndex  wit_c_sdk.o
    0x20200460        -       0x00000004   Zero   RW          210    .bss.s_uiWitDataCnt  wit_c_sdk.o
    0x20200464        -       0x00000004   Zero   RW           13    .bss.uartTick       empty.o
    0x20200468        -       0x00000001   Zero   RW          134    .bss.uart_flag      uart.o
    0x20200469   0x00002806   0x00000007   PAD
    0x20200470        -       0x00000100   Zero   RW           22    STACK               startup_mspm0g350x_uvision.o



  Load Region LR_BCR (Base: 0x41c00000, Size: 0x00000000, Max: 0x00000100, ABSOLUTE)

    Execution Region BCR_CONFIG (Exec base: 0x41c00000, Load base: 0x41c00000, Size: 0x00000000, Max: 0x000000ff, ABSOLUTE)

    **** No section assigned to this execution region ****



  Load Region LR_BSL (Base: 0x41c00100, Size: 0x00000000, Max: 0x00000100, ABSOLUTE)

    Execution Region BSL_CONFIG (Exec base: 0x41c00100, Load base: 0x41c00100, Size: 0x00000000, Max: 0x00000080, ABSOLUTE)

    **** No section assigned to this execution region ****


==============================================================================

Image component sizes


      Code (inc. data)   RO Data    RW Data    ZI Data      Debug   Object Name

        56         16          0          0          1       5885   adc.o
       124         16          0          0         12        983   empty.o
       964        184         89          1         45       4838   imu.o
        56         16          0          0          2       3566   key.o
        20          4        192          0        256        600   startup_mspm0g350x_uvision.o
       988        232        129          0        376      31332   ti_msp_dl_config.o
        28          4          0          0          0       5030   tim.o
       248         60          0          0        103       6186   uart.o
      1592        120        512          1        576      12059   wit_c_sdk.o

    ----------------------------------------------------------------------
      4080        652        960          4       1384      70479   Object Totals
         0          0         32          0          0          0   (incl. Generated)
         4          0          6          2         13          0   (incl. Padding)

    ----------------------------------------------------------------------

      Code (inc. data)   RO Data    RW Data    ZI Data      Debug   Library Member Name

        64          8          0          0          0       4722   dl_adc12.o
        10          0          0          0          0        803   dl_common.o
       236         24          0          0          0      12876   dl_sysctl_mspm0g1x0x_g3x0x.o
       600        192          0          0          0      41556   dl_timer.o
       110         12          0          0          0      14163   dl_uart.o
         0          0          0          0          0          0   entry.o
         0          0          0          0          0          0   entry10a.o
         0          0          0          0          0          0   entry11a.o
         8          4          0          0          0          0   entry2.o
         4          0          0          0          0          0   entry5.o
         0          0          0          0          0          0   entry7b.o
         0          0          0          0          0          0   entry8b.o
         8          4          0          0          0          0   entry9a.o
        30          0          0          0          0          0   handlers.o
        48         10          0          0          0         68   init.o
         0          0          0          0          0          0   iusefp.o
        32          0          0          0          0         68   llshl.o
        38          0          0          0          0         68   llsshr.o
        34          0          0          0          0         68   llushr.o
        36          0          0          0          0         60   memcpya.o
        36          0          0          0          0        100   memseta.o
      2252         98          0          0          0        412   printfa.o
         0          0          0          4          0          0   stdout.o
        14          0          0          0          0         60   strlen.o
        62          0          0          0          0         72   uidiv_div0.o
        96          0          0          0          0         84   uldiv.o
        40          2          0          0          0         68   cdrcmple.o
       356          4          0          0          0        140   dadd.o
       240          6          0          0          0         84   ddiv.o
       236          0          0          0          0        216   depilogue.o
        64         10          0          0          0         68   dfixul.o
       208          6          0          0          0         88   dmul.o
        40          0          0          0          0         60   f2d.o
       130          0          0          0          0        144   fepilogue.o
        22          0          0          0          0         68   fflti.o
       122          0          0          0          0         72   fmul.o

    ----------------------------------------------------------------------
      5196        380          0          4          0      76188   Library Totals
        20          0          0          0          0          0   (incl. Padding)

    ----------------------------------------------------------------------

      Code (inc. data)   RO Data    RW Data    ZI Data      Debug   Library Name

      1020        236          0          0          0      74120   driverlib.a
      2698        116          0          4          0       1060   mc_p.l
      1458         28          0          0          0       1008   mf_p.l

    ----------------------------------------------------------------------
      5196        380          0          4          0      76188   Library Totals

    ----------------------------------------------------------------------

==============================================================================


      Code (inc. data)   RO Data    RW Data    ZI Data      Debug   

      9276       1032        960          8       1384     145603   Grand Totals
      9276       1032        960          8       1384     145603   ELF Image Totals
      9276       1032        960          8          0          0   ROM Totals

==============================================================================

    Total RO  Size (Code + RO Data)                10236 (  10.00kB)
    Total RW  Size (RW Data + ZI Data)              1392 (   1.36kB)
    Total ROM Size (Code + RO Data + RW Data)      10244 (  10.00kB)

==============================================================================

