Component: Arm Compiler for Embedded 6.22 Tool: armlink [5ee90200]

==============================================================================

Section Cross References

    empty.o(.text.main) refers to ti_msp_dl_config.o(.text.SYSCFG_DL_init) for SYSCFG_DL_init
    empty.o(.text.main) refers to tim.o(.text.TIM_Init) for TIM_Init
    empty.o(.text.main) refers to imu.o(.text.IMU_Init) for IMU_Init
    empty.o(.text.main) refers to uart.o(.text.UART_Init) for UART_Init
    empty.o(.text.main) refers to encoder.o(.text.Encoder_Init) for Encoder_Init
    empty.o(.text.main) refers to key.o(.text.key_proc) for key_proc
    empty.o(.ARM.exidx.text.main) refers to empty.o(.text.main) for [Anonymous Symbol]
    empty.o(.text.SysTick_Handler) refers to empty.o(.bss.delay_times) for delay_times
    empty.o(.ARM.exidx.text.SysTick_Handler) refers to empty.o(.text.SysTick_Handler) for [Anonymous Symbol]
    empty.o(.text.TIMA0_IRQHandler) refers to uart.o(.text.uart_proc) for uart_proc
    empty.o(.text.TIMA0_IRQHandler) refers to empty.o(.bss.uartTick) for uartTick
    empty.o(.text.TIMA0_IRQHandler) refers to empty.o(.bss.imuTick) for imuTick
    empty.o(.ARM.exidx.text.TIMA0_IRQHandler) refers to empty.o(.text.TIMA0_IRQHandler) for [Anonymous Symbol]
    empty.o(.text.TIMA1_IRQHandler) refers to empty.o(.bss.second) for second
    empty.o(.ARM.exidx.text.TIMA1_IRQHandler) refers to empty.o(.text.TIMA1_IRQHandler) for [Anonymous Symbol]
    empty.o(.text.delay_ms) refers to empty.o(.bss.delay_times) for delay_times
    empty.o(.ARM.exidx.text.delay_ms) refers to empty.o(.text.delay_ms) for [Anonymous Symbol]
    startup_mspm0g350x_uvision.o(RESET) refers to startup_mspm0g350x_uvision.o(STACK) for __initial_sp
    startup_mspm0g350x_uvision.o(RESET) refers to startup_mspm0g350x_uvision.o(.text) for Reset_Handler
    startup_mspm0g350x_uvision.o(RESET) refers to empty.o(.text.SysTick_Handler) for SysTick_Handler
    startup_mspm0g350x_uvision.o(RESET) refers to encoder.o(.text.GROUP1_IRQHandler) for GROUP1_IRQHandler
    startup_mspm0g350x_uvision.o(RESET) refers to adc.o(.text.ADC0_IRQHandler) for ADC0_IRQHandler
    startup_mspm0g350x_uvision.o(RESET) refers to uart.o(.text.UART1_IRQHandler) for UART1_IRQHandler
    startup_mspm0g350x_uvision.o(RESET) refers to uart.o(.text.UART0_IRQHandler) for UART0_IRQHandler
    startup_mspm0g350x_uvision.o(RESET) refers to empty.o(.text.TIMA0_IRQHandler) for TIMA0_IRQHandler
    startup_mspm0g350x_uvision.o(RESET) refers to empty.o(.text.TIMA1_IRQHandler) for TIMA1_IRQHandler
    startup_mspm0g350x_uvision.o(.text) refers to entry.o(.ARM.Collect$$$$00000000) for __main
    ti_msp_dl_config.o(.text.SYSCFG_DL_init) refers to ti_msp_dl_config.o(.text.SYSCFG_DL_initPower) for SYSCFG_DL_initPower
    ti_msp_dl_config.o(.text.SYSCFG_DL_init) refers to ti_msp_dl_config.o(.text.SYSCFG_DL_GPIO_init) for SYSCFG_DL_GPIO_init
    ti_msp_dl_config.o(.text.SYSCFG_DL_init) refers to ti_msp_dl_config.o(.text.SYSCFG_DL_SYSCTL_init) for SYSCFG_DL_SYSCTL_init
    ti_msp_dl_config.o(.text.SYSCFG_DL_init) refers to ti_msp_dl_config.o(.text.SYSCFG_DL_PWM_0_init) for SYSCFG_DL_PWM_0_init
    ti_msp_dl_config.o(.text.SYSCFG_DL_init) refers to ti_msp_dl_config.o(.text.SYSCFG_DL_PWM_1_init) for SYSCFG_DL_PWM_1_init
    ti_msp_dl_config.o(.text.SYSCFG_DL_init) refers to ti_msp_dl_config.o(.text.SYSCFG_DL_TIMER_1ms_init) for SYSCFG_DL_TIMER_1ms_init
    ti_msp_dl_config.o(.text.SYSCFG_DL_init) refers to ti_msp_dl_config.o(.text.SYSCFG_DL_TIMER_1s_init) for SYSCFG_DL_TIMER_1s_init
    ti_msp_dl_config.o(.text.SYSCFG_DL_init) refers to ti_msp_dl_config.o(.text.SYSCFG_DL_UART_0_init) for SYSCFG_DL_UART_0_init
    ti_msp_dl_config.o(.text.SYSCFG_DL_init) refers to ti_msp_dl_config.o(.text.SYSCFG_DL_UART_1_init) for SYSCFG_DL_UART_1_init
    ti_msp_dl_config.o(.text.SYSCFG_DL_init) refers to ti_msp_dl_config.o(.text.SYSCFG_DL_UART_2_init) for SYSCFG_DL_UART_2_init
    ti_msp_dl_config.o(.text.SYSCFG_DL_init) refers to ti_msp_dl_config.o(.text.SYSCFG_DL_UART_3_init) for SYSCFG_DL_UART_3_init
    ti_msp_dl_config.o(.text.SYSCFG_DL_init) refers to ti_msp_dl_config.o(.text.SYSCFG_DL_ADC12_0_init) for SYSCFG_DL_ADC12_0_init
    ti_msp_dl_config.o(.text.SYSCFG_DL_init) refers to ti_msp_dl_config.o(.text.SYSCFG_DL_SYSTICK_init) for SYSCFG_DL_SYSTICK_init
    ti_msp_dl_config.o(.text.SYSCFG_DL_init) refers to ti_msp_dl_config.o(.text.SYSCFG_DL_WWDT0_init) for SYSCFG_DL_WWDT0_init
    ti_msp_dl_config.o(.text.SYSCFG_DL_init) refers to ti_msp_dl_config.o(.bss.gPWM_1Backup) for gPWM_1Backup
    ti_msp_dl_config.o(.text.SYSCFG_DL_init) refers to ti_msp_dl_config.o(.bss.gPWM_0Backup) for gPWM_0Backup
    ti_msp_dl_config.o(.text.SYSCFG_DL_init) refers to ti_msp_dl_config.o(.bss.gTIMER_1msBackup) for gTIMER_1msBackup
    ti_msp_dl_config.o(.text.SYSCFG_DL_init) refers to ti_msp_dl_config.o(.bss.gTIMER_1sBackup) for gTIMER_1sBackup
[...]
    Removing dl_timer.o(.text.DL_Timer_getCaptCompUpdateMethod), (20 bytes).
    Removing dl_timer.o(.ARM.exidx.text.DL_Timer_getCaptCompUpdateMethod), (8 bytes).
    Removing dl_timer.o(.text.DL_Timer_setCaptCompActUpdateMethod), (28 bytes).
    Removing dl_timer.o(.ARM.exidx.text.DL_Timer_setCaptCompActUpdateMethod), (8 bytes).
    Removing dl_timer.o(.text.DL_Timer_getCaptCompActUpdateMethod), (20 bytes).
    Removing dl_timer.o(.ARM.exidx.text.DL_Timer_getCaptCompActUpdateMethod), (8 bytes).
    Removing dl_timer.o(.ARM.exidx.text.DL_Timer_setCaptureCompareOutCtl), (8 bytes).
    Removing dl_timer.o(.text.DL_Timer_getCaptureCompareOutCtl), (16 bytes).
    Removing dl_timer.o(.ARM.exidx.text.DL_Timer_getCaptureCompareOutCtl), (8 bytes).
    Removing dl_timer.o(.text.DL_Timer_setCaptureCompareAction), (36 bytes).
    Removing dl_timer.o(.ARM.exidx.text.DL_Timer_setCaptureCompareAction), (8 bytes).
    Removing dl_timer.o(.text.DL_Timer_getCaptureCompareAction), (24 bytes).
    Removing dl_timer.o(.ARM.exidx.text.DL_Timer_getCaptureCompareAction), (8 bytes).
    Removing dl_timer.o(.text.DL_Timer_overrideCCPOut), (32 bytes).
    Removing dl_timer.o(.ARM.exidx.text.DL_Timer_overrideCCPOut), (8 bytes).
    Removing dl_timer.o(.text.DL_Timer_getCaptureCompareInput), (16 bytes).
    Removing dl_timer.o(.ARM.exidx.text.DL_Timer_getCaptureCompareInput), (8 bytes).
    Removing dl_timer.o(.text.DL_Timer_setCaptureCompareInputFilter), (28 bytes).
    Removing dl_timer.o(.ARM.exidx.text.DL_Timer_setCaptureCompareInputFilter), (8 bytes).
    Removing dl_timer.o(.text.DL_Timer_getCaptureCompareInputFilter), (18 bytes).
    Removing dl_timer.o(.ARM.exidx.text.DL_Timer_getCaptureCompareInputFilter), (8 bytes).
    Removing dl_timer.o(.text.DL_Timer_enableCaptureCompareInputFilter), (20 bytes).
    Removing dl_timer.o(.ARM.exidx.text.DL_Timer_enableCaptureCompareInputFilter), (8 bytes).
    Removing dl_timer.o(.text.DL_Timer_disableCaptureCompareInputFilter), (20 bytes).
    Removing dl_timer.o(.ARM.exidx.text.DL_Timer_disableCaptureCompareInputFilter), (8 bytes).
    Removing dl_timer.o(.text.DL_Timer_isCaptureCompareInputFilterEnabled), (20 bytes).
    Removing dl_timer.o(.ARM.exidx.text.DL_Timer_isCaptureCompareInputFilterEnabled), (8 bytes).
    Removing dl_timer.o(.text.DL_Timer_saveConfiguration), (236 bytes).
    Removing dl_timer.o(.ARM.exidx.text.DL_Timer_saveConfiguration), (8 bytes).
    Removing dl_timer.o(.text.DL_Timer_restoreConfiguration), (244 bytes).
    Removing dl_timer.o(.ARM.exidx.text.DL_Timer_restoreConfiguration), (8 bytes).
    Removing dl_timer.o(.ARM.exidx.text.DL_Timer_initFourCCPWMMode), (8 bytes).
    Removing dl_timer.o(.text.DL_Timer_setFaultSourceConfig), (44 bytes).
    Removing dl_timer.o(.ARM.exidx.text.DL_Timer_setFaultSourceConfig), (8 bytes).
    Removing dl_timer.o(.text.DL_Timer_getFaultSourceConfig), (32 bytes).
    Removing dl_timer.o(.ARM.exidx.text.DL_Timer_getFaultSourceConfig), (8 bytes).
    Removing dl_timer.o(.text.DL_TimerA_saveConfiguration), (264 bytes).
    Removing dl_timer.o(.ARM.exidx.text.DL_TimerA_saveConfiguration), (8 bytes).
    Removing dl_timer.o(.text.DL_TimerA_restoreConfiguration), (276 bytes).
    Removing dl_timer.o(.ARM.exidx.text.DL_TimerA_restoreConfiguration), (8 bytes).
    Removing dl_timer.o(.text.DL_Timer_configQEIHallInputMode), (36 bytes).
    Removing dl_timer.o(.ARM.exidx.text.DL_Timer_configQEIHallInputMode), (8 bytes).
    Removing dl_timer.o(.rodata..Lswitch.table.DL_Timer_initCompareMode), (12 bytes).
    Removing dl_uart.o(.text), (0 bytes).
    Removing dl_uart.o(.ARM.exidx.text.DL_UART_init), (8 bytes).
    Removing dl_uart.o(.ARM.exidx.text.DL_UART_setClockConfig), (8 bytes).
    Removing dl_uart.o(.text.DL_UART_getClockConfig), (16 bytes).
    Removing dl_uart.o(.ARM.exidx.text.DL_UART_getClockConfig), (8 bytes).
    Removing dl_uart.o(.text.DL_UART_configBaudRate), (140 bytes).
    Removing dl_uart.o(.ARM.exidx.text.DL_UART_configBaudRate), (8 bytes).
    Removing dl_uart.o(.text.DL_UART_configIrDAMode), (60 bytes).
    Removing dl_uart.o(.ARM.exidx.text.DL_UART_configIrDAMode), (8 bytes).
    Removing dl_uart.o(.text.DL_UART_setIrDAPulseLength), (42 bytes).
    Removing dl_uart.o(.ARM.exidx.text.DL_UART_setIrDAPulseLength), (8 bytes).
    Removing dl_uart.o(.text.DL_UART_receiveDataBlocking), (20 bytes).
    Removing dl_uart.o(.ARM.exidx.text.DL_UART_receiveDataBlocking), (8 bytes).
    Removing dl_uart.o(.ARM.exidx.text.DL_UART_transmitDataBlocking), (8 bytes).
    Removing dl_uart.o(.text.DL_UART_receiveDataCheck), (28 bytes).
    Removing dl_uart.o(.ARM.exidx.text.DL_UART_receiveDataCheck), (8 bytes).
    Removing dl_uart.o(.text.DL_UART_transmitDataCheck), (24 bytes).
    Removing dl_uart.o(.ARM.exidx.text.DL_UART_transmitDataCheck), (8 bytes).
    Removing dl_uart.o(.text.DL_UART_drainRXFIFO), (40 bytes).
    Removing dl_uart.o(.ARM.exidx.text.DL_UART_drainRXFIFO), (8 bytes).
    Removing dl_uart.o(.text.DL_UART_fillTXFIFO), (40 bytes).
    Removing dl_uart.o(.ARM.exidx.text.DL_UART_fillTXFIFO), (8 bytes).
    Removing dl_uart.o(.text.DL_UART_Main_saveConfiguration), (88 bytes).
    Removing dl_uart.o(.ARM.exidx.text.DL_UART_Main_saveConfiguration), (8 bytes).
    Removing dl_uart.o(.text.DL_UART_Main_restoreConfiguration), (120 bytes).
    Removing dl_uart.o(.ARM.exidx.text.DL_UART_Main_restoreConfiguration), (8 bytes).
    Removing dl_uart.o(.text.DL_UART_Extend_saveConfiguration), (104 bytes).
    Removing dl_uart.o(.ARM.exidx.text.DL_UART_Extend_saveConfiguration), (8 bytes).
    Removing dl_uart.o(.text.DL_UART_Extend_restoreConfiguration), (132 bytes).
    Removing dl_uart.o(.ARM.exidx.text.DL_UART_Extend_restoreConfiguration), (8 bytes).
    Removing dl_sysctl_mspm0g1x0x_g3x0x.o(.text), (0 bytes).
    Removing dl_sysctl_mspm0g1x0x_g3x0x.o(.ARM.exidx.text.DL_SYSCTL_configSYSPLL), (8 bytes).
    Removing dl_sysctl_mspm0g1x0x_g3x0x.o(.text.DL_SYSCTL_setLFCLKSourceLFXT), (80 bytes).
    Removing dl_sysctl_mspm0g1x0x_g3x0x.o(.ARM.exidx.text.DL_SYSCTL_setLFCLKSourceLFXT), (8 bytes).
    Removing dl_sysctl_mspm0g1x0x_g3x0x.o(.text.DL_SYSCTL_switchMCLKfromSYSOSCtoLFCLK), (60 bytes).
    Removing dl_sysctl_mspm0g1x0x_g3x0x.o(.ARM.exidx.text.DL_SYSCTL_switchMCLKfromSYSOSCtoLFCLK), (8 bytes).
    Removing dl_sysctl_mspm0g1x0x_g3x0x.o(.text.DL_SYSCTL_switchMCLKfromLFCLKtoSYSOSC), (40 bytes).
    Removing dl_sysctl_mspm0g1x0x_g3x0x.o(.ARM.exidx.text.DL_SYSCTL_switchMCLKfromLFCLKtoSYSOSC), (8 bytes).
    Removing dl_sysctl_mspm0g1x0x_g3x0x.o(.ARM.exidx.text.DL_SYSCTL_switchMCLKfromSYSOSCtoHSCLK), (8 bytes).
    Removing dl_sysctl_mspm0g1x0x_g3x0x.o(.text.DL_SYSCTL_switchMCLKfromHSCLKtoSYSOSC), (32 bytes).
    Removing dl_sysctl_mspm0g1x0x_g3x0x.o(.ARM.exidx.text.DL_SYSCTL_switchMCLKfromHSCLKtoSYSOSC), (8 bytes).
    Removing dl_sysctl_mspm0g1x0x_g3x0x.o(.text.DL_SYSCTL_setHFCLKSourceHFXT), (76 bytes).
    Removing dl_sysctl_mspm0g1x0x_g3x0x.o(.ARM.exidx.text.DL_SYSCTL_setHFCLKSourceHFXT), (8 bytes).
    Removing dl_sysctl_mspm0g1x0x_g3x0x.o(.text.DL_SYSCTL_setHFCLKSourceHFXTParams), (84 bytes).
    Removing dl_sysctl_mspm0g1x0x_g3x0x.o(.ARM.exidx.text.DL_SYSCTL_setHFCLKSourceHFXTParams), (8 bytes).
    Removing dl_sysctl_mspm0g1x0x_g3x0x.o(.text.DL_SYSCTL_configFCC), (28 bytes).
    Removing dl_sysctl_mspm0g1x0x_g3x0x.o(.ARM.exidx.text.DL_SYSCTL_configFCC), (8 bytes).
    Removing dl_sysctl_mspm0g1x0x_g3x0x.o(.text.DL_SYSCTL_getPowerPolicyRUNSLEEP), (48 bytes).
    Removing dl_sysctl_mspm0g1x0x_g3x0x.o(.ARM.exidx.text.DL_SYSCTL_getPowerPolicyRUNSLEEP), (8 bytes).
    Removing dl_sysctl_mspm0g1x0x_g3x0x.o(.text.DL_SYSCTL_getPowerPolicySTOP), (52 bytes).
    Removing dl_sysctl_mspm0g1x0x_g3x0x.o(.ARM.exidx.text.DL_SYSCTL_getPowerPolicySTOP), (8 bytes).
    Removing dl_sysctl_mspm0g1x0x_g3x0x.o(.text.DL_SYSCTL_getPowerPolicySTANDBY), (40 bytes).
    Removing dl_sysctl_mspm0g1x0x_g3x0x.o(.ARM.exidx.text.DL_SYSCTL_getPowerPolicySTANDBY), (8 bytes).
    Removing fmul.o(.text), (122 bytes).
    Removing fflti.o(.text), (22 bytes).
    Removing dfltui.o(.text), (28 bytes).
    Removing f2d.o(.text), (40 bytes).
    Removing d2f.o(.text), (56 bytes).
    Removing fepilogue.o(.text), (130 bytes).

277 unused section(s) (total 9265 bytes) removed from the image.

==============================================================================

Image Symbol Table

    Local Symbols

    Symbol Name                              Value     Ov Type        Size  Object(Section)

    ../clib/division.s                       0x00000000   Number         0  aeabi_sdivfast.o ABSOLUTE
    ../clib/division.s                       0x00000000   Number         0  aeabi_sdivfast_div0.o ABSOLUTE
    ../clib/microlib/division.c              0x00000000   Number         0  uidiv.o ABSOLUTE
    ../clib/microlib/division.c              0x00000000   Number         0  uidiv_div0.o ABSOLUTE
    ../clib/microlib/division.c              0x00000000   Number         0  idiv_div0.o ABSOLUTE
    ../clib/microlib/division.c              0x00000000   Number         0  idiv0.o ABSOLUTE
    ../clib/microlib/division.c              0x00000000   Number         0  uldiv.o ABSOLUTE
    ../clib/microlib/init/entry.s            0x00000000   Number         0  entry.o ABSOLUTE
    ../clib/microlib/init/entry.s            0x00000000   Number         0  entry2.o ABSOLUTE
    ../clib/microlib/init/entry.s            0x00000000   Number         0  entry5.o ABSOLUTE
    ../clib/microlib/init/entry.s            0x00000000   Number         0  entry7a.o ABSOLUTE
    ../clib/microlib/init/entry.s            0x00000000   Number         0  entry7b.o ABSOLUTE
    ../clib/microlib/init/entry.s            0x00000000   Number         0  entry8a.o ABSOLUTE
    ../clib/microlib/init/entry.s            0x00000000   Number         0  entry8b.o ABSOLUTE
    ../clib/microlib/init/entry.s            0x00000000   Number         0  entry9a.o ABSOLUTE
    ../clib/microlib/init/entry.s            0x00000000   Number         0  entry9b.o ABSOLUTE
    ../clib/microlib/init/entry.s            0x00000000   Number         0  entry10a.o ABSOLUTE
    ../clib/microlib/init/entry.s            0x00000000   Number         0  entry10b.o ABSOLUTE
    ../clib/microlib/init/entry.s            0x00000000   Number         0  entry11a.o ABSOLUTE
    ../clib/microlib/init/entry.s            0x00000000   Number         0  entry11b.o ABSOLUTE
    ../clib/microlib/longlong.c              0x00000000   Number         0  llshl.o ABSOLUTE
    ../clib/microlib/longlong.c              0x00000000   Number         0  llushr.o ABSOLUTE
    ../clib/microlib/longlong.c              0x00000000   Number         0  llsshr.o ABSOLUTE
    ../clib/microlib/printf/printf.c         0x00000000   Number         0  printfb.o ABSOLUTE
    ../clib/microlib/printf/printf.c         0x00000000   Number         0  printf0.o ABSOLUTE
    ../clib/microlib/printf/printf.c         0x00000000   Number         0  printf1.o ABSOLUTE
    ../clib/microlib/printf/printf.c         0x00000000   Number         0  printf2.o ABSOLUTE
    ../clib/microlib/printf/printf.c         0x00000000   Number         0  printf3.o ABSOLUTE
    ../clib/microlib/printf/printf.c         0x00000000   Number         0  printf4.o ABSOLUTE
    ../clib/microlib/printf/printf.c         0x00000000   Number         0  printf5.o ABSOLUTE
    ../clib/microlib/printf/printf.c         0x00000000   Number         0  printf6.o ABSOLUTE
    ../clib/microlib/printf/printf.c         0x00000000   Number         0  printf7.o ABSOLUTE
    ../clib/microlib/printf/printf.c         0x00000000   Number         0  printf8.o ABSOLUTE
    ../clib/microlib/printf/printf.c         0x00000000   Number         0  printfa.o ABSOLUTE
    ../clib/microlib/printf/stubs.s          0x00000000   Number         0  printfstubs.o ABSOLUTE
    ../clib/microlib/stdio/streams.c         0x00000000   Number         0  stdout.o ABSOLUTE
    ../clib/microlib/string/memcpy.c         0x00000000   Number         0  memcpya.o ABSOLUTE
    ../clib/microlib/string/memcpy.c         0x00000000   Number         0  memcpyb.o ABSOLUTE
    ../clib/microlib/string/memset.c         0x00000000   Number         0  memseta.o ABSOLUTE
    ../clib/microlib/string/strlen.c         0x00000000   Number         0  strlen.o ABSOLUTE
    ../clib/microlib/stubs.s                 0x00000000   Number         0  iusefp.o ABSOLUTE
    ../fplib/microlib/d2f.c                  0x00000000   Number         0  d2f.o ABSOLUTE
    ../fplib/microlib/f2d.c                  0x00000000   Number         0  f2d.o ABSOLUTE
    ../fplib/microlib/fpadd.c                0x00000000   Number         0  dadd.o ABSOLUTE
    ../fplib/microlib/fpdiv.c                0x00000000   Number         0  ddiv.o ABSOLUTE
    ../fplib/microlib/fpepilogue.c           0x00000000   Number         0  fepilogue.o ABSOLUTE
    ../fplib/microlib/fpepilogue.c           0x00000000   Number         0  depilogue.o ABSOLUTE
    ../fplib/microlib/fpfix.c                0x00000000   Number         0  dfixul.o ABSOLUTE
    ../fplib/microlib/fpflt.c                0x00000000   Number         0  fflti.o ABSOLUTE
    ../fplib/microlib/fpflt.c                0x00000000   Number         0  dfltui.o ABSOLUTE
    ../fplib/microlib/fpmul.c                0x00000000   Number         0  fmul.o ABSOLUTE
    ../fplib/microlib/fpmul.c                0x00000000   Number         0  dmul.o ABSOLUTE
    Encoder.c                                0x00000000   Number         0  encoder.o ABSOLUTE
    IMU.c                                    0x00000000   Number         0  imu.o ABSOLUTE
    adc.c                                    0x00000000   Number         0  adc.o ABSOLUTE
    cdrcmple.s                               0x00000000   Number         0  cdrcmple.o ABSOLUTE
    dc.s                                     0x00000000   Number         0  dc.o ABSOLUTE
    dl_adc12.c                               0x00000000   Number         0  dl_adc12.o ABSOLUTE
    dl_common.c                              0x00000000   Number         0  dl_common.o ABSOLUTE
    dl_sysctl_mspm0g1x0x_g3x0x.c             0x00000000   Number         0  dl_sysctl_mspm0g1x0x_g3x0x.o ABSOLUTE
    dl_timer.c                               0x00000000   Number         0  dl_timer.o ABSOLUTE
    dl_uart.c                                0x00000000   Number         0  dl_uart.o ABSOLUTE
    empty.c                                  0x00000000   Number         0  empty.o ABSOLUTE
    handlers.s                               0x00000000   Number         0  handlers.o ABSOLUTE
    init.s                                   0x00000000   Number         0  init.o ABSOLUTE
    key.c                                    0x00000000   Number         0  key.o ABSOLUTE
    led.c                                    0x00000000   Number         0  led.o ABSOLUTE
    startup_mspm0g350x_uvision.s             0x00000000   Number         0  startup_mspm0g350x_uvision.o ABSOLUTE
    ti_msp_dl_config.c                       0x00000000   Number         0  ti_msp_dl_config.o ABSOLUTE
    tim.c                                    0x00000000   Number         0  tim.o ABSOLUTE
    uart.c                                   0x00000000   Number         0  uart.o ABSOLUTE
    wit_c_sdk.c                              0x00000000   Number         0  wit_c_sdk.o ABSOLUTE
    RESET                                    0x00000000   Section      192  startup_mspm0g350x_uvision.o(RESET)
    .ARM.Collect$$$$00000000                 0x000000c0   Section        0  entry.o(.ARM.Collect$$$$00000000)
    .ARM.Collect$$$$00000001                 0x000000c0   Section        4  entry2.o(.ARM.Collect$$$$00000001)
    .ARM.Collect$$$$00000004                 0x000000c4   Section        4  entry5.o(.ARM.Collect$$$$00000004)
    .ARM.Collect$$$$00000008                 0x000000c8   Section        0  entry7b.o(.ARM.Collect$$$$00000008)
    .ARM.Collect$$$$0000000A                 0x000000c8   Section        0  entry8b.o(.ARM.Collect$$$$0000000A)
    .ARM.Collect$$$$0000000B                 0x000000c8   Section        8  entry9a.o(.ARM.Collect$$$$0000000B)
    __lit__00000000                          0x000000d0   Data           4  entry2.o(.ARM.Collect$$$$00002712)
    .ARM.Collect$$$$0000000D                 0x000000d0   Section        0  entry10a.o(.ARM.Collect$$$$0000000D)
    .ARM.Collect$$$$0000000F                 0x000000d0   Section        0  entry11a.o(.ARM.Collect$$$$0000000F)
    .ARM.Collect$$$$00002712                 0x000000d0   Section        4  entry2.o(.ARM.Collect$$$$00002712)
    .text                                    0x000000d4   Section       20  startup_mspm0g350x_uvision.o(.text)
    .text                                    0x000000e8   Section        0  memcpya.o(.text)
    .text                                    0x0000010c   Section        0  memseta.o(.text)
    .text                                    0x00000130   Section        0  strlen.o(.text)
    .text                                    0x00000140   Section        0  dmul.o(.text)
    .text                                    0x00000210   Section        0  ddiv.o(.text)
    .text                                    0x00000300   Section        0  uidiv_div0.o(.text)
    .text                                    0x0000033e   Section        0  uldiv.o(.text)
    .text                                    0x0000039e   Section        0  iusefp.o(.text)
    .text                                    0x0000039e   Section        0  depilogue.o(.text)
    .text                                    0x0000045c   Section        0  dadd.o(.text)
    .text                                    0x000005c0   Section        0  dfixul.o(.text)
    .text                                    0x00000600   Section       40  cdrcmple.o(.text)
    .text                                    0x00000628   Section       48  init.o(.text)
    .text                                    0x00000658   Section        0  llshl.o(.text)
    .text                                    0x00000678   Section        0  llushr.o(.text)
    .text                                    0x0000069a   Section        0  llsshr.o(.text)
    [Anonymous Symbol]                       0x000006c0   Section        0  adc.o(.text.ADC0_IRQHandler)
    __arm_cp.1_0                             0x000006d4   Number         4  adc.o(.text.ADC0_IRQHandler)
    __arm_cp.1_1                             0x000006d8   Number         4  adc.o(.text.ADC0_IRQHandler)
    CopeWitData                              0x000006dd   Thumb Code   168  wit_c_sdk.o(.text.CopeWitData)
    [Anonymous Symbol]                       0x000006dc   Section        0  wit_c_sdk.o(.text.CopeWitData)
    __arm_cp.2_0                             0x00000784   Number         4  wit_c_sdk.o(.text.CopeWitData)
    __arm_cp.2_1                             0x00000788   Number         4  wit_c_sdk.o(.text.CopeWitData)
    __arm_cp.2_2                             0x0000078c   Number         4  wit_c_sdk.o(.text.CopeWitData)
    [Anonymous Symbol]                       0x00000790   Section        0  dl_adc12.o(.text.DL_ADC12_setClockConfig)
    __arm_cp.0_0                             0x000007c8   Number         4  dl_adc12.o(.text.DL_ADC12_setClockConfig)
    __arm_cp.0_1                             0x000007cc   Number         4  dl_adc12.o(.text.DL_ADC12_setClockConfig)
    [Anonymous Symbol]                       0x000007d0   Section        0  dl_common.o(.text.DL_Common_delayCycles)
    [Anonymous Symbol]                       0x000007dc   Section        0  dl_sysctl_mspm0g1x0x_g3x0x.o(.text.DL_SYSCTL_configSYSPLL)
    __arm_cp.0_0                             0x00000890   Number         4  dl_sysctl_mspm0g1x0x_g3x0x.o(.text.DL_SYSCTL_configSYSPLL)
    __arm_cp.0_2                             0x00000894   Number         4  dl_sysctl_mspm0g1x0x_g3x0x.o(.text.DL_SYSCTL_configSYSPLL)
    __arm_cp.0_3                             0x00000898   Number         4  dl_sysctl_mspm0g1x0x_g3x0x.o(.text.DL_SYSCTL_configSYSPLL)
    __arm_cp.0_4                             0x0000089c   Number         4  dl_sysctl_mspm0g1x0x_g3x0x.o(.text.DL_SYSCTL_configSYSPLL)
    [Anonymous Symbol]                       0x000008a0   Section        0  dl_sysctl_mspm0g1x0x_g3x0x.o(.text.DL_SYSCTL_switchMCLKfromSYSOSCtoHSCLK)
    __arm_cp.4_0                             0x000008c0   Number         4  dl_sysctl_mspm0g1x0x_g3x0x.o(.text.DL_SYSCTL_switchMCLKfromSYSOSCtoHSCLK)
    __arm_cp.4_1                             0x000008c4   Number         4  dl_sysctl_mspm0g1x0x_g3x0x.o(.text.DL_SYSCTL_switchMCLKfromSYSOSCtoHSCLK)
    [Anonymous Symbol]                       0x000008c8   Section        0  dl_timer.o(.text.DL_Timer_initFourCCPWMMode)
    __arm_cp.40_1                            0x000009bc   Number         4  dl_timer.o(.text.DL_Timer_initFourCCPWMMode)
    __arm_cp.40_2                            0x000009c0   Number         4  dl_timer.o(.text.DL_Timer_initFourCCPWMMode)
    __arm_cp.40_4                            0x000009c4   Number         4  dl_timer.o(.text.DL_Timer_initFourCCPWMMode)
    __arm_cp.40_5                            0x000009c8   Number         4  dl_timer.o(.text.DL_Timer_initFourCCPWMMode)
    __arm_cp.40_6                            0x000009cc   Number         4  dl_timer.o(.text.DL_Timer_initFourCCPWMMode)
    [Anonymous Symbol]                       0x000009d0   Section        0  dl_timer.o(.text.DL_Timer_initTimerMode)
    __arm_cp.2_0                             0x00000ab0   Number         4  dl_timer.o(.text.DL_Timer_initTimerMode)
    __arm_cp.2_1                             0x00000ab4   Number         4  dl_timer.o(.text.DL_Timer_initTimerMode)
    __arm_cp.2_2                             0x00000ab8   Number         4  dl_timer.o(.text.DL_Timer_initTimerMode)
    __arm_cp.2_3                             0x00000abc   Number         4  dl_timer.o(.text.DL_Timer_initTimerMode)
    [Anonymous Symbol]                       0x00000ac0   Section        0  dl_timer.o(.text.DL_Timer_setCaptCompUpdateMethod)
    __arm_cp.23_0                            0x00000ad8   Number         4  dl_timer.o(.text.DL_Timer_setCaptCompUpdateMethod)
    [Anonymous Symbol]                       0x00000adc   Section        0  dl_timer.o(.text.DL_Timer_setCaptureCompareOutCtl)
    __arm_cp.27_0                            0x00000af0   Number         4  dl_timer.o(.text.DL_Timer_setCaptureCompareOutCtl)
    [Anonymous Symbol]                       0x00000af4   Section        0  dl_timer.o(.text.DL_Timer_setCaptureCompareValue)
    __arm_cp.3_0                             0x00000b00   Number         4  dl_timer.o(.text.DL_Timer_setCaptureCompareValue)
    [Anonymous Symbol]                       0x00000b04   Section        0  dl_timer.o(.text.DL_Timer_setClockConfig)
    __arm_cp.0_0                             0x00000b1c   Number         4  dl_timer.o(.text.DL_Timer_setClockConfig)
    [Anonymous Symbol]                       0x00000b20   Section        0  dl_uart.o(.text.DL_UART_init)
    __arm_cp.0_0                             0x00000b60   Number         4  dl_uart.o(.text.DL_UART_init)
    __arm_cp.0_1                             0x00000b64   Number         4  dl_uart.o(.text.DL_UART_init)
    [Anonymous Symbol]                       0x00000b68   Section        0  dl_uart.o(.text.DL_UART_setClockConfig)
    [Anonymous Symbol]                       0x00000b7c   Section        0  dl_uart.o(.text.DL_UART_transmitDataBlocking)
    __arm_cp.7_0                             0x00000b8c   Number         4  dl_uart.o(.text.DL_UART_transmitDataBlocking)
    Delayms                                  0x00000b91   Thumb Code     8  imu.o(.text.Delayms)
    [Anonymous Symbol]                       0x00000b90   Section        0  imu.o(.text.Delayms)
    [Anonymous Symbol]                       0x00000b98   Section        0  encoder.o(.text.Encoder_Init)
    __arm_cp.0_0                             0x00000ba0   Number         4  encoder.o(.text.Encoder_Init)
    [Anonymous Symbol]                       0x00000ba4   Section        0  encoder.o(.text.GROUP1_IRQHandler)
    __arm_cp.1_0                             0x00000bf8   Number         4  encoder.o(.text.GROUP1_IRQHandler)
    __arm_cp.1_1                             0x00000bfc   Number         4  encoder.o(.text.GROUP1_IRQHandler)
    __arm_cp.1_2                             0x00000c00   Number         4  encoder.o(.text.GROUP1_IRQHandler)
    [Anonymous Symbol]                       0x00000c04   Section        0  imu.o(.text.IMU_Init)
    __arm_cp.0_0                             0x00000c24   Number         4  imu.o(.text.IMU_Init)
    __arm_cp.0_1                             0x00000c28   Number         4  imu.o(.text.IMU_Init)
    __arm_cp.0_2                             0x00000c2c   Number         4  imu.o(.text.IMU_Init)
    [Anonymous Symbol]                       0x00000c30   Section        0  ti_msp_dl_config.o(.text.SYSCFG_DL_ADC12_0_init)
    __arm_cp.12_0                            0x00000c84   Number         4  ti_msp_dl_config.o(.text.SYSCFG_DL_ADC12_0_init)
    __arm_cp.12_1                            0x00000c88   Number         4  ti_msp_dl_config.o(.text.SYSCFG_DL_ADC12_0_init)
    __arm_cp.12_2                            0x00000c8c   Number         4  ti_msp_dl_config.o(.text.SYSCFG_DL_ADC12_0_init)
    __arm_cp.12_3                            0x00000c90   Number         4  ti_msp_dl_config.o(.text.SYSCFG_DL_ADC12_0_init)
    __arm_cp.12_4                            0x00000c94   Number         4  ti_msp_dl_config.o(.text.SYSCFG_DL_ADC12_0_init)
    __arm_cp.12_5                            0x00000c98   Number         4  ti_msp_dl_config.o(.text.SYSCFG_DL_ADC12_0_init)
    [Anonymous Symbol]                       0x00000c9c   Section        0  ti_msp_dl_config.o(.text.SYSCFG_DL_GPIO_init)
    __arm_cp.2_0                             0x00000d10   Number         4  ti_msp_dl_config.o(.text.SYSCFG_DL_GPIO_init)
    __arm_cp.2_1                             0x00000d14   Number         4  ti_msp_dl_config.o(.text.SYSCFG_DL_GPIO_init)
    __arm_cp.2_2                             0x00000d18   Number         4  ti_msp_dl_config.o(.text.SYSCFG_DL_GPIO_init)
    __arm_cp.2_3                             0x00000d1c   Number         4  ti_msp_dl_config.o(.text.SYSCFG_DL_GPIO_init)
    __arm_cp.2_4                             0x00000d20   Number         4  ti_msp_dl_config.o(.text.SYSCFG_DL_GPIO_init)
    __arm_cp.2_5                             0x00000d24   Number         4  ti_msp_dl_config.o(.text.SYSCFG_DL_GPIO_init)
    __arm_cp.2_6                             0x00000d28   Number         4  ti_msp_dl_config.o(.text.SYSCFG_DL_GPIO_init)
    __arm_cp.2_7                             0x00000d2c   Number         4  ti_msp_dl_config.o(.text.SYSCFG_DL_GPIO_init)
    __arm_cp.2_8                             0x00000d30   Number         4  ti_msp_dl_config.o(.text.SYSCFG_DL_GPIO_init)
    __arm_cp.2_9                             0x00000d34   Number         4  ti_msp_dl_config.o(.text.SYSCFG_DL_GPIO_init)
    [Anonymous Symbol]                       0x00000d38   Section        0  ti_msp_dl_config.o(.text.SYSCFG_DL_PWM_0_init)
    __arm_cp.4_0                             0x00000db0   Number         4  ti_msp_dl_config.o(.text.SYSCFG_DL_PWM_0_init)
    __arm_cp.4_1                             0x00000db4   Number         4  ti_msp_dl_config.o(.text.SYSCFG_DL_PWM_0_init)
    __arm_cp.4_2                             0x00000db8   Number         4  ti_msp_dl_config.o(.text.SYSCFG_DL_PWM_0_init)
    __arm_cp.4_3                             0x00000dbc   Number         4  ti_msp_dl_config.o(.text.SYSCFG_DL_PWM_0_init)
    __arm_cp.4_5                             0x00000dc0   Number         4  ti_msp_dl_config.o(.text.SYSCFG_DL_PWM_0_init)
    [Anonymous Symbol]                       0x00000dc4   Section        0  ti_msp_dl_config.o(.text.SYSCFG_DL_PWM_1_init)
    __arm_cp.5_0                             0x00000e3c   Number         4  ti_msp_dl_config.o(.text.SYSCFG_DL_PWM_1_init)
    __arm_cp.5_1                             0x00000e40   Number         4  ti_msp_dl_config.o(.text.SYSCFG_DL_PWM_1_init)
    __arm_cp.5_2                             0x00000e44   Number         4  ti_msp_dl_config.o(.text.SYSCFG_DL_PWM_1_init)
    __arm_cp.5_3                             0x00000e48   Number         4  ti_msp_dl_config.o(.text.SYSCFG_DL_PWM_1_init)
    __arm_cp.5_4                             0x00000e4c   Number         4  ti_msp_dl_config.o(.text.SYSCFG_DL_PWM_1_init)
    __arm_cp.5_5                             0x00000e50   Number         4  ti_msp_dl_config.o(.text.SYSCFG_DL_PWM_1_init)
    [Anonymous Symbol]                       0x00000e54   Section        0  ti_msp_dl_config.o(.text.SYSCFG_DL_SYSCTL_init)
    __arm_cp.3_0                             0x00000ea4   Number         4  ti_msp_dl_config.o(.text.SYSCFG_DL_SYSCTL_init)
    __arm_cp.3_1                             0x00000ea8   Number         4  ti_msp_dl_config.o(.text.SYSCFG_DL_SYSCTL_init)
    __arm_cp.3_2                             0x00000eac   Number         4  ti_msp_dl_config.o(.text.SYSCFG_DL_SYSCTL_init)
    [Anonymous Symbol]                       0x00000eb0   Section        0  ti_msp_dl_config.o(.text.SYSCFG_DL_SYSTICK_init)
    __arm_cp.13_0                            0x00000ed4   Number         4  ti_msp_dl_config.o(.text.SYSCFG_DL_SYSTICK_init)
    __arm_cp.13_1                            0x00000ed8   Number         4  ti_msp_dl_config.o(.text.SYSCFG_DL_SYSTICK_init)
    __arm_cp.13_2                            0x00000edc   Number         4  ti_msp_dl_config.o(.text.SYSCFG_DL_SYSTICK_init)
    [Anonymous Symbol]                       0x00000ee0   Section        0  ti_msp_dl_config.o(.text.SYSCFG_DL_TIMER_1ms_init)
    __arm_cp.6_0                             0x00000f04   Number         4  ti_msp_dl_config.o(.text.SYSCFG_DL_TIMER_1ms_init)
    __arm_cp.6_1                             0x00000f08   Number         4  ti_msp_dl_config.o(.text.SYSCFG_DL_TIMER_1ms_init)
    __arm_cp.6_2                             0x00000f0c   Number         4  ti_msp_dl_config.o(.text.SYSCFG_DL_TIMER_1ms_init)
    __arm_cp.6_3                             0x00000f10   Number         4  ti_msp_dl_config.o(.text.SYSCFG_DL_TIMER_1ms_init)
    __arm_cp.6_4                             0x00000f14   Number         4  ti_msp_dl_config.o(.text.SYSCFG_DL_TIMER_1ms_init)
    [Anonymous Symbol]                       0x00000f18   Section        0  ti_msp_dl_config.o(.text.SYSCFG_DL_TIMER_1s_init)
    __arm_cp.7_0                             0x00000f3c   Number         4  ti_msp_dl_config.o(.text.SYSCFG_DL_TIMER_1s_init)
    __arm_cp.7_1                             0x00000f40   Number         4  ti_msp_dl_config.o(.text.SYSCFG_DL_TIMER_1s_init)
    __arm_cp.7_2                             0x00000f44   Number         4  ti_msp_dl_config.o(.text.SYSCFG_DL_TIMER_1s_init)
    __arm_cp.7_3                             0x00000f48   Number         4  ti_msp_dl_config.o(.text.SYSCFG_DL_TIMER_1s_init)
    __arm_cp.7_4                             0x00000f4c   Number         4  ti_msp_dl_config.o(.text.SYSCFG_DL_TIMER_1s_init)
    [Anonymous Symbol]                       0x00000f50   Section        0  ti_msp_dl_config.o(.text.SYSCFG_DL_UART_0_init)
    __arm_cp.8_0                             0x00000fac   Number         4  ti_msp_dl_config.o(.text.SYSCFG_DL_UART_0_init)
    __arm_cp.8_1                             0x00000fb0   Number         4  ti_msp_dl_config.o(.text.SYSCFG_DL_UART_0_init)
    __arm_cp.8_2                             0x00000fb4   Number         4  ti_msp_dl_config.o(.text.SYSCFG_DL_UART_0_init)
    __arm_cp.8_3                             0x00000fb8   Number         4  ti_msp_dl_config.o(.text.SYSCFG_DL_UART_0_init)
    __arm_cp.8_5                             0x00000fbc   Number         4  ti_msp_dl_config.o(.text.SYSCFG_DL_UART_0_init)
    [Anonymous Symbol]                       0x00000fc0   Section        0  ti_msp_dl_config.o(.text.SYSCFG_DL_UART_1_init)
    __arm_cp.9_0                             0x0000101c   Number         4  ti_msp_dl_config.o(.text.SYSCFG_DL_UART_1_init)
    __arm_cp.9_1                             0x00001020   Number         4  ti_msp_dl_config.o(.text.SYSCFG_DL_UART_1_init)
    __arm_cp.9_2                             0x00001024   Number         4  ti_msp_dl_config.o(.text.SYSCFG_DL_UART_1_init)
    __arm_cp.9_3                             0x00001028   Number         4  ti_msp_dl_config.o(.text.SYSCFG_DL_UART_1_init)
    __arm_cp.9_5                             0x0000102c   Number         4  ti_msp_dl_config.o(.text.SYSCFG_DL_UART_1_init)
    [Anonymous Symbol]                       0x00001030   Section        0  ti_msp_dl_config.o(.text.SYSCFG_DL_UART_2_init)
    __arm_cp.10_0                            0x00001080   Number         4  ti_msp_dl_config.o(.text.SYSCFG_DL_UART_2_init)
    __arm_cp.10_1                            0x00001084   Number         4  ti_msp_dl_config.o(.text.SYSCFG_DL_UART_2_init)
    __arm_cp.10_2                            0x00001088   Number         4  ti_msp_dl_config.o(.text.SYSCFG_DL_UART_2_init)
    __arm_cp.10_3                            0x0000108c   Number         4  ti_msp_dl_config.o(.text.SYSCFG_DL_UART_2_init)
    [Anonymous Symbol]                       0x00001090   Section        0  ti_msp_dl_config.o(.text.SYSCFG_DL_UART_3_init)
    __arm_cp.11_0                            0x000010e0   Number         4  ti_msp_dl_config.o(.text.SYSCFG_DL_UART_3_init)
    __arm_cp.11_1                            0x000010e4   Number         4  ti_msp_dl_config.o(.text.SYSCFG_DL_UART_3_init)
    __arm_cp.11_2                            0x000010e8   Number         4  ti_msp_dl_config.o(.text.SYSCFG_DL_UART_3_init)
    __arm_cp.11_3                            0x000010ec   Number         4  ti_msp_dl_config.o(.text.SYSCFG_DL_UART_3_init)
    __arm_cp.11_4                            0x000010f0   Number         4  ti_msp_dl_config.o(.text.SYSCFG_DL_UART_3_init)
    [Anonymous Symbol]                       0x000010f4   Section        0  ti_msp_dl_config.o(.text.SYSCFG_DL_WWDT0_init)
    __arm_cp.14_0                            0x00001104   Number         4  ti_msp_dl_config.o(.text.SYSCFG_DL_WWDT0_init)
    __arm_cp.14_1                            0x00001108   Number         4  ti_msp_dl_config.o(.text.SYSCFG_DL_WWDT0_init)
    [Anonymous Symbol]                       0x0000110c   Section        0  ti_msp_dl_config.o(.text.SYSCFG_DL_init)
    __arm_cp.0_0                             0x00001164   Number         4  ti_msp_dl_config.o(.text.SYSCFG_DL_init)
    __arm_cp.0_1                             0x00001168   Number         4  ti_msp_dl_config.o(.text.SYSCFG_DL_init)
    __arm_cp.0_2                             0x0000116c   Number         4  ti_msp_dl_config.o(.text.SYSCFG_DL_init)
    __arm_cp.0_3                             0x00001170   Number         4  ti_msp_dl_config.o(.text.SYSCFG_DL_init)
    __arm_cp.0_4                             0x00001174   Number         4  ti_msp_dl_config.o(.text.SYSCFG_DL_init)
    [Anonymous Symbol]                       0x00001178   Section        0  ti_msp_dl_config.o(.text.SYSCFG_DL_initPower)
    __arm_cp.1_0                             0x000011e0   Number         4  ti_msp_dl_config.o(.text.SYSCFG_DL_initPower)
    __arm_cp.1_1                             0x000011e4   Number         4  ti_msp_dl_config.o(.text.SYSCFG_DL_initPower)
    __arm_cp.1_2                             0x000011e8   Number         4  ti_msp_dl_config.o(.text.SYSCFG_DL_initPower)
    __arm_cp.1_3                             0x000011ec   Number         4  ti_msp_dl_config.o(.text.SYSCFG_DL_initPower)
    __arm_cp.1_4                             0x000011f0   Number         4  ti_msp_dl_config.o(.text.SYSCFG_DL_initPower)
    __arm_cp.1_5                             0x000011f4   Number         4  ti_msp_dl_config.o(.text.SYSCFG_DL_initPower)
    __arm_cp.1_6                             0x000011f8   Number         4  ti_msp_dl_config.o(.text.SYSCFG_DL_initPower)
    __arm_cp.1_7                             0x000011fc   Number         4  ti_msp_dl_config.o(.text.SYSCFG_DL_initPower)
    __arm_cp.1_8                             0x00001200   Number         4  ti_msp_dl_config.o(.text.SYSCFG_DL_initPower)
    __arm_cp.1_9                             0x00001204   Number         4  ti_msp_dl_config.o(.text.SYSCFG_DL_initPower)
    __arm_cp.1_10                            0x00001208   Number         4  ti_msp_dl_config.o(.text.SYSCFG_DL_initPower)
    __arm_cp.1_11                            0x0000120c   Number         4  ti_msp_dl_config.o(.text.SYSCFG_DL_initPower)
    __arm_cp.1_12                            0x00001210   Number         4  ti_msp_dl_config.o(.text.SYSCFG_DL_initPower)
    __arm_cp.1_13                            0x00001214   Number         4  ti_msp_dl_config.o(.text.SYSCFG_DL_initPower)
    SensorDataUpdata                         0x00001219   Thumb Code   208  imu.o(.text.SensorDataUpdata)
    [Anonymous Symbol]                       0x00001218   Section        0  imu.o(.text.SensorDataUpdata)
    __arm_cp.2_0                             0x000012e8   Number         4  imu.o(.text.SensorDataUpdata)
    __arm_cp.2_1                             0x000012ec   Number         4  imu.o(.text.SensorDataUpdata)
    SensorUartSend                           0x000012f1   Thumb Code    80  imu.o(.text.SensorUartSend)
    [Anonymous Symbol]                       0x000012f0   Section        0  imu.o(.text.SensorUartSend)
    __arm_cp.1_0                             0x00001340   Number         4  imu.o(.text.SensorUartSend)
    [Anonymous Symbol]                       0x00001344   Section        0  empty.o(.text.SysTick_Handler)
    [Anonymous Symbol]                       0x00001354   Section        0  empty.o(.text.TIMA0_IRQHandler)
    __arm_cp.2_0                             0x00001384   Number         4  empty.o(.text.TIMA0_IRQHandler)
    __arm_cp.2_1                             0x00001388   Number         4  empty.o(.text.TIMA0_IRQHandler)
    [Anonymous Symbol]                       0x0000138c   Section        0  empty.o(.text.TIMA1_IRQHandler)
    __arm_cp.3_0                             0x000013a4   Number         4  empty.o(.text.TIMA1_IRQHandler)
    __arm_cp.3_1                             0x000013a8   Number         4  empty.o(.text.TIMA1_IRQHandler)
    __arm_cp.3_2                             0x000013ac   Number         4  empty.o(.text.TIMA1_IRQHandler)
    [Anonymous Symbol]                       0x000013b0   Section        0  tim.o(.text.TIM_Init)
    __arm_cp.0_1                             0x000013c8   Number         4  tim.o(.text.TIM_Init)
    [Anonymous Symbol]                       0x000013cc   Section        0  uart.o(.text.UART0_IRQHandler)
    __arm_cp.1_0                             0x000013ec   Number         4  uart.o(.text.UART0_IRQHandler)
    [Anonymous Symbol]                       0x000013f0   Section        0  uart.o(.text.UART1_IRQHandler)
    __arm_cp.2_0                             0x00001404   Number         4  uart.o(.text.UART1_IRQHandler)
    __arm_cp.2_1                             0x00001408   Number         4  uart.o(.text.UART1_IRQHandler)
    [Anonymous Symbol]                       0x0000140c   Section        0  uart.o(.text.UART_Init)
    __arm_cp.0_0                             0x00001420   Number         4  uart.o(.text.UART_Init)
    __arm_cp.0_1                             0x00001424   Number         4  uart.o(.text.UART_Init)
    [Anonymous Symbol]                       0x00001428   Section        0  wit_c_sdk.o(.text.WitDelayMsRegister)
    __arm_cp.12_0                            0x0000143c   Number         4  wit_c_sdk.o(.text.WitDelayMsRegister)
    [Anonymous Symbol]                       0x00001440   Section        0  wit_c_sdk.o(.text.WitInit)
    __arm_cp.10_0                            0x0000145c   Number         4  wit_c_sdk.o(.text.WitInit)
    [Anonymous Symbol]                       0x00001460   Section        0  wit_c_sdk.o(.text.WitRegisterCallBack)
    [Anonymous Symbol]                       0x00001474   Section        0  wit_c_sdk.o(.text.WitSerialDataIn)
    __arm_cp.1_0                             0x00001628   Number         4  wit_c_sdk.o(.text.WitSerialDataIn)
    __arm_cp.1_1                             0x0000162c   Number         4  wit_c_sdk.o(.text.WitSerialDataIn)
    __arm_cp.1_2                             0x00001630   Number         4  wit_c_sdk.o(.text.WitSerialDataIn)
    __arm_cp.1_3                             0x00001634   Number         4  wit_c_sdk.o(.text.WitSerialDataIn)
    __arm_cp.1_4                             0x00001638   Number         4  wit_c_sdk.o(.text.WitSerialDataIn)
    __arm_cp.1_5                             0x0000163c   Number         4  wit_c_sdk.o(.text.WitSerialDataIn)
    [Anonymous Symbol]                       0x00001640   Section        0  wit_c_sdk.o(.text.WitSerialWriteRegister)
    __arm_cp.0_0                             0x00001654   Number         4  wit_c_sdk.o(.text.WitSerialWriteRegister)
    __CRC16                                  0x00001659   Thumb Code   116  wit_c_sdk.o(.text.__CRC16)
    [Anonymous Symbol]                       0x00001658   Section        0  wit_c_sdk.o(.text.__CRC16)
    __arm_cp.3_0                             0x000016cc   Number         4  wit_c_sdk.o(.text.__CRC16)
    __arm_cp.3_1                             0x000016d0   Number         4  wit_c_sdk.o(.text.__CRC16)
    [Anonymous Symbol]                       0x000016d4   Section        0  empty.o(.text.delay_ms)
    __arm_cp.4_0                             0x000016e0   Number         4  empty.o(.text.delay_ms)
    [Anonymous Symbol]                       0x000016e4   Section        0  uart.o(.text.fputc)
    __arm_cp.3_0                             0x000016f4   Number         4  uart.o(.text.fputc)
    [Anonymous Symbol]                       0x000016f8   Section        0  key.o(.text.key_proc)
    __arm_cp.0_0                             0x0000170c   Number         4  key.o(.text.key_proc)
    __arm_cp.0_1                             0x00001710   Number         4  key.o(.text.key_proc)
    __arm_cp.0_2                             0x00001714   Number         4  key.o(.text.key_proc)
    [Anonymous Symbol]                       0x00001718   Section        0  empty.o(.text.main)
    [Anonymous Symbol]                       0x00001734   Section        0  uart.o(.text.uart_proc)
    __arm_cp.6_0                             0x00001768   Number         4  uart.o(.text.uart_proc)
    __arm_cp.6_1                             0x0000176c   Number         4  uart.o(.text.uart_proc)
    __arm_cp.6_2                             0x00001770   Number         4  uart.o(.text.uart_proc)
    i.__0printf                              0x00001780   Section        0  printfa.o(i.__0printf)
    i.__ARM_clz                              0x000017a0   Section        0  depilogue.o(i.__ARM_clz)
    i.__scatterload_copy                     0x000017d0   Section       14  handlers.o(i.__scatterload_copy)
    i.__scatterload_null                     0x000017e0   Section        2  handlers.o(i.__scatterload_null)
    i.__scatterload_zeroinit                 0x000017e8   Section       14  handlers.o(i.__scatterload_zeroinit)
    _fp_digits                               0x000017f9   Thumb Code   344  printfa.o(i._fp_digits)
    i._fp_digits                             0x000017f8   Section        0  printfa.o(i._fp_digits)
    _printf_core                             0x0000196d   Thumb Code  1754  printfa.o(i._printf_core)
    i._printf_core                           0x0000196c   Section        0  printfa.o(i._printf_core)
    _printf_post_padding                     0x00002059   Thumb Code    32  printfa.o(i._printf_post_padding)
    i._printf_post_padding                   0x00002058   Section        0  printfa.o(i._printf_post_padding)
    _printf_pre_padding                      0x00002079   Thumb Code    44  printfa.o(i._printf_pre_padding)
    i._printf_pre_padding                    0x00002078   Section        0  printfa.o(i._printf_pre_padding)
    [Anonymous Symbol]                       0x000020a4   Section        0  imu.o(.rodata..Lswitch.table.SensorDataUpdata)
    __auchCRCHi                              0x000020ae   Data         256  wit_c_sdk.o(.rodata.__auchCRCHi)
    [Anonymous Symbol]                       0x000020ae   Section        0  wit_c_sdk.o(.rodata.__auchCRCHi)
    __auchCRCLo                              0x000021ae   Data         256  wit_c_sdk.o(.rodata.__auchCRCLo)
    [Anonymous Symbol]                       0x000021ae   Section        0  wit_c_sdk.o(.rodata.__auchCRCLo)
    gADC12_0ClockConfig                      0x000022b0   Data           8  ti_msp_dl_config.o(.rodata.gADC12_0ClockConfig)
    [Anonymous Symbol]                       0x000022b0   Section        0  ti_msp_dl_config.o(.rodata.gADC12_0ClockConfig)
    gPWM_0ClockConfig                        0x000022b8   Data           3  ti_msp_dl_config.o(.rodata.gPWM_0ClockConfig)
    [Anonymous Symbol]                       0x000022b8   Section        0  ti_msp_dl_config.o(.rodata.gPWM_0ClockConfig)
    gPWM_0Config                             0x000022bc   Data           8  ti_msp_dl_config.o(.rodata.gPWM_0Config)
    [Anonymous Symbol]                       0x000022bc   Section        0  ti_msp_dl_config.o(.rodata.gPWM_0Config)
    gPWM_1ClockConfig                        0x000022c4   Data           3  ti_msp_dl_config.o(.rodata.gPWM_1ClockConfig)
    [Anonymous Symbol]                       0x000022c4   Section        0  ti_msp_dl_config.o(.rodata.gPWM_1ClockConfig)
    gPWM_1Config                             0x000022c8   Data           8  ti_msp_dl_config.o(.rodata.gPWM_1Config)
    [Anonymous Symbol]                       0x000022c8   Section        0  ti_msp_dl_config.o(.rodata.gPWM_1Config)
    gSYSPLLConfig                            0x000022d0   Data          40  ti_msp_dl_config.o(.rodata.gSYSPLLConfig)
    [Anonymous Symbol]                       0x000022d0   Section        0  ti_msp_dl_config.o(.rodata.gSYSPLLConfig)
    gTIMER_1msClockConfig                    0x000022f8   Data           3  ti_msp_dl_config.o(.rodata.gTIMER_1msClockConfig)
    [Anonymous Symbol]                       0x000022f8   Section        0  ti_msp_dl_config.o(.rodata.gTIMER_1msClockConfig)
    gTIMER_1msTimerConfig                    0x000022fc   Data          20  ti_msp_dl_config.o(.rodata.gTIMER_1msTimerConfig)
    [Anonymous Symbol]                       0x000022fc   Section        0  ti_msp_dl_config.o(.rodata.gTIMER_1msTimerConfig)
    gTIMER_1sClockConfig                     0x00002310   Data           3  ti_msp_dl_config.o(.rodata.gTIMER_1sClockConfig)
    [Anonymous Symbol]                       0x00002310   Section        0  ti_msp_dl_config.o(.rodata.gTIMER_1sClockConfig)
    gTIMER_1sTimerConfig                     0x00002314   Data          20  ti_msp_dl_config.o(.rodata.gTIMER_1sTimerConfig)
    [Anonymous Symbol]                       0x00002314   Section        0  ti_msp_dl_config.o(.rodata.gTIMER_1sTimerConfig)
    gUART_0ClockConfig                       0x00002328   Data           2  ti_msp_dl_config.o(.rodata.gUART_0ClockConfig)
    [Anonymous Symbol]                       0x00002328   Section        0  ti_msp_dl_config.o(.rodata.gUART_0ClockConfig)
    gUART_0Config                            0x0000232a   Data          10  ti_msp_dl_config.o(.rodata.gUART_0Config)
    [Anonymous Symbol]                       0x0000232a   Section        0  ti_msp_dl_config.o(.rodata.gUART_0Config)
    gUART_1ClockConfig                       0x00002334   Data           2  ti_msp_dl_config.o(.rodata.gUART_1ClockConfig)
    [Anonymous Symbol]                       0x00002334   Section        0  ti_msp_dl_config.o(.rodata.gUART_1ClockConfig)
    gUART_1Config                            0x00002336   Data          10  ti_msp_dl_config.o(.rodata.gUART_1Config)
    [Anonymous Symbol]                       0x00002336   Section        0  ti_msp_dl_config.o(.rodata.gUART_1Config)
    gUART_2ClockConfig                       0x00002340   Data           2  ti_msp_dl_config.o(.rodata.gUART_2ClockConfig)
    [Anonymous Symbol]                       0x00002340   Section        0  ti_msp_dl_config.o(.rodata.gUART_2ClockConfig)
    gUART_2Config                            0x00002342   Data          10  ti_msp_dl_config.o(.rodata.gUART_2Config)
    [Anonymous Symbol]                       0x00002342   Section        0  ti_msp_dl_config.o(.rodata.gUART_2Config)
    gUART_3ClockConfig                       0x0000234c   Data           2  ti_msp_dl_config.o(.rodata.gUART_3ClockConfig)
    [Anonymous Symbol]                       0x0000234c   Section        0  ti_msp_dl_config.o(.rodata.gUART_3ClockConfig)
    gUART_3Config                            0x0000234e   Data          10  ti_msp_dl_config.o(.rodata.gUART_3Config)
    [Anonymous Symbol]                       0x0000234e   Section        0  ti_msp_dl_config.o(.rodata.gUART_3Config)
    .data                                    0x20200000   Section        4  stdout.o(.data)
    s_ucAddr                                 0x20200004   Data           1  wit_c_sdk.o(.data.s_ucAddr)
    [Anonymous Symbol]                       0x20200004   Section        0  wit_c_sdk.o(.data.s_ucAddr)
    p_WitDelaymsFunc                         0x20200368   Data           4  wit_c_sdk.o(.bss.p_WitDelaymsFunc)
    [Anonymous Symbol]                       0x20200368   Section        0  wit_c_sdk.o(.bss.p_WitDelaymsFunc)
    p_WitRegUpdateCbFunc                     0x2020036c   Data           4  wit_c_sdk.o(.bss.p_WitRegUpdateCbFunc)
    [Anonymous Symbol]                       0x2020036c   Section        0  wit_c_sdk.o(.bss.p_WitRegUpdateCbFunc)
    p_WitSerialWriteFunc                     0x20200370   Data           4  wit_c_sdk.o(.bss.p_WitSerialWriteFunc)
    [Anonymous Symbol]                       0x20200370   Section        0  wit_c_sdk.o(.bss.p_WitSerialWriteFunc)
    s_cDataUpdate                            0x20200496   Data           1  imu.o(.bss.s_cDataUpdate)
    [Anonymous Symbol]                       0x20200496   Section        0  imu.o(.bss.s_cDataUpdate)
    s_ucWitDataBuff                          0x20200498   Data         256  wit_c_sdk.o(.bss.s_ucWitDataBuff)
    [Anonymous Symbol]                       0x20200498   Section        0  wit_c_sdk.o(.bss.s_ucWitDataBuff)
    s_uiProtoclo                             0x20200598   Data           4  wit_c_sdk.o(.bss.s_uiProtoclo)
    [Anonymous Symbol]                       0x20200598   Section        0  wit_c_sdk.o(.bss.s_uiProtoclo)
    s_uiReadRegIndex                         0x2020059c   Data           4  wit_c_sdk.o(.bss.s_uiReadRegIndex)
    [Anonymous Symbol]                       0x2020059c   Section        0  wit_c_sdk.o(.bss.s_uiReadRegIndex)
    s_uiWitDataCnt                           0x202005a0   Data           4  wit_c_sdk.o(.bss.s_uiWitDataCnt)
    [Anonymous Symbol]                       0x202005a0   Section        0  wit_c_sdk.o(.bss.s_uiWitDataCnt)
    STACK                                    0x202005b0   Section      256  startup_mspm0g350x_uvision.o(STACK)

    Global Symbols

    Symbol Name                              Value     Ov Type        Size  Object(Section)

    BuildAttributes$$THM_ISAv3M$S$PE$A:L22$X:L11$S22$IEEE1$IW$~IW$USESV6$~STKCKD$USESV7$~SHL$OTIME$ROPI$EBA8$MICROLIB$REQ8$PRES8$EABIv2 0x00000000   Number         0  anon$$obj.o ABSOLUTE
    __Vectors                                0x00000000   Data           4  startup_mspm0g350x_uvision.o(RESET)
    _printf_a                                0x00000000   Number         0  printfstubs.o ABSOLUTE
    _printf_c                                0x00000000   Number         0  printfstubs.o ABSOLUTE
    _printf_charcount                        0x00000000   Number         0  printfstubs.o ABSOLUTE
    _printf_d                                0x00000000   Number         0  printfstubs.o ABSOLUTE
    _printf_e                                0x00000000   Number         0  printfstubs.o ABSOLUTE
    _printf_f                                0x00000000   Number         0  printfstubs.o ABSOLUTE
    _printf_flags                            0x00000000   Number         0  printfstubs.o ABSOLUTE
    _printf_fp_dec                           0x00000000   Number         0  printfstubs.o ABSOLUTE
    _printf_fp_hex                           0x00000000   Number         0  printfstubs.o ABSOLUTE
    _printf_g                                0x00000000   Number         0  printfstubs.o ABSOLUTE
    _printf_i                                0x00000000   Number         0  printfstubs.o ABSOLUTE
    _printf_int_dec                          0x00000000   Number         0  printfstubs.o ABSOLUTE
    _printf_l                                0x00000000   Number         0  printfstubs.o ABSOLUTE
    _printf_lc                               0x00000000   Number         0  printfstubs.o ABSOLUTE
    _printf_ll                               0x00000000   Number         0  printfstubs.o ABSOLUTE
    _printf_lld                              0x00000000   Number         0  printfstubs.o ABSOLUTE
    _printf_lli                              0x00000000   Number         0  printfstubs.o ABSOLUTE
    _printf_llo                              0x00000000   Number         0  printfstubs.o ABSOLUTE
    _printf_llu                              0x00000000   Number         0  printfstubs.o ABSOLUTE
    _printf_llx                              0x00000000   Number         0  printfstubs.o ABSOLUTE
    _printf_longlong_dec                     0x00000000   Number         0  printfstubs.o ABSOLUTE
    _printf_longlong_hex                     0x00000000   Number         0  printfstubs.o ABSOLUTE
    _printf_longlong_oct                     0x00000000   Number         0  printfstubs.o ABSOLUTE
    _printf_ls                               0x00000000   Number         0  printfstubs.o ABSOLUTE
    _printf_mbtowc                           0x00000000   Number         0  printfstubs.o ABSOLUTE
    _printf_n                                0x00000000   Number         0  printfstubs.o ABSOLUTE
    _printf_o                                0x00000000   Number         0  printfstubs.o ABSOLUTE
    _printf_p                                0x00000000   Number         0  printfstubs.o ABSOLUTE
    _printf_percent                          0x00000000   Number         0  printfstubs.o ABSOLUTE
    _printf_pre_padding                      0x00000000   Number         0  printfstubs.o ABSOLUTE
    _printf_return_value                     0x00000000   Number         0  printfstubs.o ABSOLUTE
    _printf_s                                0x00000000   Number         0  printfstubs.o ABSOLUTE
    _printf_sizespec                         0x00000000   Number         0  printfstubs.o ABSOLUTE
    _printf_str                              0x00000000   Number         0  printfstubs.o ABSOLUTE
    _printf_truncate_signed                  0x00000000   Number         0  printfstubs.o ABSOLUTE
    _printf_truncate_unsigned                0x00000000   Number         0  printfstubs.o ABSOLUTE
    _printf_u                                0x00000000   Number         0  printfstubs.o ABSOLUTE
    _printf_wc                               0x00000000   Number         0  printfstubs.o ABSOLUTE
    _printf_wctomb                           0x00000000   Number         0  printfstubs.o ABSOLUTE
    _printf_widthprec                        0x00000000   Number         0  printfstubs.o ABSOLUTE
    _printf_x                                0x00000000   Number         0  printfstubs.o ABSOLUTE
    __cpp_initialize__aeabi_                  - Undefined Weak Reference
    __cxa_finalize                            - Undefined Weak Reference
    __decompress                              - Undefined Weak Reference
    _clock_init                               - Undefined Weak Reference
    _microlib_exit                            - Undefined Weak Reference
    __Vectors_End                            0x000000c0   Data           0  startup_mspm0g350x_uvision.o(RESET)
    __Vectors_Size                           0x000000c0   Number         0  startup_mspm0g350x_uvision.o ABSOLUTE
    __main                                   0x000000c1   Thumb Code     0  entry.o(.ARM.Collect$$$$00000000)
    _main_stk                                0x000000c1   Thumb Code     0  entry2.o(.ARM.Collect$$$$00000001)
    _main_scatterload                        0x000000c5   Thumb Code     0  entry5.o(.ARM.Collect$$$$00000004)
    __main_after_scatterload                 0x000000c9   Thumb Code     0  entry5.o(.ARM.Collect$$$$00000004)
    _main_clock                              0x000000c9   Thumb Code     0  entry7b.o(.ARM.Collect$$$$00000008)
    _main_cpp_init                           0x000000c9   Thumb Code     0  entry8b.o(.ARM.Collect$$$$0000000A)
    _main_init                               0x000000c9   Thumb Code     0  entry9a.o(.ARM.Collect$$$$0000000B)
    __rt_final_cpp                           0x000000d1   Thumb Code     0  entry10a.o(.ARM.Collect$$$$0000000D)
    __rt_final_exit                          0x000000d1   Thumb Code     0  entry11a.o(.ARM.Collect$$$$0000000F)
    Reset_Handler                            0x000000d5   Thumb Code     4  startup_mspm0g350x_uvision.o(.text)
    NMI_Handler                              0x000000d9   Thumb Code     2  startup_mspm0g350x_uvision.o(.text)
    HardFault_Handler                        0x000000db   Thumb Code     2  startup_mspm0g350x_uvision.o(.text)
    SVC_Handler                              0x000000dd   Thumb Code     2  startup_mspm0g350x_uvision.o(.text)
    PendSV_Handler                           0x000000df   Thumb Code     2  startup_mspm0g350x_uvision.o(.text)
    ADC1_IRQHandler                          0x000000e3   Thumb Code     0  startup_mspm0g350x_uvision.o(.text)
    AES_IRQHandler                           0x000000e3   Thumb Code     0  startup_mspm0g350x_uvision.o(.text)
    CANFD0_IRQHandler                        0x000000e3   Thumb Code     0  startup_mspm0g350x_uvision.o(.text)
    DAC0_IRQHandler                          0x000000e3   Thumb Code     0  startup_mspm0g350x_uvision.o(.text)
    DMA_IRQHandler                           0x000000e3   Thumb Code     0  startup_mspm0g350x_uvision.o(.text)
    Default_Handler                          0x000000e3   Thumb Code     2  startup_mspm0g350x_uvision.o(.text)
    GROUP0_IRQHandler                        0x000000e3   Thumb Code     0  startup_mspm0g350x_uvision.o(.text)
    I2C0_IRQHandler                          0x000000e3   Thumb Code     0  startup_mspm0g350x_uvision.o(.text)
    I2C1_IRQHandler                          0x000000e3   Thumb Code     0  startup_mspm0g350x_uvision.o(.text)
    RTC_IRQHandler                           0x000000e3   Thumb Code     0  startup_mspm0g350x_uvision.o(.text)
    SPI0_IRQHandler                          0x000000e3   Thumb Code     0  startup_mspm0g350x_uvision.o(.text)
    SPI1_IRQHandler                          0x000000e3   Thumb Code     0  startup_mspm0g350x_uvision.o(.text)
    TIMG0_IRQHandler                         0x000000e3   Thumb Code     0  startup_mspm0g350x_uvision.o(.text)
    TIMG12_IRQHandler                        0x000000e3   Thumb Code     0  startup_mspm0g350x_uvision.o(.text)
    TIMG6_IRQHandler                         0x000000e3   Thumb Code     0  startup_mspm0g350x_uvision.o(.text)
    TIMG7_IRQHandler                         0x000000e3   Thumb Code     0  startup_mspm0g350x_uvision.o(.text)
    TIMG8_IRQHandler                         0x000000e3   Thumb Code     0  startup_mspm0g350x_uvision.o(.text)
    UART2_IRQHandler                         0x000000e3   Thumb Code     0  startup_mspm0g350x_uvision.o(.text)
    UART3_IRQHandler                         0x000000e3   Thumb Code     0  startup_mspm0g350x_uvision.o(.text)
    __aeabi_memcpy                           0x000000e9   Thumb Code    36  memcpya.o(.text)
    __aeabi_memcpy4                          0x000000e9   Thumb Code     0  memcpya.o(.text)
    __aeabi_memcpy8                          0x000000e9   Thumb Code     0  memcpya.o(.text)
    __aeabi_memset                           0x0000010d   Thumb Code    14  memseta.o(.text)
    __aeabi_memset4                          0x0000010d   Thumb Code     0  memseta.o(.text)
    __aeabi_memset8                          0x0000010d   Thumb Code     0  memseta.o(.text)
    __aeabi_memclr                           0x0000011b   Thumb Code     4  memseta.o(.text)
    __aeabi_memclr4                          0x0000011b   Thumb Code     0  memseta.o(.text)
    __aeabi_memclr8                          0x0000011b   Thumb Code     0  memseta.o(.text)
    _memset$wrapper                          0x0000011f   Thumb Code    18  memseta.o(.text)
    strlen                                   0x00000131   Thumb Code    14  strlen.o(.text)
    __aeabi_dmul                             0x00000141   Thumb Code   202  dmul.o(.text)
    __aeabi_ddiv                             0x00000211   Thumb Code   234  ddiv.o(.text)
    __aeabi_uidiv                            0x00000301   Thumb Code     0  uidiv_div0.o(.text)
    __aeabi_uidivmod                         0x00000301   Thumb Code    62  uidiv_div0.o(.text)
    __aeabi_uldivmod                         0x0000033f   Thumb Code    96  uldiv.o(.text)
    __I$use$fp                               0x0000039f   Thumb Code     0  iusefp.o(.text)
    _double_round                            0x0000039f   Thumb Code    26  depilogue.o(.text)
    _double_epilogue                         0x000003b9   Thumb Code   164  depilogue.o(.text)
    __aeabi_dadd                             0x0000045d   Thumb Code   328  dadd.o(.text)
    __aeabi_dsub                             0x000005a5   Thumb Code    12  dadd.o(.text)
    __aeabi_drsub                            0x000005b1   Thumb Code    12  dadd.o(.text)
    __aeabi_d2ulz                            0x000005c1   Thumb Code    54  dfixul.o(.text)
    __aeabi_cdrcmple                         0x00000601   Thumb Code    38  cdrcmple.o(.text)
    __scatterload                            0x00000629   Thumb Code    38  init.o(.text)
    __scatterload_rt2                        0x00000629   Thumb Code     0  init.o(.text)
    __aeabi_llsl                             0x00000659   Thumb Code    32  llshl.o(.text)
    _ll_shift_l                              0x00000659   Thumb Code     0  llshl.o(.text)
    __aeabi_llsr                             0x00000679   Thumb Code    34  llushr.o(.text)
    _ll_ushift_r                             0x00000679   Thumb Code     0  llushr.o(.text)
    __aeabi_lasr                             0x0000069b   Thumb Code    38  llsshr.o(.text)
    _ll_sshift_r                             0x0000069b   Thumb Code     0  llsshr.o(.text)
    ADC0_IRQHandler                          0x000006c1   Thumb Code    20  adc.o(.text.ADC0_IRQHandler)
    DL_ADC12_setClockConfig                  0x00000791   Thumb Code    64  dl_adc12.o(.text.DL_ADC12_setClockConfig)
    DL_Common_delayCycles                    0x000007d1   Thumb Code    10  dl_common.o(.text.DL_Common_delayCycles)
    DL_SYSCTL_configSYSPLL                   0x000007dd   Thumb Code   196  dl_sysctl_mspm0g1x0x_g3x0x.o(.text.DL_SYSCTL_configSYSPLL)
    DL_SYSCTL_switchMCLKfromSYSOSCtoHSCLK    0x000008a1   Thumb Code    40  dl_sysctl_mspm0g1x0x_g3x0x.o(.text.DL_SYSCTL_switchMCLKfromSYSOSCtoHSCLK)
    DL_Timer_initFourCCPWMMode               0x000008c9   Thumb Code   264  dl_timer.o(.text.DL_Timer_initFourCCPWMMode)
    DL_Timer_initTimerMode                   0x000009d1   Thumb Code   240  dl_timer.o(.text.DL_Timer_initTimerMode)
    DL_Timer_setCaptCompUpdateMethod         0x00000ac1   Thumb Code    28  dl_timer.o(.text.DL_Timer_setCaptCompUpdateMethod)
    DL_Timer_setCaptureCompareOutCtl         0x00000add   Thumb Code    24  dl_timer.o(.text.DL_Timer_setCaptureCompareOutCtl)
    DL_Timer_setCaptureCompareValue          0x00000af5   Thumb Code    16  dl_timer.o(.text.DL_Timer_setCaptureCompareValue)
    DL_Timer_setClockConfig                  0x00000b05   Thumb Code    28  dl_timer.o(.text.DL_Timer_setClockConfig)
    DL_UART_init                             0x00000b21   Thumb Code    72  dl_uart.o(.text.DL_UART_init)
    DL_UART_setClockConfig                   0x00000b69   Thumb Code    18  dl_uart.o(.text.DL_UART_setClockConfig)
    DL_UART_transmitDataBlocking             0x00000b7d   Thumb Code    20  dl_uart.o(.text.DL_UART_transmitDataBlocking)
    Encoder_Init                             0x00000b99   Thumb Code     8  encoder.o(.text.Encoder_Init)
    GROUP1_IRQHandler                        0x00000ba5   Thumb Code    84  encoder.o(.text.GROUP1_IRQHandler)
    IMU_Init                                 0x00000c05   Thumb Code    32  imu.o(.text.IMU_Init)
    SYSCFG_DL_ADC12_0_init                   0x00000c31   Thumb Code    84  ti_msp_dl_config.o(.text.SYSCFG_DL_ADC12_0_init)
    SYSCFG_DL_GPIO_init                      0x00000c9d   Thumb Code   116  ti_msp_dl_config.o(.text.SYSCFG_DL_GPIO_init)
    SYSCFG_DL_PWM_0_init                     0x00000d39   Thumb Code   120  ti_msp_dl_config.o(.text.SYSCFG_DL_PWM_0_init)
    SYSCFG_DL_PWM_1_init                     0x00000dc5   Thumb Code   120  ti_msp_dl_config.o(.text.SYSCFG_DL_PWM_1_init)
    SYSCFG_DL_SYSCTL_init                    0x00000e55   Thumb Code    80  ti_msp_dl_config.o(.text.SYSCFG_DL_SYSCTL_init)
    SYSCFG_DL_SYSTICK_init                   0x00000eb1   Thumb Code    36  ti_msp_dl_config.o(.text.SYSCFG_DL_SYSTICK_init)
    SYSCFG_DL_TIMER_1ms_init                 0x00000ee1   Thumb Code    36  ti_msp_dl_config.o(.text.SYSCFG_DL_TIMER_1ms_init)
    SYSCFG_DL_TIMER_1s_init                  0x00000f19   Thumb Code    36  ti_msp_dl_config.o(.text.SYSCFG_DL_TIMER_1s_init)
    SYSCFG_DL_UART_0_init                    0x00000f51   Thumb Code    92  ti_msp_dl_config.o(.text.SYSCFG_DL_UART_0_init)
    SYSCFG_DL_UART_1_init                    0x00000fc1   Thumb Code    92  ti_msp_dl_config.o(.text.SYSCFG_DL_UART_1_init)
    SYSCFG_DL_UART_2_init                    0x00001031   Thumb Code    80  ti_msp_dl_config.o(.text.SYSCFG_DL_UART_2_init)
    SYSCFG_DL_UART_3_init                    0x00001091   Thumb Code    80  ti_msp_dl_config.o(.text.SYSCFG_DL_UART_3_init)
    SYSCFG_DL_WWDT0_init                     0x000010f5   Thumb Code    16  ti_msp_dl_config.o(.text.SYSCFG_DL_WWDT0_init)
    SYSCFG_DL_init                           0x0000110d   Thumb Code    88  ti_msp_dl_config.o(.text.SYSCFG_DL_init)
    SYSCFG_DL_initPower                      0x00001179   Thumb Code   104  ti_msp_dl_config.o(.text.SYSCFG_DL_initPower)
    SysTick_Handler                          0x00001345   Thumb Code    16  empty.o(.text.SysTick_Handler)
    TIMA0_IRQHandler                         0x00001355   Thumb Code    48  empty.o(.text.TIMA0_IRQHandler)
    TIMA1_IRQHandler                         0x0000138d   Thumb Code    24  empty.o(.text.TIMA1_IRQHandler)
    TIM_Init                                 0x000013b1   Thumb Code    24  tim.o(.text.TIM_Init)
    UART0_IRQHandler                         0x000013cd   Thumb Code    32  uart.o(.text.UART0_IRQHandler)
    UART1_IRQHandler                         0x000013f1   Thumb Code    20  uart.o(.text.UART1_IRQHandler)
    UART_Init                                0x0000140d   Thumb Code    20  uart.o(.text.UART_Init)
    WitDelayMsRegister                       0x00001429   Thumb Code    20  wit_c_sdk.o(.text.WitDelayMsRegister)
    WitInit                                  0x00001441   Thumb Code    28  wit_c_sdk.o(.text.WitInit)
    WitRegisterCallBack                      0x00001461   Thumb Code    20  wit_c_sdk.o(.text.WitRegisterCallBack)
    WitSerialDataIn                          0x00001475   Thumb Code   436  wit_c_sdk.o(.text.WitSerialDataIn)
    WitSerialWriteRegister                   0x00001641   Thumb Code    20  wit_c_sdk.o(.text.WitSerialWriteRegister)
    delay_ms                                 0x000016d5   Thumb Code    12  empty.o(.text.delay_ms)
    fputc                                    0x000016e5   Thumb Code    16  uart.o(.text.fputc)
    key_proc                                 0x000016f9   Thumb Code    20  key.o(.text.key_proc)
    main                                     0x00001719   Thumb Code    26  empty.o(.text.main)
    uart_proc                                0x00001735   Thumb Code    52  uart.o(.text.uart_proc)
    __0printf                                0x00001781   Thumb Code    24  printfa.o(i.__0printf)
    __1printf                                0x00001781   Thumb Code     0  printfa.o(i.__0printf)
    __2printf                                0x00001781   Thumb Code     0  printfa.o(i.__0printf)
    __c89printf                              0x00001781   Thumb Code     0  printfa.o(i.__0printf)
    printf                                   0x00001781   Thumb Code     0  printfa.o(i.__0printf)
    __ARM_clz                                0x000017a1   Thumb Code    46  depilogue.o(i.__ARM_clz)
    __scatterload_copy                       0x000017d1   Thumb Code    14  handlers.o(i.__scatterload_copy)
    __scatterload_null                       0x000017e1   Thumb Code     2  handlers.o(i.__scatterload_null)
    __scatterload_zeroinit                   0x000017e9   Thumb Code    14  handlers.o(i.__scatterload_zeroinit)
    Region$$Table$$Base                      0x00002358   Number         0  anon$$obj.o(Region$$Table)
    Region$$Table$$Limit                     0x00002378   Number         0  anon$$obj.o(Region$$Table)
    __stdout                                 0x20200000   Data           4  stdout.o(.data)
    ENCVal                                   0x20200008   Data           4  encoder.o(.bss.ENCVal)
    Rx                                       0x2020000c   Data         100  uart.o(.bss.Rx)
    RxData                                   0x20200070   Data           1  uart.o(.bss.RxData)
    checkADC                                 0x20200071   Data           1  adc.o(.bss.checkADC)
    delay_times                              0x20200074   Data           4  empty.o(.bss.delay_times)
    gPWM_0Backup                             0x20200078   Data         160  ti_msp_dl_config.o(.bss.gPWM_0Backup)
    gPWM_1Backup                             0x20200118   Data         160  ti_msp_dl_config.o(.bss.gPWM_1Backup)
    gTIMER_1msBackup                         0x202001b8   Data         188  ti_msp_dl_config.o(.bss.gTIMER_1msBackup)
    gTIMER_1sBackup                          0x20200274   Data         188  ti_msp_dl_config.o(.bss.gTIMER_1sBackup)
    gUART_3Backup                            0x20200330   Data          48  ti_msp_dl_config.o(.bss.gUART_3Backup)
    imuTick                                  0x20200360   Data           4  empty.o(.bss.imuTick)
    k1                                       0x20200364   Data           1  key.o(.bss.k1)
    k1_last                                  0x20200365   Data           1  key.o(.bss.k1_last)
    rxpoint                                  0x20200374   Data           1  uart.o(.bss.rxpoint)
    sReg                                     0x20200376   Data         288  wit_c_sdk.o(.bss.sReg)
    second                                   0x202005a4   Data           4  empty.o(.bss.second)
    uartTick                                 0x202005a8   Data           4  empty.o(.bss.uartTick)
    uart_flag                                0x202005ac   Data           1  uart.o(.bss.uart_flag)
    __initial_sp                             0x202006b0   Data           0  startup_mspm0g350x_uvision.o(STACK)



==============================================================================

Memory Map of the image

  Image Entry point : 0x000000c1

  Load Region LR_IROM1 (Base: 0x00000000, Size: 0x00002380, Max: 0x00020000, ABSOLUTE)

    Execution Region ER_IROM1 (Exec base: 0x00000000, Load base: 0x00000000, Size: 0x00002378, Max: 0x00020000, ABSOLUTE)

    Exec Addr    Load Addr    Size         Type   Attr      Idx    E Section Name        Object

    0x00000000   0x00000000   0x000000c0   Data   RO           25    RESET               startup_mspm0g350x_uvision.o
    0x000000c0   0x000000c0   0x00000000   Code   RO          481  * .ARM.Collect$$$$00000000  mc_p.l(entry.o)
    0x000000c0   0x000000c0   0x00000004   Code   RO          773    .ARM.Collect$$$$00000001  mc_p.l(entry2.o)
    0x000000c4   0x000000c4   0x00000004   Code   RO          776    .ARM.Collect$$$$00000004  mc_p.l(entry5.o)
    0x000000c8   0x000000c8   0x00000000   Code   RO          778    .ARM.Collect$$$$00000008  mc_p.l(entry7b.o)
    0x000000c8   0x000000c8   0x00000000   Code   RO          780    .ARM.Collect$$$$0000000A  mc_p.l(entry8b.o)
    0x000000c8   0x000000c8   0x00000008   Code   RO          781    .ARM.Collect$$$$0000000B  mc_p.l(entry9a.o)
    0x000000d0   0x000000d0   0x00000000   Code   RO          783    .ARM.Collect$$$$0000000D  mc_p.l(entry10a.o)
    0x000000d0   0x000000d0   0x00000000   Code   RO          785    .ARM.Collect$$$$0000000F  mc_p.l(entry11a.o)
    0x000000d0   0x000000d0   0x00000004   Code   RO          774    .ARM.Collect$$$$00002712  mc_p.l(entry2.o)
    0x000000d4   0x000000d4   0x00000014   Code   RO           26    .text               startup_mspm0g350x_uvision.o
    0x000000e8   0x000000e8   0x00000024   Code   RO          490    .text               mc_p.l(memcpya.o)
    0x0000010c   0x0000010c   0x00000024   Code   RO          492    .text               mc_p.l(memseta.o)
    0x00000130   0x00000130   0x0000000e   Code   RO          494    .text               mc_p.l(strlen.o)
    0x0000013e   0x0000013e   0x00000002   PAD
    0x00000140   0x00000140   0x000000d0   Code   RO          761    .text               mf_p.l(dmul.o)
    0x00000210   0x00000210   0x000000f0   Code   RO          763    .text               mf_p.l(ddiv.o)
    0x00000300   0x00000300   0x0000003e   Code   RO          792    .text               mc_p.l(uidiv_div0.o)
    0x0000033e   0x0000033e   0x00000060   Code   RO          798    .text               mc_p.l(uldiv.o)
    0x0000039e   0x0000039e   0x00000000   Code   RO          800    .text               mc_p.l(iusefp.o)
    0x0000039e   0x0000039e   0x000000be   Code   RO          803    .text               mf_p.l(depilogue.o)
    0x0000045c   0x0000045c   0x00000164   Code   RO          807    .text               mf_p.l(dadd.o)
    0x000005c0   0x000005c0   0x00000040   Code   RO          809    .text               mf_p.l(dfixul.o)
    0x00000600   0x00000600   0x00000028   Code   RO          811    .text               mf_p.l(cdrcmple.o)
    0x00000628   0x00000628   0x00000030   Code   RO          813    .text               mc_p.l(init.o)
    0x00000658   0x00000658   0x00000020   Code   RO          815    .text               mc_p.l(llshl.o)
    0x00000678   0x00000678   0x00000022   Code   RO          817    .text               mc_p.l(llushr.o)
    0x0000069a   0x0000069a   0x00000026   Code   RO          819    .text               mc_p.l(llsshr.o)
    0x000006c0   0x000006c0   0x0000001c   Code   RO          163    .text.ADC0_IRQHandler  adc.o
    0x000006dc   0x000006dc   0x000000b4   Code   RO          183    .text.CopeWitData   wit_c_sdk.o
    0x00000790   0x00000790   0x00000040   Code   RO          288    .text.DL_ADC12_setClockConfig  driverlib.a(dl_adc12.o)
    0x000007d0   0x000007d0   0x0000000a   Code   RO          300    .text.DL_Common_delayCycles  driverlib.a(dl_common.o)
    0x000007da   0x000007da   0x00000002   PAD
    0x000007dc   0x000007dc   0x000000c4   Code   RO          450    .text.DL_SYSCTL_configSYSPLL  driverlib.a(dl_sysctl_mspm0g1x0x_g3x0x.o)
    0x000008a0   0x000008a0   0x00000028   Code   RO          458    .text.DL_SYSCTL_switchMCLKfromSYSOSCtoHSCLK  driverlib.a(dl_sysctl_mspm0g1x0x_g3x0x.o)
    0x000008c8   0x000008c8   0x00000108   Code   RO          389    .text.DL_Timer_initFourCCPWMMode  driverlib.a(dl_timer.o)
    0x000009d0   0x000009d0   0x000000f0   Code   RO          313    .text.DL_Timer_initTimerMode  driverlib.a(dl_timer.o)
    0x00000ac0   0x00000ac0   0x0000001c   Code   RO          355    .text.DL_Timer_setCaptCompUpdateMethod  driverlib.a(dl_timer.o)
    0x00000adc   0x00000adc   0x00000018   Code   RO          363    .text.DL_Timer_setCaptureCompareOutCtl  driverlib.a(dl_timer.o)
    0x00000af4   0x00000af4   0x00000010   Code   RO          315    .text.DL_Timer_setCaptureCompareValue  driverlib.a(dl_timer.o)
    0x00000b04   0x00000b04   0x0000001c   Code   RO          309    .text.DL_Timer_setClockConfig  driverlib.a(dl_timer.o)
    0x00000b20   0x00000b20   0x00000048   Code   RO          410    .text.DL_UART_init  driverlib.a(dl_uart.o)
    0x00000b68   0x00000b68   0x00000012   Code   RO          412    .text.DL_UART_setClockConfig  driverlib.a(dl_uart.o)
    0x00000b7a   0x00000b7a   0x00000002   PAD
    0x00000b7c   0x00000b7c   0x00000014   Code   RO          424    .text.DL_UART_transmitDataBlocking  driverlib.a(dl_uart.o)
    0x00000b90   0x00000b90   0x00000008   Code   RO          253    .text.Delayms       imu.o
    0x00000b98   0x00000b98   0x0000000c   Code   RO          276    .text.Encoder_Init  encoder.o
    0x00000ba4   0x00000ba4   0x00000060   Code   RO          278    .text.GROUP1_IRQHandler  encoder.o
    0x00000c04   0x00000c04   0x0000002c   Code   RO          247    .text.IMU_Init      imu.o
    0x00000c30   0x00000c30   0x0000006c   Code   RO           57    .text.SYSCFG_DL_ADC12_0_init  ti_msp_dl_config.o
    0x00000c9c   0x00000c9c   0x0000009c   Code   RO           37    .text.SYSCFG_DL_GPIO_init  ti_msp_dl_config.o
    0x00000d38   0x00000d38   0x0000008c   Code   RO           41    .text.SYSCFG_DL_PWM_0_init  ti_msp_dl_config.o
    0x00000dc4   0x00000dc4   0x00000090   Code   RO           43    .text.SYSCFG_DL_PWM_1_init  ti_msp_dl_config.o
    0x00000e54   0x00000e54   0x0000005c   Code   RO           39    .text.SYSCFG_DL_SYSCTL_init  ti_msp_dl_config.o
    0x00000eb0   0x00000eb0   0x00000030   Code   RO           59    .text.SYSCFG_DL_SYSTICK_init  ti_msp_dl_config.o
    0x00000ee0   0x00000ee0   0x00000038   Code   RO           45    .text.SYSCFG_DL_TIMER_1ms_init  ti_msp_dl_config.o
    0x00000f18   0x00000f18   0x00000038   Code   RO           47    .text.SYSCFG_DL_TIMER_1s_init  ti_msp_dl_config.o
    0x00000f50   0x00000f50   0x00000070   Code   RO           49    .text.SYSCFG_DL_UART_0_init  ti_msp_dl_config.o
    0x00000fc0   0x00000fc0   0x00000070   Code   RO           51    .text.SYSCFG_DL_UART_1_init  ti_msp_dl_config.o
    0x00001030   0x00001030   0x00000060   Code   RO           53    .text.SYSCFG_DL_UART_2_init  ti_msp_dl_config.o
    0x00001090   0x00001090   0x00000064   Code   RO           55    .text.SYSCFG_DL_UART_3_init  ti_msp_dl_config.o
    0x000010f4   0x000010f4   0x00000018   Code   RO           61    .text.SYSCFG_DL_WWDT0_init  ti_msp_dl_config.o
    0x0000110c   0x0000110c   0x0000006c   Code   RO           33    .text.SYSCFG_DL_init  ti_msp_dl_config.o
    0x00001178   0x00001178   0x000000a0   Code   RO           35    .text.SYSCFG_DL_initPower  ti_msp_dl_config.o
    0x00001218   0x00001218   0x000000d8   Code   RO          251    .text.SensorDataUpdata  imu.o
    0x000012f0   0x000012f0   0x00000054   Code   RO          249    .text.SensorUartSend  imu.o
    0x00001344   0x00001344   0x00000010   Code   RO            4    .text.SysTick_Handler  empty.o
    0x00001354   0x00001354   0x00000038   Code   RO            6    .text.TIMA0_IRQHandler  empty.o
    0x0000138c   0x0000138c   0x00000024   Code   RO            8    .text.TIMA1_IRQHandler  empty.o
    0x000013b0   0x000013b0   0x0000001c   Code   RO          122    .text.TIM_Init      tim.o
    0x000013cc   0x000013cc   0x00000024   Code   RO          137    .text.UART0_IRQHandler  uart.o
    0x000013f0   0x000013f0   0x0000001c   Code   RO          139    .text.UART1_IRQHandler  uart.o
    0x0000140c   0x0000140c   0x0000001c   Code   RO          135    .text.UART_Init     uart.o
    0x00001428   0x00001428   0x00000018   Code   RO          203    .text.WitDelayMsRegister  wit_c_sdk.o
    0x00001440   0x00001440   0x00000020   Code   RO          199    .text.WitInit       wit_c_sdk.o
    0x00001460   0x00001460   0x00000014   Code   RO          193    .text.WitRegisterCallBack  wit_c_sdk.o
    0x00001474   0x00001474   0x000001cc   Code   RO          181    .text.WitSerialDataIn  wit_c_sdk.o
    0x00001640   0x00001640   0x00000018   Code   RO          179    .text.WitSerialWriteRegister  wit_c_sdk.o
    0x00001658   0x00001658   0x0000007c   Code   RO          185    .text.__CRC16       wit_c_sdk.o
    0x000016d4   0x000016d4   0x00000010   Code   RO           10    .text.delay_ms      empty.o
    0x000016e4   0x000016e4   0x00000014   Code   RO          141    .text.fputc         uart.o
    0x000016f8   0x000016f8   0x00000020   Code   RO          112    .text.key_proc      key.o
    0x00001718   0x00001718   0x0000001a   Code   RO            2    .text.main          empty.o
    0x00001732   0x00001732   0x00000002   PAD
    0x00001734   0x00001734   0x0000004c   Code   RO          147    .text.uart_proc     uart.o
    0x00001780   0x00001780   0x00000020   Code   RO          731    i.__0printf         mc_p.l(printfa.o)
    0x000017a0   0x000017a0   0x0000002e   Code   RO          805    i.__ARM_clz         mf_p.l(depilogue.o)
    0x000017ce   0x000017ce   0x00000002   PAD
    0x000017d0   0x000017d0   0x0000000e   Code   RO          823    i.__scatterload_copy  mc_p.l(handlers.o)
    0x000017de   0x000017de   0x00000002   PAD
    0x000017e0   0x000017e0   0x00000002   Code   RO          824    i.__scatterload_null  mc_p.l(handlers.o)
    0x000017e2   0x000017e2   0x00000006   PAD
    0x000017e8   0x000017e8   0x0000000e   Code   RO          825    i.__scatterload_zeroinit  mc_p.l(handlers.o)
    0x000017f6   0x000017f6   0x00000002   PAD
    0x000017f8   0x000017f8   0x00000174   Code   RO          738    i._fp_digits        mc_p.l(printfa.o)
    0x0000196c   0x0000196c   0x000006ec   Code   RO          739    i._printf_core      mc_p.l(printfa.o)
    0x00002058   0x00002058   0x00000020   Code   RO          740    i._printf_post_padding  mc_p.l(printfa.o)
    0x00002078   0x00002078   0x0000002c   Code   RO          741    i._printf_pre_padding  mc_p.l(printfa.o)
    0x000020a4   0x000020a4   0x0000000a   Data   RO          267    .rodata..Lswitch.table.SensorDataUpdata  imu.o
    0x000020ae   0x000020ae   0x00000100   Data   RO          237    .rodata.__auchCRCHi  wit_c_sdk.o
    0x000021ae   0x000021ae   0x00000100   Data   RO          238    .rodata.__auchCRCLo  wit_c_sdk.o
    0x000022ae   0x000022ae   0x00000002   PAD
    0x000022b0   0x000022b0   0x00000008   Data   RO           89    .rodata.gADC12_0ClockConfig  ti_msp_dl_config.o
    0x000022b8   0x000022b8   0x00000003   Data   RO           73    .rodata.gPWM_0ClockConfig  ti_msp_dl_config.o
    0x000022bb   0x000022bb   0x00000001   PAD
    0x000022bc   0x000022bc   0x00000008   Data   RO           74    .rodata.gPWM_0Config  ti_msp_dl_config.o
    0x000022c4   0x000022c4   0x00000003   Data   RO           75    .rodata.gPWM_1ClockConfig  ti_msp_dl_config.o
    0x000022c7   0x000022c7   0x00000001   PAD
    0x000022c8   0x000022c8   0x00000008   Data   RO           76    .rodata.gPWM_1Config  ti_msp_dl_config.o
    0x000022d0   0x000022d0   0x00000028   Data   RO           72    .rodata.gSYSPLLConfig  ti_msp_dl_config.o
    0x000022f8   0x000022f8   0x00000003   Data   RO           77    .rodata.gTIMER_1msClockConfig  ti_msp_dl_config.o
    0x000022fb   0x000022fb   0x00000001   PAD
    0x000022fc   0x000022fc   0x00000014   Data   RO           78    .rodata.gTIMER_1msTimerConfig  ti_msp_dl_config.o
    0x00002310   0x00002310   0x00000003   Data   RO           79    .rodata.gTIMER_1sClockConfig  ti_msp_dl_config.o
    0x00002313   0x00002313   0x00000001   PAD
    0x00002314   0x00002314   0x00000014   Data   RO           80    .rodata.gTIMER_1sTimerConfig  ti_msp_dl_config.o
    0x00002328   0x00002328   0x00000002   Data   RO           81    .rodata.gUART_0ClockConfig  ti_msp_dl_config.o
    0x0000232a   0x0000232a   0x0000000a   Data   RO           82    .rodata.gUART_0Config  ti_msp_dl_config.o
    0x00002334   0x00002334   0x00000002   Data   RO           83    .rodata.gUART_1ClockConfig  ti_msp_dl_config.o
    0x00002336   0x00002336   0x0000000a   Data   RO           84    .rodata.gUART_1Config  ti_msp_dl_config.o
    0x00002340   0x00002340   0x00000002   Data   RO           85    .rodata.gUART_2ClockConfig  ti_msp_dl_config.o
    0x00002342   0x00002342   0x0000000a   Data   RO           86    .rodata.gUART_2Config  ti_msp_dl_config.o
    0x0000234c   0x0000234c   0x00000002   Data   RO           87    .rodata.gUART_3ClockConfig  ti_msp_dl_config.o
    0x0000234e   0x0000234e   0x0000000a   Data   RO           88    .rodata.gUART_3Config  ti_msp_dl_config.o
    0x00002358   0x00002358   0x00000020   Data   RO          822    Region$$Table       anon$$obj.o


    Execution Region RW_IRAM2 (Exec base: 0x20200000, Load base: 0x00002378, Size: 0x000006b0, Max: 0x00008000, ABSOLUTE)

    Exec Addr    Load Addr    Size         Type   Attr      Idx    E Section Name        Object

    0x20200000   0x00002378   0x00000004   Data   RW          787    .data               mc_p.l(stdout.o)
    0x20200004   0x0000237c   0x00000001   Data   RW          235    .data.s_ucAddr      wit_c_sdk.o
    0x20200005   0x0000237d   0x00000003   PAD
    0x20200008        -       0x00000004   Zero   RW          280    .bss.ENCVal         encoder.o
    0x2020000c        -       0x00000064   Zero   RW          150    .bss.Rx             uart.o
    0x20200070        -       0x00000001   Zero   RW          149    .bss.RxData         uart.o
    0x20200071        -       0x00000001   Zero   RW          167    .bss.checkADC       adc.o
    0x20200072   0x0000237d   0x00000002   PAD
    0x20200074        -       0x00000004   Zero   RW           12    .bss.delay_times    empty.o
    0x20200078        -       0x000000a0   Zero   RW           67    .bss.gPWM_0Backup   ti_msp_dl_config.o
    0x20200118        -       0x000000a0   Zero   RW           68    .bss.gPWM_1Backup   ti_msp_dl_config.o
    0x202001b8        -       0x000000bc   Zero   RW           69    .bss.gTIMER_1msBackup  ti_msp_dl_config.o
    0x20200274        -       0x000000bc   Zero   RW           70    .bss.gTIMER_1sBackup  ti_msp_dl_config.o
    0x20200330        -       0x00000030   Zero   RW           71    .bss.gUART_3Backup  ti_msp_dl_config.o
    0x20200360        -       0x00000004   Zero   RW           15    .bss.imuTick        empty.o
    0x20200364        -       0x00000001   Zero   RW          114    .bss.k1             key.o
    0x20200365        -       0x00000001   Zero   RW          115    .bss.k1_last        key.o
    0x20200366   0x0000237d   0x00000002   PAD
    0x20200368        -       0x00000004   Zero   RW          236    .bss.p_WitDelaymsFunc  wit_c_sdk.o
    0x2020036c        -       0x00000004   Zero   RW          226    .bss.p_WitRegUpdateCbFunc  wit_c_sdk.o
    0x20200370        -       0x00000004   Zero   RW          225    .bss.p_WitSerialWriteFunc  wit_c_sdk.o
    0x20200374        -       0x00000001   Zero   RW          151    .bss.rxpoint        uart.o
    0x20200375   0x0000237d   0x00000001   PAD
    0x20200376        -       0x00000120   Zero   RW          230    .bss.sReg           wit_c_sdk.o
    0x20200496        -       0x00000001   Zero   RW          260    .bss.s_cDataUpdate  imu.o
    0x20200497   0x0000237d   0x00000001   PAD
    0x20200498        -       0x00000100   Zero   RW          227    .bss.s_ucWitDataBuff  wit_c_sdk.o
    0x20200598        -       0x00000004   Zero   RW          229    .bss.s_uiProtoclo   wit_c_sdk.o
    0x2020059c        -       0x00000004   Zero   RW          231    .bss.s_uiReadRegIndex  wit_c_sdk.o
    0x202005a0        -       0x00000004   Zero   RW          228    .bss.s_uiWitDataCnt  wit_c_sdk.o
    0x202005a4        -       0x00000004   Zero   RW           13    .bss.second         empty.o
    0x202005a8        -       0x00000004   Zero   RW           14    .bss.uartTick       empty.o
    0x202005ac        -       0x00000001   Zero   RW          152    .bss.uart_flag      uart.o
    0x202005ad   0x0000237d   0x00000003   PAD
    0x202005b0        -       0x00000100   Zero   RW           23    STACK               startup_mspm0g350x_uvision.o



  Load Region LR_BCR (Base: 0x41c00000, Size: 0x00000000, Max: 0x00000100, ABSOLUTE)

    Execution Region BCR_CONFIG (Exec base: 0x41c00000, Load base: 0x41c00000, Size: 0x00000000, Max: 0x000000ff, ABSOLUTE)

    **** No section assigned to this execution region ****



  Load Region LR_BSL (Base: 0x41c00100, Size: 0x00000000, Max: 0x00000100, ABSOLUTE)

    Execution Region BSL_CONFIG (Exec base: 0x41c00100, Load base: 0x41c00100, Size: 0x00000000, Max: 0x00000080, ABSOLUTE)

    **** No section assigned to this execution region ****


==============================================================================

Image component sizes


      Code (inc. data)   RO Data    RW Data    ZI Data      Debug   Object Name

        28          8          0          0          1       5885   adc.o
       150         24          0          0         16       4676   empty.o
       108         16          0          0          4       6059   encoder.o
       352         24         10          0          1       5024   imu.o
        32         12          0          0          2       3432   key.o
        20          4        192          0        256        600   startup_mspm0g350x_uvision.o
      1512        332        164          0        744      37718   ti_msp_dl_config.o
        28          4          0          0          0       5030   tim.o
       188         48          0          0        103       6186   uart.o
       864         72        512          1        568      12059   wit_c_sdk.o

    ----------------------------------------------------------------------
      3284        544        916          4       1704      86669   Object Totals
         0          0         32          0          0          0   (incl. Generated)
         2          0          6          3          9          0   (incl. Padding)

    ----------------------------------------------------------------------

      Code (inc. data)   RO Data    RW Data    ZI Data      Debug   Library Member Name

        64          8          0          0          0       4722   dl_adc12.o
        10          0          0          0          0        803   dl_common.o
       236         24          0          0          0      12876   dl_sysctl_mspm0g1x0x_g3x0x.o
       600        192          0          0          0      41556   dl_timer.o
       110         12          0          0          0      14163   dl_uart.o
         0          0          0          0          0          0   entry.o
         0          0          0          0          0          0   entry10a.o
         0          0          0          0          0          0   entry11a.o
         8          4          0          0          0          0   entry2.o
         4          0          0          0          0          0   entry5.o
         0          0          0          0          0          0   entry7b.o
         0          0          0          0          0          0   entry8b.o
         8          4          0          0          0          0   entry9a.o
        30          0          0          0          0          0   handlers.o
        48         10          0          0          0         68   init.o
         0          0          0          0          0          0   iusefp.o
        32          0          0          0          0         68   llshl.o
        38          0          0          0          0         68   llsshr.o
        34          0          0          0          0         68   llushr.o
        36          0          0          0          0         60   memcpya.o
        36          0          0          0          0        100   memseta.o
      2252         98          0          0          0        412   printfa.o
         0          0          0          4          0          0   stdout.o
        14          0          0          0          0         60   strlen.o
        62          0          0          0          0         72   uidiv_div0.o
        96          0          0          0          0         84   uldiv.o
        40          2          0          0          0         68   cdrcmple.o
       356          4          0          0          0        140   dadd.o
       240          6          0          0          0         84   ddiv.o
       236          0          0          0          0        216   depilogue.o
        64         10          0          0          0         68   dfixul.o
       208          6          0          0          0         88   dmul.o

    ----------------------------------------------------------------------
      4880        380          0          4          0      75844   Library Totals
        18          0          0          0          0          0   (incl. Padding)

    ----------------------------------------------------------------------

      Code (inc. data)   RO Data    RW Data    ZI Data      Debug   Library Name

      1020        236          0          0          0      74120   driverlib.a
      2698        116          0          4          0       1060   mc_p.l
      1144         28          0          0          0        664   mf_p.l

    ----------------------------------------------------------------------
      4880        380          0          4          0      75844   Library Totals

    ----------------------------------------------------------------------

==============================================================================


      Code (inc. data)   RO Data    RW Data    ZI Data      Debug   

      8164        924        916          8       1704     161605   Grand Totals
      8164        924        916          8       1704     161605   ELF Image Totals
      8164        924        916          8          0          0   ROM Totals

==============================================================================

    Total RO  Size (Code + RO Data)                 9080 (   8.87kB)
    Total RW  Size (RW Data + ZI Data)              1712 (   1.67kB)
    Total ROM Size (Code + RO Data + RW Data)       9088 (   8.88kB)

==============================================================================

